../Core/Src/freertos.c:208:20:setUserLEDOne	16	static
../Core/Src/freertos.c:213:20:setUserLEDTwo	16	static
../Core/Src/freertos.c:218:24:micros	8	static
../Core/Src/freertos.c:224:13:spi2_deselect_all	8	static
../Core/Src/freertos.c:230:13:spi_dev_select	16	static
../Core/Src/freertos.c:236:13:spi_dev_deselect	16	static
../Core/Src/freertos.c:241:16:BSP_SPI2_Init	8	static
../Core/Src/freertos.c:247:16:BSP_SPI2_DeInit	8	static
../Core/Src/freertos.c:253:16:spi_bus_read_reg	104	static
../Core/Src/freertos.c:278:16:spi_bus_write_reg	56	static
../Core/Src/freertos.c:301:16:IMU_SPI2_ReadReg	24	static
../Core/Src/freertos.c:307:16:IMU_SPI2_WriteReg	24	static
../Core/Src/freertos.c:314:16:BARO_SPI2_ReadReg	24	static
../Core/Src/freertos.c:320:16:BARO_SPI2_WriteReg	24	static
../Core/Src/freertos.c:326:26:vl53l0x_read_u8	32	static
../Core/Src/freertos.c:337:13:vl53l0x_setup_device_struct	8	static
../Core/Src/freertos.c:347:16:MX_LSM6DSR_Init	48	static
../Core/Src/freertos.c:388:16:MX_LSM6DSR_FIFO_Test_Init	8	static
../Core/Src/freertos.c:406:16:MX_LPS22HH_Init	48	static
../Core/Src/freertos.c:445:22:vl53l0x_api_init_device	24	static
../Core/Src/freertos.c:488:13:preprocess_imu_sample	16	static
../Core/Src/freertos.c:509:14:pressure_to_altitude_m	16	static
../Core/Src/freertos.c:519:13:preprocess_baro_sample	16	static
../Core/Src/freertos.c:527:13:preprocess_tof_sample	16	static
../Core/Src/freertos.c:534:13:imu_uart_send_raw_line	240	static
../Core/Src/freertos.c:553:13:imu_uart_send_processed_line	272	static
../Core/Src/freertos.c:572:13:baro_uart_send_processed_line	192	static
../Core/Src/freertos.c:588:13:debug_output_send_current_mode	24	static
../Core/Src/freertos.c:616:13:imu_stats_send_line	200	static
../Core/Src/freertos.c:634:13:baro_overrun_send_line	152	static
../Core/Src/freertos.c:650:13:imu_fifo_send_line	168	static
../Core/Src/freertos.c:668:13:vl53l0x_uart_send_line	16	static
../Core/Src/freertos.c:673:13:tof_uart_send_processed_line	176	static
../Core/Src/freertos.c:690:13:vl53l0x_basic_i2c_test	144	static
../Core/Src/freertos.c:760:13:vl53l0x_api_init_test	144	static
../Core/Src/freertos.c:782:13:vl53l0x_single_range_test	208	static
../Core/Src/freertos.c:815:13:vl53l0x_acquire_one_sample	40	static
../Core/Src/freertos.c:895:6:vApplicationStackOverflowHook	16	static,ignoring_inline_asm
../Core/Src/freertos.c:905:13:calibrate_gyro_bias	112	static
../Core/Src/freertos.c:944:13:check_baro_overrun_flags	16	static
../Core/Src/freertos.c:964:13:check_imu_fifo_status	16	static
../Core/Src/freertos.c:990:13:drain_imu_fifo_once	24	static
../Core/Src/freertos.c:1030:6:applicationInit	8	static
../Core/Src/freertos.c:1057:6:ledHeartbeatTask	16	static
../Core/Src/freertos.c:1070:6:uartCommTask	16	static
../Core/Src/freertos.c:1114:6:IMUAcquisitionTask	56	static
../Core/Src/freertos.c:1215:6:flightControlTask	16	static
