../Core/Src/freertos.c:84:20:setUserLEDOne	16	static
../Core/Src/freertos.c:94:13:spi2_deselect_all	8	static
../Core/Src/freertos.c:100:13:spi_dev_select	16	static
../Core/Src/freertos.c:106:13:spi_dev_deselect	16	static
../Core/Src/freertos.c:111:16:BSP_SPI2_Init	8	static
../Core/Src/freertos.c:117:16:BSP_SPI2_DeInit	8	static
../Core/Src/freertos.c:123:16:spi_bus_read_reg	104	static
../Core/Src/freertos.c:149:16:spi_bus_write_reg	56	static
../Core/Src/freertos.c:173:16:IMU_SPI2_ReadReg	24	static
../Core/Src/freertos.c:180:16:IMU_SPI2_WriteReg	24	static
../Core/Src/freertos.c:188:16:BARO_SPI2_ReadReg	24	static
../Core/Src/freertos.c:195:16:BARO_SPI2_WriteReg	24	static
../Core/Src/freertos.c:205:16:MX_LSM6DSR_Init	48	static
../Core/Src/freertos.c:260:16:MX_LPS22HH_Init	48	static
../Core/Src/freertos.c:312:13:imu_uart_send_raw_line	240	static
../Core/Src/freertos.c:328:13:imu_uart_send_integrated_line	240	static
../Core/Src/freertos.c:345:13:imu_uart_send_displacement_line	160	static
../Core/Src/freertos.c:359:13:baro_uart_send_line	144	static
../Core/Src/freertos.c:427:6:vApplicationStackOverflowHook	16	static,ignoring_inline_asm
../Core/Src/freertos.c:448:6:applicationInit	16	static
../Core/Src/freertos.c:476:6:ledHeartbeatTask	16	static
../Core/Src/freertos.c:491:6:uartCommTask	16	static
../Core/Src/freertos.c:516:6:IMUAcquisitionTask	56	static
../Core/Src/freertos.c:609:6:flightControlTask	16	static
../Core/Src/freertos.c:630:7:bluetoothControlTask	24	static
