../Core/Src/freertos.c:87:20:setUserLEDOne	16	static
../Core/Src/freertos.c:92:20:setUserLEDTwo	16	static
../Core/Src/freertos.c:97:13:spi2_deselect_all	8	static
../Core/Src/freertos.c:103:13:spi_dev_select	16	static
../Core/Src/freertos.c:109:13:spi_dev_deselect	16	static
../Core/Src/freertos.c:114:16:BSP_SPI2_Init	8	static
../Core/Src/freertos.c:120:16:BSP_SPI2_DeInit	8	static
../Core/Src/freertos.c:126:16:spi_bus_read_reg	104	static
../Core/Src/freertos.c:152:16:spi_bus_write_reg	56	static
../Core/Src/freertos.c:176:16:IMU_SPI2_ReadReg	24	static
../Core/Src/freertos.c:183:16:IMU_SPI2_WriteReg	24	static
../Core/Src/freertos.c:191:16:BARO_SPI2_ReadReg	24	static
../Core/Src/freertos.c:198:16:BARO_SPI2_WriteReg	24	static
../Core/Src/freertos.c:208:16:MX_LSM6DSR_Init	48	static
../Core/Src/freertos.c:263:16:MX_LPS22HH_Init	48	static
../Core/Src/freertos.c:315:13:imu_uart_send_raw_line	240	static
../Core/Src/freertos.c:331:13:imu_uart_send_integrated_line	240	static
../Core/Src/freertos.c:348:13:imu_uart_send_displacement_line	160	static
../Core/Src/freertos.c:362:13:baro_uart_send_line	144	static
../Core/Src/freertos.c:430:6:vApplicationStackOverflowHook	16	static,ignoring_inline_asm
../Core/Src/freertos.c:451:6:applicationInit	16	static
../Core/Src/freertos.c:479:6:ledHeartbeatTask	16	static
../Core/Src/freertos.c:494:6:uartCommTask	16	static
../Core/Src/freertos.c:519:6:IMUAcquisitionTask	56	static
../Core/Src/freertos.c:612:6:flightControlTask	16	static
../Core/Src/freertos.c:633:7:bluetoothControlTask	24	static
