../Core/Src/freertos.c:40:20:setUserLEDOne	16	static
../Core/Src/freertos.c:69:13:spi2_deselect_all	8	static
../Core/Src/freertos.c:75:13:spi_dev_select	16	static
../Core/Src/freertos.c:81:13:spi_dev_deselect	16	static
../Core/Src/freertos.c:86:16:BSP_SPI2_Init	8	static
../Core/Src/freertos.c:92:16:BSP_SPI2_DeInit	8	static
../Core/Src/freertos.c:98:16:spi_bus_read_reg	104	static
../Core/Src/freertos.c:124:16:spi_bus_write_reg	56	static
../Core/Src/freertos.c:148:16:IMU_SPI2_ReadReg	24	static
../Core/Src/freertos.c:155:16:IMU_SPI2_WriteReg	24	static
../Core/Src/freertos.c:163:16:BARO_SPI2_ReadReg	24	static
../Core/Src/freertos.c:170:16:BARO_SPI2_WriteReg	24	static
../Core/Src/freertos.c:180:16:MX_LSM6DSR_Init	48	static
../Core/Src/freertos.c:235:16:MX_LPS22HH_Init	48	static
../Core/Src/freertos.c:280:13:imu_uart_send_line	256	static
../Core/Src/freertos.c:296:13:baro_uart_send_line	144	static
../Core/Src/freertos.c:359:6:applicationInit	16	static
../Core/Src/freertos.c:380:6:ledHeartbeatTask	8	static
../Core/Src/freertos.c:393:6:uartCommTask	8	static
../Core/Src/freertos.c:406:6:IMUAcquisitionTask	48	static
../Core/Src/freertos.c:465:6:flightControlTask	8	static
../Core/Src/freertos.c:473:6:vApplicationStackOverflowHook	16	static,ignoring_inline_asm
