../Core/Src/freertos.c:39:20:setUserLEDOne	16	static
../Core/Src/freertos.c:49:13:IMU_CS_Low	8	static
../Core/Src/freertos.c:54:13:IMU_CS_High	8	static
../Core/Src/freertos.c:59:16:BSP_SPI2_Init	8	static
../Core/Src/freertos.c:65:16:BSP_SPI2_DeInit	8	static
../Core/Src/freertos.c:71:16:BSP_GetTick	8	static
../Core/Src/freertos.c:76:16:BSP_SPI2_ReadReg	96	static
../Core/Src/freertos.c:105:16:BSP_SPI2_WriteReg	56	static
../Core/Src/freertos.c:130:16:MX_LSM6DSR_Init	48	static
../Core/Src/freertos.c:181:13:imu_uart_send_line	256	static
../Core/Src/freertos.c:245:6:applicationInit	16	static
../Core/Src/freertos.c:265:6:ledHeartbeatTask	8	static
../Core/Src/freertos.c:278:6:uartCommTask	8	static
../Core/Src/freertos.c:291:6:IMUAcquisitionTask	40	static
../Core/Src/freertos.c:326:6:flightControlTask	8	static
../Core/Src/freertos.c:334:6:vApplicationStackOverflowHook	16	static,ignoring_inline_asm
