../Core/Src/lps22hh_reg.c:48:16:lps22hh_read_reg	40	static
../Core/Src/lps22hh_reg.c:74:16:lps22hh_write_reg	40	static
../Core/Src/lps22hh_reg.c:101:9:lps22hh_from_lsb_to_hpa	16	static
../Core/Src/lps22hh_reg.c:106:9:lps22hh_from_lsb_to_celsius	16	static
../Core/Src/lps22hh_reg.c:132:9:lps22hh_autozero_rst_set	24	static
../Core/Src/lps22hh_reg.c:156:9:lps22hh_autozero_rst_get	24	static
../Core/Src/lps22hh_reg.c:175:9:lps22hh_autozero_set	24	static
../Core/Src/lps22hh_reg.c:199:9:lps22hh_autozero_get	24	static
../Core/Src/lps22hh_reg.c:218:9:lps22hh_pressure_snap_rst_set	24	static
../Core/Src/lps22hh_reg.c:242:9:lps22hh_pressure_snap_rst_get	24	static
../Core/Src/lps22hh_reg.c:261:9:lps22hh_pressure_snap_set	24	static
../Core/Src/lps22hh_reg.c:285:9:lps22hh_pressure_snap_get	24	static
../Core/Src/lps22hh_reg.c:304:9:lps22hh_block_data_update_set	24	static
../Core/Src/lps22hh_reg.c:328:9:lps22hh_block_data_update_get	24	static
../Core/Src/lps22hh_reg.c:347:9:lps22hh_data_rate_set	32	static
../Core/Src/lps22hh_reg.c:384:9:lps22hh_data_rate_get	32	static
../Core/Src/lps22hh_reg.c:479:9:lps22hh_pressure_ref_set	24	static
../Core/Src/lps22hh_reg.c:502:9:lps22hh_pressure_ref_get	24	static
../Core/Src/lps22hh_reg.c:524:9:lps22hh_pressure_offset_set	24	static
../Core/Src/lps22hh_reg.c:547:9:lps22hh_pressure_offset_get	24	static
../Core/Src/lps22hh_reg.c:567:9:lps22hh_all_sources_get	24	static
../Core/Src/lps22hh_reg.c:598:9:lps22hh_status_reg_get	24	static
../Core/Src/lps22hh_reg.c:616:9:lps22hh_press_flag_data_ready_get	24	static
../Core/Src/lps22hh_reg.c:636:9:lps22hh_temp_flag_data_ready_get	24	static
../Core/Src/lps22hh_reg.c:668:9:lps22hh_pressure_raw_get	24	static
../Core/Src/lps22hh_reg.c:690:9:lps22hh_temperature_raw_get	24	static
../Core/Src/lps22hh_reg.c:710:9:lps22hh_fifo_pressure_raw_get	24	static
../Core/Src/lps22hh_reg.c:733:9:lps22hh_fifo_temperature_raw_get	24	static
../Core/Src/lps22hh_reg.c:766:9:lps22hh_device_id_get	24	static
../Core/Src/lps22hh_reg.c:784:9:lps22hh_reset_set	24	static
../Core/Src/lps22hh_reg.c:809:9:lps22hh_reset_get	24	static
../Core/Src/lps22hh_reg.c:830:9:lps22hh_auto_increment_set	24	static
../Core/Src/lps22hh_reg.c:856:9:lps22hh_auto_increment_get	24	static
../Core/Src/lps22hh_reg.c:876:9:lps22hh_boot_set	24	static
../Core/Src/lps22hh_reg.c:901:9:lps22hh_boot_get	24	static
../Core/Src/lps22hh_reg.c:933:9:lps22hh_lp_bandwidth_set	24	static
../Core/Src/lps22hh_reg.c:958:9:lps22hh_lp_bandwidth_get	24	static
../Core/Src/lps22hh_reg.c:1009:9:lps22hh_i2c_interface_set	24	static
../Core/Src/lps22hh_reg.c:1034:9:lps22hh_i2c_interface_get	24	static
../Core/Src/lps22hh_reg.c:1068:9:lps22hh_i3c_interface_set	24	static
../Core/Src/lps22hh_reg.c:1094:9:lps22hh_i3c_interface_get	24	static
../Core/Src/lps22hh_reg.c:1132:9:lps22hh_sdo_sa0_mode_set	24	static
../Core/Src/lps22hh_reg.c:1157:9:lps22hh_sdo_sa0_mode_get	24	static
../Core/Src/lps22hh_reg.c:1191:9:lps22hh_sda_mode_set	24	static
../Core/Src/lps22hh_reg.c:1215:9:lps22hh_sda_mode_get	24	static
../Core/Src/lps22hh_reg.c:1248:9:lps22hh_spi_mode_set	24	static
../Core/Src/lps22hh_reg.c:1272:9:lps22hh_spi_mode_get	24	static
../Core/Src/lps22hh_reg.c:1318:9:lps22hh_int_notification_set	24	static
../Core/Src/lps22hh_reg.c:1343:9:lps22hh_int_notification_get	24	static
../Core/Src/lps22hh_reg.c:1377:9:lps22hh_pin_mode_set	24	static
../Core/Src/lps22hh_reg.c:1401:9:lps22hh_pin_mode_get	24	static
../Core/Src/lps22hh_reg.c:1434:9:lps22hh_pin_polarity_set	24	static
../Core/Src/lps22hh_reg.c:1459:9:lps22hh_pin_polarity_get	24	static
../Core/Src/lps22hh_reg.c:1493:9:lps22hh_pin_int_route_set	24	static
../Core/Src/lps22hh_reg.c:1520:9:lps22hh_pin_int_route_get	24	static
../Core/Src/lps22hh_reg.c:1557:9:lps22hh_int_on_threshold_set	24	static
../Core/Src/lps22hh_reg.c:1593:9:lps22hh_int_on_threshold_get	24	static
../Core/Src/lps22hh_reg.c:1635:9:lps22hh_int_threshold_set	32	static
../Core/Src/lps22hh_reg.c:1663:9:lps22hh_int_threshold_get	32	static
../Core/Src/lps22hh_reg.c:1703:9:lps22hh_fifo_mode_set	24	static
../Core/Src/lps22hh_reg.c:1727:9:lps22hh_fifo_mode_get	24	static
../Core/Src/lps22hh_reg.c:1782:9:lps22hh_fifo_stop_on_wtm_set	24	static
../Core/Src/lps22hh_reg.c:1807:9:lps22hh_fifo_stop_on_wtm_get	24	static
../Core/Src/lps22hh_reg.c:1826:9:lps22hh_fifo_watermark_set	24	static
../Core/Src/lps22hh_reg.c:1850:9:lps22hh_fifo_watermark_get	24	static
../Core/Src/lps22hh_reg.c:1869:9:lps22hh_fifo_data_level_get	24	static
../Core/Src/lps22hh_reg.c:1886:9:lps22hh_fifo_src_get	24	static
../Core/Src/lps22hh_reg.c:1904:9:lps22hh_fifo_full_flag_get	24	static
../Core/Src/lps22hh_reg.c:1923:9:lps22hh_fifo_ovr_flag_get	24	static
../Core/Src/lps22hh_reg.c:1942:9:lps22hh_fifo_wtm_flag_get	24	static
