../Core/Src/main.c:88:5:__io_putchar	1
../Core/Src/main.c:93:5:main	1
../Core/Src/main.c:181:6:SystemClock_Config	3
../Core/Src/main.c:227:13:MX_SPI2_Init	2
../Core/Src/main.c:265:13:MX_USART1_UART_Init	2
../Core/Src/main.c:298:13:MX_GPIO_Init	1
../Core/Src/main.c:334:6:MX_PA8_CS_Init	1
../Core/Src/main.c:354:6:MX_PC13_CS_Init	1
../Core/Src/main.c:373:6:MX_PB4_5_LED_Init	1
../Core/Src/main.c:408:6:StartDefaultTask	1
../Core/Src/main.c:429:6:HAL_TIM_PeriodElapsedCallback	2
../Core/Src/main.c:446:6:Error_Handler	1
