../Core/Src/sensor_manager.c:59:17:micros	8	static
../Core/Src/sensor_manager.c:65:13:spi2_deselect_all	8	static
../Core/Src/sensor_manager.c:71:13:spi_dev_select	16	static
../Core/Src/sensor_manager.c:77:13:spi_dev_deselect	16	static
../Core/Src/sensor_manager.c:82:16:BSP_SPI2_Init	8	static
../Core/Src/sensor_manager.c:88:16:BSP_SPI2_DeInit	8	static
../Core/Src/sensor_manager.c:94:16:spi_bus_read_reg	104	static
../Core/Src/sensor_manager.c:119:16:spi_bus_write_reg	56	static
../Core/Src/sensor_manager.c:141:16:IMU_SPI2_ReadReg	24	static
../Core/Src/sensor_manager.c:147:16:IMU_SPI2_WriteReg	24	static
../Core/Src/sensor_manager.c:153:16:BARO_SPI2_ReadReg	24	static
../Core/Src/sensor_manager.c:159:16:BARO_SPI2_WriteReg	24	static
../Core/Src/sensor_manager.c:165:26:vl53l0x_read_u8	32	static
../Core/Src/sensor_manager.c:176:13:vl53l0x_setup_device_struct	8	static
../Core/Src/sensor_manager.c:184:16:MX_LSM6DSR_Init	48	static
../Core/Src/sensor_manager.c:225:16:MX_LSM6DSR_FIFO_Test_Init	8	static
../Core/Src/sensor_manager.c:242:16:MX_LPS22HH_Init	48	static
../Core/Src/sensor_manager.c:281:22:vl53l0x_api_init_device	24	static
../Core/Src/sensor_manager.c:324:13:preprocess_imu_sample	24	static
../Core/Src/sensor_manager.c:350:14:pressure_to_altitude_m	16	static
../Core/Src/sensor_manager.c:360:13:preprocess_baro_sample	16	static
../Core/Src/sensor_manager.c:368:13:preprocess_tof_sample	16	static
../Core/Src/sensor_manager.c:376:13:imu_uart_send_raw_line	240	static
../Core/Src/sensor_manager.c:395:13:imu_uart_send_processed_line	272	static
../Core/Src/sensor_manager.c:414:13:baro_uart_send_processed_line	192	static
../Core/Src/sensor_manager.c:430:13:imu_stats_send_line	200	static
../Core/Src/sensor_manager.c:448:13:baro_overrun_send_line	152	static
../Core/Src/sensor_manager.c:464:13:imu_fifo_send_line	168	static
../Core/Src/sensor_manager.c:481:13:debug_output_send_current_mode	24	static
../Core/Src/sensor_manager.c:509:13:vl53l0x_uart_send_line	16	static
../Core/Src/sensor_manager.c:514:13:tof_uart_send_processed_line	176	static
../Core/Src/sensor_manager.c:531:13:vl53l0x_basic_i2c_test	144	static
../Core/Src/sensor_manager.c:601:13:vl53l0x_api_init_test	144	static
../Core/Src/sensor_manager.c:623:13:vl53l0x_single_range_test	208	static
../Core/Src/sensor_manager.c:656:13:vl53l0x_acquire_one_sample	40	static
../Core/Src/sensor_manager.c:683:13:calibrate_gyro_bias	112	static
../Core/Src/sensor_manager.c:720:13:check_baro_overrun_flags	16	static
../Core/Src/sensor_manager.c:740:13:check_imu_fifo_status	16	static
../Core/Src/sensor_manager.c:766:13:drain_imu_fifo_once	24	static
../Core/Src/sensor_manager.c:802:9:SensorManager_Init	8	static
../Core/Src/sensor_manager.c:819:6:SensorManager_RunOnce	48	static
