Archive member included to satisfy reference by file (symbol)

C:/ST/STM32CubeIDE_1.14.0/STM32CubeIDE/plugins/com.st.stm32cube.ide.mcu.externaltools.gnu-tools-for-stm32.12.3.rel1.win32_1.1.0.202410251130/tools/bin/../lib/gcc/arm-none-eabi/12.3.1/../../../../arm-none-eabi/lib/thumb/v7e-m+fp/hard\libc_nano.a(libc_a-exit.o)
                              C:/ST/STM32CubeIDE_1.14.0/STM32CubeIDE/plugins/com.st.stm32cube.ide.mcu.externaltools.gnu-tools-for-stm32.12.3.rel1.win32_1.1.0.202410251130/tools/bin/../lib/gcc/arm-none-eabi/12.3.1/../../../../arm-none-eabi/lib/thumb/v7e-m+fp/hard/crt0.o (exit)
C:/ST/STM32CubeIDE_1.14.0/STM32CubeIDE/plugins/com.st.stm32cube.ide.mcu.externaltools.gnu-tools-for-stm32.12.3.rel1.win32_1.1.0.202410251130/tools/bin/../lib/gcc/arm-none-eabi/12.3.1/../../../../arm-none-eabi/lib/thumb/v7e-m+fp/hard\libc_nano.a(libc_a-findfp.o)
                              C:/ST/STM32CubeIDE_1.14.0/STM32CubeIDE/plugins/com.st.stm32cube.ide.mcu.externaltools.gnu-tools-for-stm32.12.3.rel1.win32_1.1.0.202410251130/tools/bin/../lib/gcc/arm-none-eabi/12.3.1/../../../../arm-none-eabi/lib/thumb/v7e-m+fp/hard\libc_nano.a(libc_a-exit.o) (__stdio_exit_handler)
C:/ST/STM32CubeIDE_1.14.0/STM32CubeIDE/plugins/com.st.stm32cube.ide.mcu.externaltools.gnu-tools-for-stm32.12.3.rel1.win32_1.1.0.202410251130/tools/bin/../lib/gcc/arm-none-eabi/12.3.1/../../../../arm-none-eabi/lib/thumb/v7e-m+fp/hard\libc_nano.a(libc_a-fwalk.o)
                              C:/ST/STM32CubeIDE_1.14.0/STM32CubeIDE/plugins/com.st.stm32cube.ide.mcu.externaltools.gnu-tools-for-stm32.12.3.rel1.win32_1.1.0.202410251130/tools/bin/../lib/gcc/arm-none-eabi/12.3.1/../../../../arm-none-eabi/lib/thumb/v7e-m+fp/hard\libc_nano.a(libc_a-findfp.o) (_fwalk_sglue)
C:/ST/STM32CubeIDE_1.14.0/STM32CubeIDE/plugins/com.st.stm32cube.ide.mcu.externaltools.gnu-tools-for-stm32.12.3.rel1.win32_1.1.0.202410251130/tools/bin/../lib/gcc/arm-none-eabi/12.3.1/../../../../arm-none-eabi/lib/thumb/v7e-m+fp/hard\libc_nano.a(libc_a-stdio.o)
                              C:/ST/STM32CubeIDE_1.14.0/STM32CubeIDE/plugins/com.st.stm32cube.ide.mcu.externaltools.gnu-tools-for-stm32.12.3.rel1.win32_1.1.0.202410251130/tools/bin/../lib/gcc/arm-none-eabi/12.3.1/../../../../arm-none-eabi/lib/thumb/v7e-m+fp/hard\libc_nano.a(libc_a-findfp.o) (__sread)
C:/ST/STM32CubeIDE_1.14.0/STM32CubeIDE/plugins/com.st.stm32cube.ide.mcu.externaltools.gnu-tools-for-stm32.12.3.rel1.win32_1.1.0.202410251130/tools/bin/../lib/gcc/arm-none-eabi/12.3.1/../../../../arm-none-eabi/lib/thumb/v7e-m+fp/hard\libc_nano.a(libc_a-memset.o)
                              C:/ST/STM32CubeIDE_1.14.0/STM32CubeIDE/plugins/com.st.stm32cube.ide.mcu.externaltools.gnu-tools-for-stm32.12.3.rel1.win32_1.1.0.202410251130/tools/bin/../lib/gcc/arm-none-eabi/12.3.1/../../../../arm-none-eabi/lib/thumb/v7e-m+fp/hard/crt0.o (memset)
C:/ST/STM32CubeIDE_1.14.0/STM32CubeIDE/plugins/com.st.stm32cube.ide.mcu.externaltools.gnu-tools-for-stm32.12.3.rel1.win32_1.1.0.202410251130/tools/bin/../lib/gcc/arm-none-eabi/12.3.1/../../../../arm-none-eabi/lib/thumb/v7e-m+fp/hard\libc_nano.a(libc_a-closer.o)
                              C:/ST/STM32CubeIDE_1.14.0/STM32CubeIDE/plugins/com.st.stm32cube.ide.mcu.externaltools.gnu-tools-for-stm32.12.3.rel1.win32_1.1.0.202410251130/tools/bin/../lib/gcc/arm-none-eabi/12.3.1/../../../../arm-none-eabi/lib/thumb/v7e-m+fp/hard\libc_nano.a(libc_a-stdio.o) (_close_r)
C:/ST/STM32CubeIDE_1.14.0/STM32CubeIDE/plugins/com.st.stm32cube.ide.mcu.externaltools.gnu-tools-for-stm32.12.3.rel1.win32_1.1.0.202410251130/tools/bin/../lib/gcc/arm-none-eabi/12.3.1/../../../../arm-none-eabi/lib/thumb/v7e-m+fp/hard\libc_nano.a(libc_a-reent.o)
                              C:/ST/STM32CubeIDE_1.14.0/STM32CubeIDE/plugins/com.st.stm32cube.ide.mcu.externaltools.gnu-tools-for-stm32.12.3.rel1.win32_1.1.0.202410251130/tools/bin/../lib/gcc/arm-none-eabi/12.3.1/../../../../arm-none-eabi/lib/thumb/v7e-m+fp/hard\libc_nano.a(libc_a-closer.o) (errno)
C:/ST/STM32CubeIDE_1.14.0/STM32CubeIDE/plugins/com.st.stm32cube.ide.mcu.externaltools.gnu-tools-for-stm32.12.3.rel1.win32_1.1.0.202410251130/tools/bin/../lib/gcc/arm-none-eabi/12.3.1/../../../../arm-none-eabi/lib/thumb/v7e-m+fp/hard\libc_nano.a(libc_a-impure.o)
                              C:/ST/STM32CubeIDE_1.14.0/STM32CubeIDE/plugins/com.st.stm32cube.ide.mcu.externaltools.gnu-tools-for-stm32.12.3.rel1.win32_1.1.0.202410251130/tools/bin/../lib/gcc/arm-none-eabi/12.3.1/../../../../arm-none-eabi/lib/thumb/v7e-m+fp/hard\libc_nano.a(libc_a-reent.o) (_impure_ptr)
C:/ST/STM32CubeIDE_1.14.0/STM32CubeIDE/plugins/com.st.stm32cube.ide.mcu.externaltools.gnu-tools-for-stm32.12.3.rel1.win32_1.1.0.202410251130/tools/bin/../lib/gcc/arm-none-eabi/12.3.1/../../../../arm-none-eabi/lib/thumb/v7e-m+fp/hard\libc_nano.a(libc_a-lseekr.o)
[...]
Memory Configuration

Name             Origin             Length             Attributes
RAM              0x20000000         0x00010000         xrw
FLASH            0x08000000         0x00040000         xr
*default*        0x00000000         0xffffffff

Linker script and memory map

LOAD C:/ST/STM32CubeIDE_1.14.0/STM32CubeIDE/plugins/com.st.stm32cube.ide.mcu.externaltools.gnu-tools-for-stm32.12.3.rel1.win32_1.1.0.202410251130/tools/bin/../lib/gcc/arm-none-eabi/12.3.1/thumb/v7e-m+fp/hard/crti.o
LOAD C:/ST/STM32CubeIDE_1.14.0/STM32CubeIDE/plugins/com.st.stm32cube.ide.mcu.externaltools.gnu-tools-for-stm32.12.3.rel1.win32_1.1.0.202410251130/tools/bin/../lib/gcc/arm-none-eabi/12.3.1/thumb/v7e-m+fp/hard/crtbegin.o
LOAD C:/ST/STM32CubeIDE_1.14.0/STM32CubeIDE/plugins/com.st.stm32cube.ide.mcu.externaltools.gnu-tools-for-stm32.12.3.rel1.win32_1.1.0.202410251130/tools/bin/../lib/gcc/arm-none-eabi/12.3.1/../../../../arm-none-eabi/lib/thumb/v7e-m+fp/hard/crt0.o
LOAD ./Core/Src/lsm6dsr.o
LOAD ./Core/Src/lsm6dsr_reg.o
LOAD ./Core/Src/main.o
LOAD ./Core/Src/stm32f4xx_hal_msp.o
LOAD ./Core/Src/stm32f4xx_it.o
LOAD ./Core/Src/syscalls.o
LOAD ./Core/Src/sysmem.o
LOAD ./Core/Src/system_stm32f4xx.o
LOAD ./Core/Startup/startup_stm32f401ccux.o
LOAD ./Drivers/STM32F4xx_HAL_Driver/Src/stm32f4xx_hal.o
LOAD ./Drivers/STM32F4xx_HAL_Driver/Src/stm32f4xx_hal_cortex.o
LOAD ./Drivers/STM32F4xx_HAL_Driver/Src/stm32f4xx_hal_dma.o
LOAD ./Drivers/STM32F4xx_HAL_Driver/Src/stm32f4xx_hal_dma_ex.o
LOAD ./Drivers/STM32F4xx_HAL_Driver/Src/stm32f4xx_hal_exti.o
LOAD ./Drivers/STM32F4xx_HAL_Driver/Src/stm32f4xx_hal_flash.o
LOAD ./Drivers/STM32F4xx_HAL_Driver/Src/stm32f4xx_hal_flash_ex.o
LOAD ./Drivers/STM32F4xx_HAL_Driver/Src/stm32f4xx_hal_flash_ramfunc.o
LOAD ./Drivers/STM32F4xx_HAL_Driver/Src/stm32f4xx_hal_gpio.o
LOAD ./Drivers/STM32F4xx_HAL_Driver/Src/stm32f4xx_hal_pcd.o
LOAD ./Drivers/STM32F4xx_HAL_Driver/Src/stm32f4xx_hal_pcd_ex.o
LOAD ./Drivers/STM32F4xx_HAL_Driver/Src/stm32f4xx_hal_pwr.o
LOAD ./Drivers/STM32F4xx_HAL_Driver/Src/stm32f4xx_hal_pwr_ex.o
LOAD ./Drivers/STM32F4xx_HAL_Driver/Src/stm32f4xx_hal_rcc.o
LOAD ./Drivers/STM32F4xx_HAL_Driver/Src/stm32f4xx_hal_rcc_ex.o
LOAD ./Drivers/STM32F4xx_HAL_Driver/Src/stm32f4xx_hal_spi.o
LOAD ./Drivers/STM32F4xx_HAL_Driver/Src/stm32f4xx_ll_usb.o
START GROUP
LOAD C:/ST/STM32CubeIDE_1.14.0/STM32CubeIDE/plugins/com.st.stm32cube.ide.mcu.externaltools.gnu-tools-for-stm32.12.3.rel1.win32_1.1.0.202410251130/tools/bin/../lib/gcc/arm-none-eabi/12.3.1/../../../../arm-none-eabi/lib/thumb/v7e-m+fp/hard\libc_nano.a
LOAD C:/ST/STM32CubeIDE_1.14.0/STM32CubeIDE/plugins/com.st.stm32cube.ide.mcu.externaltools.gnu-tools-for-stm32.12.3.rel1.win32_1.1.0.202410251130/tools/bin/../lib/gcc/arm-none-eabi/12.3.1/../../../../arm-none-eabi/lib/thumb/v7e-m+fp/hard\libm.a
END GROUP
START GROUP
LOAD C:/ST/STM32CubeIDE_1.14.0/STM32CubeIDE/plugins/com.st.stm32cube.ide.mcu.externaltools.gnu-tools-for-stm32.12.3.rel1.win32_1.1.0.202410251130/tools/bin/../lib/gcc/arm-none-eabi/12.3.1/thumb/v7e-m+fp/hard\libgcc.a
LOAD C:/ST/STM32CubeIDE_1.14.0/STM32CubeIDE/plugins/com.st.stm32cube.ide.mcu.externaltools.gnu-tools-for-stm32.12.3.rel1.win32_1.1.0.202410251130/tools/bin/../lib/gcc/arm-none-eabi/12.3.1/../../../../arm-none-eabi/lib/thumb/v7e-m+fp/hard\libc_nano.a
END GROUP
START GROUP
LOAD C:/ST/STM32CubeIDE_1.14.0/STM32CubeIDE/plugins/com.st.stm32cube.ide.mcu.externaltools.gnu-tools-for-stm32.12.3.rel1.win32_1.1.0.202410251130/tools/bin/../lib/gcc/arm-none-eabi/12.3.1/thumb/v7e-m+fp/hard\libgcc.a
LOAD C:/ST/STM32CubeIDE_1.14.0/STM32CubeIDE/plugins/com.st.stm32cube.ide.mcu.externaltools.gnu-tools-for-stm32.12.3.rel1.win32_1.1.0.202410251130/tools/bin/../lib/gcc/arm-none-eabi/12.3.1/../../../../arm-none-eabi/lib/thumb/v7e-m+fp/hard\libc_nano.a
LOAD C:/ST/STM32CubeIDE_1.14.0/STM32CubeIDE/plugins/com.st.stm32cube.ide.mcu.externaltools.gnu-tools-for-stm32.12.3.rel1.win32_1.1.0.202410251130/tools/bin/../lib/gcc/arm-none-eabi/12.3.1/../../../../arm-none-eabi/lib/thumb/v7e-m+fp/hard\libnosys.a
END GROUP
START GROUP
LOAD C:/ST/STM32CubeIDE_1.14.0/STM32CubeIDE/plugins/com.st.stm32cube.ide.mcu.externaltools.gnu-tools-for-stm32.12.3.rel1.win32_1.1.0.202410251130/tools/bin/../lib/gcc/arm-none-eabi/12.3.1/thumb/v7e-m+fp/hard\libgcc.a
LOAD C:/ST/STM32CubeIDE_1.14.0/STM32CubeIDE/plugins/com.st.stm32cube.ide.mcu.externaltools.gnu-tools-for-stm32.12.3.rel1.win32_1.1.0.202410251130/tools/bin/../lib/gcc/arm-none-eabi/12.3.1/../../../../arm-none-eabi/lib/thumb/v7e-m+fp/hard\libc_nano.a
LOAD C:/ST/STM32CubeIDE_1.14.0/STM32CubeIDE/plugins/com.st.stm32cube.ide.mcu.externaltools.gnu-tools-for-stm32.12.3.rel1.win32_1.1.0.202410251130/tools/bin/../lib/gcc/arm-none-eabi/12.3.1/../../../../arm-none-eabi/lib/thumb/v7e-m+fp/hard\libnosys.a
END GROUP
LOAD C:/ST/STM32CubeIDE_1.14.0/STM32CubeIDE/plugins/com.st.stm32cube.ide.mcu.externaltools.gnu-tools-for-stm32.12.3.rel1.win32_1.1.0.202410251130/tools/bin/../lib/gcc/arm-none-eabi/12.3.1/thumb/v7e-m+fp/hard/crtend.o
LOAD C:/ST/STM32CubeIDE_1.14.0/STM32CubeIDE/plugins/com.st.stm32cube.ide.mcu.externaltools.gnu-tools-for-stm32.12.3.rel1.win32_1.1.0.202410251130/tools/bin/../lib/gcc/arm-none-eabi/12.3.1/thumb/v7e-m+fp/hard/crtn.o
                0x20010000                        _estack = (ORIGIN (RAM) + LENGTH (RAM))
                0x00000200                        _Min_Heap_Size = 0x200
                0x00000400                        _Min_Stack_Size = 0x400

.isr_vector     0x08000000      0x194
                0x08000000                        . = ALIGN (0x4)
 *(.isr_vector)
 .isr_vector    0x08000000      0x194 ./Core/Startup/startup_stm32f401ccux.o
                0x08000000                g_pfnVectors
                0x08000194                        . = ALIGN (0x4)

.text           0x08000194     0x3860
                0x08000194                        . = ALIGN (0x4)
 *(.text)
 .text          0x08000194       0x40 C:/ST/STM32CubeIDE_1.14.0/STM32CubeIDE/plugins/com.st.stm32cube.ide.mcu.externaltools.gnu-tools-for-stm32.12.3.rel1.win32_1.1.0.202410251130/tools/bin/../lib/gcc/arm-none-eabi/12.3.1/thumb/v7e-m+fp/hard/crtbegin.o
 .text          0x080001d4       0x30 C:/ST/STM32CubeIDE_1.14.0/STM32CubeIDE/plugins/com.st.stm32cube.ide.mcu.externaltools.gnu-tools-for-stm32.12.3.rel1.win32_1.1.0.202410251130/tools/bin/../lib/gcc/arm-none-eabi/12.3.1/thumb/v7e-m+fp/hard\libgcc.a(_aeabi_uldivmod.o)
                0x080001d4                __aeabi_uldivmod
 .text          0x08000204      0x2bc C:/ST/STM32CubeIDE_1.14.0/STM32CubeIDE/plugins/com.st.stm32cube.ide.mcu.externaltools.gnu-tools-for-stm32.12.3.rel1.win32_1.1.0.202410251130/tools/bin/../lib/gcc/arm-none-eabi/12.3.1/thumb/v7e-m+fp/hard\libgcc.a(_udivmoddi4.o)
                0x08000204                __udivmoddi4
 .text          0x080004c0        0x4 C:/ST/STM32CubeIDE_1.14.0/STM32CubeIDE/plugins/com.st.stm32cube.ide.mcu.externaltools.gnu-tools-for-stm32.12.3.rel1.win32_1.1.0.202410251130/tools/bin/../lib/gcc/arm-none-eabi/12.3.1/thumb/v7e-m+fp/hard\libgcc.a(_dvmd_tls.o)
                0x080004c0                __aeabi_idiv0
                0x080004c0                __aeabi_ldiv0
 *(.text*)
 .text.LSM6DSR_RegisterBusIO
                0x080004c4       0xcc ./Core/Src/lsm6dsr.o
                0x080004c4                LSM6DSR_RegisterBusIO
 .text.LSM6DSR_Init
                0x08000590       0xea ./Core/Src/lsm6dsr.o
                0x08000590                LSM6DSR_Init
 .text.LSM6DSR_ReadID
                0x0800067a       0x2c ./Core/Src/lsm6dsr.o
                0x0800067a                LSM6DSR_ReadID
 .text.LSM6DSR_ACC_Enable
                0x080006a6       0x48 ./Core/Src/lsm6dsr.o
                0x080006a6                LSM6DSR_ACC_Enable
 *fill*         0x080006ee        0x2 
 .text.LSM6DSR_ACC_GetSensitivity
                0x080006f0       0x8c ./Core/Src/lsm6dsr.o
                0x080006f0                LSM6DSR_ACC_GetSensitivity
 .text.LSM6DSR_ACC_SetOutputDataRate
                0x0800077c       0x38 ./Core/Src/lsm6dsr.o
                0x0800077c                LSM6DSR_ACC_SetOutputDataRate
 .text.LSM6DSR_ACC_SetFullScale
                0x080007b4       0x50 ./Core/Src/lsm6dsr.o
                0x080007b4                LSM6DSR_ACC_SetFullScale
 .text.LSM6DSR_ACC_GetAxes
                0x08000804       0xae ./Core/Src/lsm6dsr.o
                0x08000804                LSM6DSR_ACC_GetAxes
 .text.LSM6DSR_GYRO_Enable
                0x080008b2       0x48 ./Core/Src/lsm6dsr.o
                0x080008b2                LSM6DSR_GYRO_Enable
 *fill*         0x080008fa        0x2 
 .text.LSM6DSR_GYRO_GetSensitivity
                0x080008fc       0xc8 ./Core/Src/lsm6dsr.o
                0x080008fc                LSM6DSR_GYRO_GetSensitivity
 .text.LSM6DSR_GYRO_SetOutputDataRate
                0x080009c4       0x38 ./Core/Src/lsm6dsr.o
                0x080009c4                LSM6DSR_GYRO_SetOutputDataRate
 .text.LSM6DSR_GYRO_SetFullScale
                0x080009fc       0x6a ./Core/Src/lsm6dsr.o
                0x080009fc                LSM6DSR_GYRO_SetFullScale
 .text.LSM6DSR_GYRO_GetAxes
                0x08000a66       0xa8 ./Core/Src/lsm6dsr.o
                0x08000a66                LSM6DSR_GYRO_GetAxes
 .text.LSM6DSR_Write_Reg
                0x08000b0e       0x36 ./Core/Src/lsm6dsr.o
                0x08000b0e                LSM6DSR_Write_Reg
 .text.LSM6DSR_ACC_Get_DRDY_Status
                0x08000b44       0x2c ./Core/Src/lsm6dsr.o
                0x08000b44                LSM6DSR_ACC_Get_DRDY_Status
 .text.LSM6DSR_GYRO_Get_DRDY_Status
                0x08000b70       0x2c ./Core/Src/lsm6dsr.o
                0x08000b70                LSM6DSR_GYRO_Get_DRDY_Status
 .text.LSM6DSR_ACC_SetOutputDataRate_When_Enabled
                0x08000b9c      0x118 ./Core/Src/lsm6dsr.o
 .text.LSM6DSR_ACC_SetOutputDataRate_When_Disabled
                0x08000cb4      0x104 ./Core/Src/lsm6dsr.o
 .text.LSM6DSR_GYRO_SetOutputDataRate_When_Enabled
                0x08000db8      0x118 ./Core/Src/lsm6dsr.o
 .text.LSM6DSR_GYRO_SetOutputDataRate_When_Disabled
                0x08000ed0      0x104 ./Core/Src/lsm6dsr.o
 .text.ReadRegWrap
                0x08000fd4       0x36 ./Core/Src/lsm6dsr.o
 .text.WriteRegWrap
                0x0800100a       0x36 ./Core/Src/lsm6dsr.o
 .text.lsm6dsr_read_reg
                0x08001040       0x30 ./Core/Src/lsm6dsr_reg.o
                0x08001040                lsm6dsr_read_reg
 .text.lsm6dsr_write_reg
                0x08001070       0x30 ./Core/Src/lsm6dsr_reg.o
                0x08001070                lsm6dsr_write_reg
 .text.lsm6dsr_xl_full_scale_set
                0x080010a0       0x4c ./Core/Src/lsm6dsr_reg.o
                0x080010a0                lsm6dsr_xl_full_scale_set
 .text.lsm6dsr_xl_full_scale_get
                0x080010ec       0x70 ./Core/Src/lsm6dsr_reg.o
                0x080010ec                lsm6dsr_xl_full_scale_get
 .text.lsm6dsr_xl_data_rate_set
                0x0800115c      0x1f4 ./Core/Src/lsm6dsr_reg.o
                0x0800115c                lsm6dsr_xl_data_rate_set
 .text.lsm6dsr_gy_full_scale_set
                0x08001350       0x4c ./Core/Src/lsm6dsr_reg.o
                0x08001350                lsm6dsr_gy_full_scale_set
 .text.lsm6dsr_gy_full_scale_get
                0x0800139c       0xa4 ./Core/Src/lsm6dsr_reg.o
                0x0800139c                lsm6dsr_gy_full_scale_get
 .text.lsm6dsr_gy_data_rate_set
                0x08001440      0x1f4 ./Core/Src/lsm6dsr_reg.o
                0x08001440                lsm6dsr_gy_data_rate_set
 .text.lsm6dsr_block_data_update_set
                0x08001634       0x4c ./Core/Src/lsm6dsr_reg.o
                0x08001634                lsm6dsr_block_data_update_set
 .text.lsm6dsr_xl_flag_data_ready_get
                0x08001680       0x32 ./Core/Src/lsm6dsr_reg.o
                0x08001680                lsm6dsr_xl_flag_data_ready_get
 .text.lsm6dsr_gy_flag_data_ready_get
                0x080016b2       0x32 ./Core/Src/lsm6dsr_reg.o
                0x080016b2                lsm6dsr_gy_flag_data_ready_get
 .text.lsm6dsr_angular_rate_raw_get
                0x080016e4       0x90 ./Core/Src/lsm6dsr_reg.o
                0x080016e4                lsm6dsr_angular_rate_raw_get
 .text.lsm6dsr_acceleration_raw_get
                0x08001774       0x90 ./Core/Src/lsm6dsr_reg.o
                0x08001774                lsm6dsr_acceleration_raw_get
 .text.lsm6dsr_mem_bank_set
                0x08001804       0x4c ./Core/Src/lsm6dsr_reg.o
                0x08001804                lsm6dsr_mem_bank_set
 .text.lsm6dsr_device_id_get
                0x08001850       0x26 ./Core/Src/lsm6dsr_reg.o
                0x08001850                lsm6dsr_device_id_get
 .text.lsm6dsr_auto_increment_set
                0x08001876       0x4c ./Core/Src/lsm6dsr_reg.o
                0x08001876                lsm6dsr_auto_increment_set
 .text.lsm6dsr_i3c_disable_set
                0x080018c2       0x8c ./Core/Src/lsm6dsr_reg.o
                0x080018c2                lsm6dsr_i3c_disable_set
 .text.lsm6dsr_fifo_mode_set
                0x0800194e       0x4c ./Core/Src/lsm6dsr_reg.o
                0x0800194e                lsm6dsr_fifo_mode_set
 .text.lsm6dsr_fsm_enable_get
                0x0800199a       0x58 ./Core/Src/lsm6dsr_reg.o
                0x0800199a                lsm6dsr_fsm_enable_get
 *fill*         0x080019f2        0x2 
 .text.lsm6dsr_fsm_data_rate_get
                0x080019f4       0x90 ./Core/Src/lsm6dsr_reg.o
                0x080019f4                lsm6dsr_fsm_data_rate_get
 .text.IMU_CS_Low
                0x08001a84       0x18 ./Core/Src/main.o
 .text.IMU_CS_High
                0x08001a9c       0x18 ./Core/Src/main.o
 .text.BSP_SPI2_Init
                0x08001ab4        0xe ./Core/Src/main.o
 .text.BSP_SPI2_DeInit
                0x08001ac2        0xe ./Core/Src/main.o
 .text.BSP_GetTick
                0x08001ad0        0xe ./Core/Src/main.o
 *fill*         0x08001ade        0x2 
 .text.BSP_SPI2_ReadReg
                0x08001ae0       0xa8 ./Core/Src/main.o
 .text.BSP_SPI2_WriteReg
                0x08001b88       0x78 ./Core/Src/main.o
 .text.main     0x08001c00       0x78 ./Core/Src/main.o
                0x08001c00                main
 .text.MX_LSM6DSR_Init
                0x08001c78      0x110 ./Core/Src/main.o
 .text.MX_PA8_CS_Init
                0x08001d88       0x68 ./Core/Src/main.o
                0x08001d88                MX_PA8_CS_Init
 .text.MX_PC13_CS_Init
                0x08001df0       0x68 ./Core/Src/main.o
                0x08001df0                MX_PC13_CS_Init
 .text.SystemClock_Config
                0x08001e58       0xd8 ./Core/Src/main.o
                0x08001e58                SystemClock_Config
 .text.MX_SPI2_Init
                0x08001f30       0x6c ./Core/Src/main.o
 .text.MX_GPIO_Init
                0x08001f9c       0x6c ./Core/Src/main.o
 .text.Error_Handler
                0x08002008        0xc ./Core/Src/main.o
                0x08002008                Error_Handler
 .text.HAL_MspInit
                0x08002014       0x50 ./Core/Src/stm32f4xx_hal_msp.o
                0x08002014                HAL_MspInit
 .text.HAL_SPI_MspInit
                0x08002064       0x90 ./Core/Src/stm32f4xx_hal_msp.o
                0x08002064                HAL_SPI_MspInit
 .text.NMI_Handler
                0x080020f4        0x8 ./Core/Src/stm32f4xx_it.o
                0x080020f4                NMI_Handler
 .text.HardFault_Handler
                0x080020fc        0x8 ./Core/Src/stm32f4xx_it.o
                0x080020fc                HardFault_Handler
 .text.MemManage_Handler
                0x08002104        0x8 ./Core/Src/stm32f4xx_it.o
                0x08002104                MemManage_Handler
 .text.BusFault_Handler
                0x0800210c        0x8 ./Core/Src/stm32f4xx_it.o
                0x0800210c                BusFault_Handler
 .text.UsageFault_Handler
                0x08002114        0x8 ./Core/Src/stm32f4xx_it.o
                0x08002114                UsageFault_Handler
 .text.SVC_Handler
                0x0800211c        0xe ./Core/Src/stm32f4xx_it.o
                0x0800211c                SVC_Handler
 .text.DebugMon_Handler
                0x0800212a        0xe ./Core/Src/stm32f4xx_it.o
                0x0800212a                DebugMon_Handler
 .text.PendSV_Handler
                0x08002138        0xe ./Core/Src/stm32f4xx_it.o
                0x08002138                PendSV_Handler
 .text.SysTick_Handler
                0x08002146        0xc ./Core/Src/stm32f4xx_it.o
                0x08002146                SysTick_Handler
 *fill*         0x08002152        0x2 
 .text.SystemInit
                0x08002154       0x24 ./Core/Src/system_stm32f4xx.o
                0x08002154                SystemInit
 .text.Reset_Handler
                0x08002178       0x50 ./Core/Startup/startup_stm32f401ccux.o
                0x08002178                Reset_Handler
 .text.Default_Handler
                0x080021c8        0x2 ./Core/Startup/startup_stm32f401ccux.o
                0x080021c8                RTC_Alarm_IRQHandler
                0x080021c8                EXTI2_IRQHandler
                0x080021c8                SPI4_IRQHandler
                0x080021c8                TIM1_CC_IRQHandler
                0x080021c8                DMA2_Stream5_IRQHandler
                0x080021c8                DMA1_Stream5_IRQHandler
                0x080021c8                PVD_IRQHandler
                0x080021c8                SDIO_IRQHandler
                0x080021c8                TAMP_STAMP_IRQHandler
                0x080021c8                EXTI3_IRQHandler
                0x080021c8                TIM1_UP_TIM10_IRQHandler
                0x080021c8                I2C3_ER_IRQHandler
                0x080021c8                EXTI0_IRQHandler
                0x080021c8                I2C2_EV_IRQHandler
                0x080021c8                DMA1_Stream2_IRQHandler
                0x080021c8                FPU_IRQHandler
                0x080021c8                DMA2_Stream2_IRQHandler
                0x080021c8                SPI1_IRQHandler
                0x080021c8                TIM1_BRK_TIM9_IRQHandler
                0x080021c8                DMA2_Stream3_IRQHandler
                0x080021c8                USART6_IRQHandler
                0x080021c8                DMA2_Stream0_IRQHandler
                0x080021c8                TIM4_IRQHandler
                0x080021c8                I2C1_EV_IRQHandler
                0x080021c8                DMA1_Stream6_IRQHandler
                0x080021c8                DMA1_Stream1_IRQHandler
                0x080021c8                TIM3_IRQHandler
                0x080021c8                RCC_IRQHandler
                0x080021c8                Default_Handler
                0x080021c8                EXTI15_10_IRQHandler
                0x080021c8                ADC_IRQHandler
                0x080021c8                DMA1_Stream7_IRQHandler
                0x080021c8                TIM5_IRQHandler
                0x080021c8                DMA2_Stream7_IRQHandler
                0x080021c8                I2C3_EV_IRQHandler
                0x080021c8                EXTI9_5_IRQHandler
                0x080021c8                RTC_WKUP_IRQHandler
                0x080021c8                SPI2_IRQHandler
                0x080021c8                DMA1_Stream0_IRQHandler
                0x080021c8                EXTI4_IRQHandler
                0x080021c8                WWDG_IRQHandler
                0x080021c8                TIM2_IRQHandler
                0x080021c8                OTG_FS_WKUP_IRQHandler
                0x080021c8                TIM1_TRG_COM_TIM11_IRQHandler
                0x080021c8                EXTI1_IRQHandler
                0x080021c8                USART2_IRQHandler
                0x080021c8                I2C2_ER_IRQHandler
                0x080021c8                DMA2_Stream1_IRQHandler
                0x080021c8                FLASH_IRQHandler
                0x080021c8                DMA2_Stream4_IRQHandler
                0x080021c8                USART1_IRQHandler
                0x080021c8                OTG_FS_IRQHandler
                0x080021c8                SPI3_IRQHandler
                0x080021c8                DMA1_Stream4_IRQHandler
                0x080021c8                I2C1_ER_IRQHandler
                0x080021c8                DMA2_Stream6_IRQHandler
                0x080021c8                DMA1_Stream3_IRQHandler
 *fill*         0x080021ca        0x2 
 .text.HAL_Init
                0x080021cc       0x44 ./Drivers/STM32F4xx_HAL_Driver/Src/stm32f4xx_hal.o
                0x080021cc                HAL_Init
 .text.HAL_InitTick
                0x08002210       0x60 ./Drivers/STM32F4xx_HAL_Driver/Src/stm32f4xx_hal.o
                0x08002210                HAL_InitTick
 .text.HAL_IncTick
                0x08002270       0x28 ./Drivers/STM32F4xx_HAL_Driver/Src/stm32f4xx_hal.o
                0x08002270                HAL_IncTick
 .text.HAL_GetTick
                0x08002298       0x18 ./Drivers/STM32F4xx_HAL_Driver/Src/stm32f4xx_hal.o
                0x08002298                HAL_GetTick
 .text.HAL_Delay
                0x080022b0       0x48 ./Drivers/STM32F4xx_HAL_Driver/Src/stm32f4xx_hal.o
                0x080022b0                HAL_Delay
 .text.__NVIC_SetPriorityGrouping
                0x080022f8       0x48 ./Drivers/STM32F4xx_HAL_Driver/Src/stm32f4xx_hal_cortex.o
 .text.__NVIC_GetPriorityGrouping
                0x08002340       0x1c ./Drivers/STM32F4xx_HAL_Driver/Src/stm32f4xx_hal_cortex.o
 .text.__NVIC_SetPriority
                0x0800235c       0x54 ./Drivers/STM32F4xx_HAL_Driver/Src/stm32f4xx_hal_cortex.o
 .text.NVIC_EncodePriority
                0x080023b0       0x66 ./Drivers/STM32F4xx_HAL_Driver/Src/stm32f4xx_hal_cortex.o
 *fill*         0x08002416        0x2 
 .text.SysTick_Config
                0x08002418       0x44 ./Drivers/STM32F4xx_HAL_Driver/Src/stm32f4xx_hal_cortex.o
 .text.HAL_NVIC_SetPriorityGrouping
                0x0800245c       0x16 ./Drivers/STM32F4xx_HAL_Driver/Src/stm32f4xx_hal_cortex.o
                0x0800245c                HAL_NVIC_SetPriorityGrouping
 .text.HAL_NVIC_SetPriority
                0x08002472       0x38 ./Drivers/STM32F4xx_HAL_Driver/Src/stm32f4xx_hal_cortex.o
                0x08002472                HAL_NVIC_SetPriority
 .text.HAL_SYSTICK_Config
                0x080024aa       0x18 ./Drivers/STM32F4xx_HAL_Driver/Src/stm32f4xx_hal_cortex.o
                0x080024aa                HAL_SYSTICK_Config
 *fill*         0x080024c2        0x2 
 .text.HAL_GPIO_Init
                0x080024c4      0x308 ./Drivers/STM32F4xx_HAL_Driver/Src/stm32f4xx_hal_gpio.o
                0x080024c4                HAL_GPIO_Init
 .text.HAL_GPIO_WritePin
                0x080027cc       0x32 ./Drivers/STM32F4xx_HAL_Driver/Src/stm32f4xx_hal_gpio.o
                0x080027cc                HAL_GPIO_WritePin
 *fill*         0x080027fe        0x2 
 .text.HAL_RCC_OscConfig
                0x08002800      0x4f0 ./Drivers/STM32F4xx_HAL_Driver/Src/stm32f4xx_hal_rcc.o
                0x08002800                HAL_RCC_OscConfig
 .text.HAL_RCC_ClockConfig
                0x08002cf0      0x1cc ./Drivers/STM32F4xx_HAL_Driver/Src/stm32f4xx_hal_rcc.o
                0x08002cf0                HAL_RCC_ClockConfig
 .text.HAL_RCC_GetSysClockFreq
                0x08002ebc      0x208 ./Drivers/STM32F4xx_HAL_Driver/Src/stm32f4xx_hal_rcc.o
                0x08002ebc                HAL_RCC_GetSysClockFreq
 .text.HAL_SPI_Init
                0x080030c4      0x112 ./Drivers/STM32F4xx_HAL_Driver/Src/stm32f4xx_hal_spi.o
                0x080030c4                HAL_SPI_Init
 .text.HAL_SPI_Transmit
                0x080031d6      0x288 ./Drivers/STM32F4xx_HAL_Driver/Src/stm32f4xx_hal_spi.o
                0x080031d6                HAL_SPI_Transmit
 .text.HAL_SPI_TransmitReceive
                0x0800345e      0x352 ./Drivers/STM32F4xx_HAL_Driver/Src/stm32f4xx_hal_spi.o
                0x0800345e                HAL_SPI_TransmitReceive
 .text.SPI_WaitFlagStateUntilTimeout
                0x080037b0      0x110 ./Drivers/STM32F4xx_HAL_Driver/Src/stm32f4xx_hal_spi.o
 .text.SPI_EndRxTxTransaction
                0x080038c0       0xa8 ./Drivers/STM32F4xx_HAL_Driver/Src/stm32f4xx_hal_spi.o
 .text.memset   0x08003968       0x10 C:/ST/STM32CubeIDE_1.14.0/STM32CubeIDE/plugins/com.st.stm32cube.ide.mcu.externaltools.gnu-tools-for-stm32.12.3.rel1.win32_1.1.0.202410251130/tools/bin/../lib/gcc/arm-none-eabi/12.3.1/../../../../arm-none-eabi/lib/thumb/v7e-m+fp/hard\libc_nano.a(libc_a-memset.o)
                0x08003968                memset
 .text.__libc_init_array
                0x08003978       0x48 C:/ST/STM32CubeIDE_1.14.0/STM32CubeIDE/plugins/com.st.stm32cube.ide.mcu.externaltools.gnu-tools-for-stm32.12.3.rel1.win32_1.1.0.202410251130/tools/bin/../lib/gcc/arm-none-eabi/12.3.1/../../../../arm-none-eabi/lib/thumb/v7e-m+fp/hard\libc_nano.a(libc_a-init.o)
                0x08003978                __libc_init_array
 .text.memcpy   0x080039c0       0x1c C:/ST/STM32CubeIDE_1.14.0/STM32CubeIDE/plugins/com.st.stm32cube.ide.mcu.externaltools.gnu-tools-for-stm32.12.3.rel1.win32_1.1.0.202410251130/tools/bin/../lib/gcc/arm-none-eabi/12.3.1/../../../../arm-none-eabi/lib/thumb/v7e-m+fp/hard\libc_nano.a(libc_a-memcpy-stub.o)
                0x080039c0                memcpy
 *(.glue_7)
 .glue_7        0x080039dc        0x0 linker stubs
 *(.glue_7t)
 .glue_7t       0x080039dc        0x0 linker stubs
 *(.eh_frame)
 .eh_frame      0x080039dc        0x0 C:/ST/STM32CubeIDE_1.14.0/STM32CubeIDE/plugins/com.st.stm32cube.ide.mcu.externaltools.gnu-tools-for-stm32.12.3.rel1.win32_1.1.0.202410251130/tools/bin/../lib/gcc/arm-none-eabi/12.3.1/thumb/v7e-m+fp/hard/crtbegin.o
 *(.init)
 .init          0x080039dc        0x4 C:/ST/STM32CubeIDE_1.14.0/STM32CubeIDE/plugins/com.st.stm32cube.ide.mcu.externaltools.gnu-tools-for-stm32.12.3.rel1.win32_1.1.0.202410251130/tools/bin/../lib/gcc/arm-none-eabi/12.3.1/thumb/v7e-m+fp/hard/crti.o
                0x080039dc                _init
 .init          0x080039e0        0x8 C:/ST/STM32CubeIDE_1.14.0/STM32CubeIDE/plugins/com.st.stm32cube.ide.mcu.externaltools.gnu-tools-for-stm32.12.3.rel1.win32_1.1.0.202410251130/tools/bin/../lib/gcc/arm-none-eabi/12.3.1/thumb/v7e-m+fp/hard/crtn.o
 *(.fini)
 .fini          0x080039e8        0x4 C:/ST/STM32CubeIDE_1.14.0/STM32CubeIDE/plugins/com.st.stm32cube.ide.mcu.externaltools.gnu-tools-for-stm32.12.3.rel1.win32_1.1.0.202410251130/tools/bin/../lib/gcc/arm-none-eabi/12.3.1/thumb/v7e-m+fp/hard/crti.o
                0x080039e8                _fini
 .fini          0x080039ec        0x8 C:/ST/STM32CubeIDE_1.14.0/STM32CubeIDE/plugins/com.st.stm32cube.ide.mcu.externaltools.gnu-tools-for-stm32.12.3.rel1.win32_1.1.0.202410251130/tools/bin/../lib/gcc/arm-none-eabi/12.3.1/thumb/v7e-m+fp/hard/crtn.o
                0x080039f4                        . = ALIGN (0x4)
                0x080039f4                        _etext = .

.vfp11_veneer   0x080039f4        0x0
 .vfp11_veneer  0x080039f4        0x0 linker stubs

.v4_bx          0x080039f4        0x0
 .v4_bx         0x080039f4        0x0 linker stubs

.iplt           0x080039f4        0x0
 .iplt          0x080039f4        0x0 C:/ST/STM32CubeIDE_1.14.0/STM32CubeIDE/plugins/com.st.stm32cube.ide.mcu.externaltools.gnu-tools-for-stm32.12.3.rel1.win32_1.1.0.202410251130/tools/bin/../lib/gcc/arm-none-eabi/12.3.1/thumb/v7e-m+fp/hard/crtbegin.o

.rodata         0x080039f4       0x10
                0x080039f4                        . = ALIGN (0x4)
 *(.rodata)
 *(.rodata*)
 .rodata.AHBPrescTable
                0x080039f4       0x10 ./Core/Src/system_stm32f4xx.o
                0x080039f4                AHBPrescTable
                0x08003a04                        . = ALIGN (0x4)

.ARM.extab      0x08003a04        0x0
                0x08003a04                        . = ALIGN (0x4)
 *(.ARM.extab* .gnu.linkonce.armextab.*)
                0x08003a04                        . = ALIGN (0x4)

.ARM            0x08003a04        0x8
                0x08003a04                        . = ALIGN (0x4)
                0x08003a04                        __exidx_start = .
 *(.ARM.exidx*)
 .ARM.exidx     0x08003a04        0x8 C:/ST/STM32CubeIDE_1.14.0/STM32CubeIDE/plugins/com.st.stm32cube.ide.mcu.externaltools.gnu-tools-for-stm32.12.3.rel1.win32_1.1.0.202410251130/tools/bin/../lib/gcc/arm-none-eabi/12.3.1/thumb/v7e-m+fp/hard\libgcc.a(_udivmoddi4.o)
                0x08003a0c                        __exidx_end = .
                0x08003a0c                        . = ALIGN (0x4)

.preinit_array  0x08003a0c        0x0
                0x08003a0c                        . = ALIGN (0x4)
                0x08003a0c                        PROVIDE (__preinit_array_start = .)
 *(.preinit_array*)
                0x08003a0c                        PROVIDE (__preinit_array_end = .)
                0x08003a0c                        . = ALIGN (0x4)

.init_array     0x08003a0c        0x4
                0x08003a0c                        . = ALIGN (0x4)
                0x08003a0c                        PROVIDE (__init_array_start = .)
 *(SORT_BY_NAME(.init_array.*))
 *(.init_array*)
 .init_array    0x08003a0c        0x4 C:/ST/STM32CubeIDE_1.14.0/STM32CubeIDE/plugins/com.st.stm32cube.ide.mcu.externaltools.gnu-tools-for-stm32.12.3.rel1.win32_1.1.0.202410251130/tools/bin/../lib/gcc/arm-none-eabi/12.3.1/thumb/v7e-m+fp/hard/crtbegin.o
                0x08003a10                        PROVIDE (__init_array_end = .)
                0x08003a10                        . = ALIGN (0x4)

.fini_array     0x08003a10        0x4
                0x08003a10                        . = ALIGN (0x4)
                [!provide]                        PROVIDE (__fini_array_start = .)
 *(SORT_BY_NAME(.fini_array.*))
 *(.fini_array*)
 .fini_array    0x08003a10        0x4 C:/ST/STM32CubeIDE_1.14.0/STM32CubeIDE/plugins/com.st.stm32cube.ide.mcu.externaltools.gnu-tools-for-stm32.12.3.rel1.win32_1.1.0.202410251130/tools/bin/../lib/gcc/arm-none-eabi/12.3.1/thumb/v7e-m+fp/hard/crtbegin.o
                [!provide]                        PROVIDE (__fini_array_end = .)
                0x08003a14                        . = ALIGN (0x4)
                0x08003a14                        _sidata = LOADADDR (.data)

.rel.dyn        0x08003a14        0x0
 .rel.iplt      0x08003a14        0x0 C:/ST/STM32CubeIDE_1.14.0/STM32CubeIDE/plugins/com.st.stm32cube.ide.mcu.externaltools.gnu-tools-for-stm32.12.3.rel1.win32_1.1.0.202410251130/tools/bin/../lib/gcc/arm-none-eabi/12.3.1/thumb/v7e-m+fp/hard/crtbegin.o

.data           0x20000000        0xc load address 0x08003a14
                0x20000000                        . = ALIGN (0x4)
                0x20000000                        _sdata = .
 *(.data)
 *(.data*)
 .data.SystemCoreClock
                0x20000000        0x4 ./Core/Src/system_stm32f4xx.o
                0x20000000                SystemCoreClock
 .data.uwTickPrio
                0x20000004        0x4 ./Drivers/STM32F4xx_HAL_Driver/Src/stm32f4xx_hal.o
                0x20000004                uwTickPrio
 .data.uwTickFreq
                0x20000008        0x1 ./Drivers/STM32F4xx_HAL_Driver/Src/stm32f4xx_hal.o
                0x20000008                uwTickFreq
 *(.RamFunc)
 *(.RamFunc*)
                0x2000000c                        . = ALIGN (0x4)
 *fill*         0x20000009        0x3 
                0x2000000c                        _edata = .

.igot.plt       0x2000000c        0x0 load address 0x08003a20
 .igot.plt      0x2000000c        0x0 C:/ST/STM32CubeIDE_1.14.0/STM32CubeIDE/plugins/com.st.stm32cube.ide.mcu.externaltools.gnu-tools-for-stm32.12.3.rel1.win32_1.1.0.202410251130/tools/bin/../lib/gcc/arm-none-eabi/12.3.1/thumb/v7e-m+fp/hard/crtbegin.o
                0x2000000c                        . = ALIGN (0x4)

.bss            0x2000000c       0xa8 load address 0x08003a20
                0x2000000c                        _sbss = .
                0x2000000c                        __bss_start__ = _sbss
 *(.bss)
 .bss           0x2000000c       0x1c C:/ST/STM32CubeIDE_1.14.0/STM32CubeIDE/plugins/com.st.stm32cube.ide.mcu.externaltools.gnu-tools-for-stm32.12.3.rel1.win32_1.1.0.202410251130/tools/bin/../lib/gcc/arm-none-eabi/12.3.1/thumb/v7e-m+fp/hard/crtbegin.o
 *(.bss*)
 .bss.hspi2     0x20000028       0x58 ./Core/Src/main.o
                0x20000028                hspi2
 .bss.MotionSensor
                0x20000080       0x30 ./Core/Src/main.o
 .bss.uwTick    0x200000b0        0x4 ./Drivers/STM32F4xx_HAL_Driver/Src/stm32f4xx_hal.o
                0x200000b0                uwTick
 *(COMMON)
                0x200000b4                        . = ALIGN (0x4)
                0x200000b4                        _ebss = .
                0x200000b4                        __bss_end__ = _ebss

._user_heap_stack
                0x200000b4      0x604 load address 0x08003a20
                0x200000b8                        . = ALIGN (0x8)
 *fill*         0x200000b4        0x4 
                [!provide]                        PROVIDE (end = .)
                0x200000b8                        PROVIDE (_end = .)
                0x200002b8                        . = (. + _Min_Heap_Size)
 *fill*         0x200000b8      0x200 
                0x200006b8                        . = (. + _Min_Stack_Size)
 *fill*         0x200002b8      0x400 
                0x200006b8                        . = ALIGN (0x8)

/DISCARD/
 libc.a(*)
 libm.a(*)
 libgcc.a(*)

.ARM.attributes
                0x00000000       0x30
 *(.ARM.attributes)
 .ARM.attributes
                0x00000000       0x22 C:/ST/STM32CubeIDE_1.14.0/STM32CubeIDE/plugins/com.st.stm32cube.ide.mcu.externaltools.gnu-tools-for-stm32.12.3.rel1.win32_1.1.0.202410251130/tools/bin/../lib/gcc/arm-none-eabi/12.3.1/thumb/v7e-m+fp/hard/crti.o
 .ARM.attributes
                0x00000022       0x34 C:/ST/STM32CubeIDE_1.14.0/STM32CubeIDE/plugins/com.st.stm32cube.ide.mcu.externaltools.gnu-tools-for-stm32.12.3.rel1.win32_1.1.0.202410251130/tools/bin/../lib/gcc/arm-none-eabi/12.3.1/thumb/v7e-m+fp/hard/crtbegin.o
 .ARM.attributes
                0x00000056       0x34 ./Core/Src/lsm6dsr.o
 .ARM.attributes
                0x0000008a       0x34 ./Core/Src/lsm6dsr_reg.o
 .ARM.attributes
                0x000000be       0x34 ./Core/Src/main.o
 .ARM.attributes
                0x000000f2       0x34 ./Core/Src/stm32f4xx_hal_msp.o
 .ARM.attributes
                0x00000126       0x34 ./Core/Src/stm32f4xx_it.o
 .ARM.attributes
                0x0000015a       0x34 ./Core/Src/system_stm32f4xx.o
 .ARM.attributes
                0x0000018e       0x21 ./Core/Startup/startup_stm32f401ccux.o
 .ARM.attributes
                0x000001af       0x34 ./Drivers/STM32F4xx_HAL_Driver/Src/stm32f4xx_hal.o
 .ARM.attributes
                0x000001e3       0x34 ./Drivers/STM32F4xx_HAL_Driver/Src/stm32f4xx_hal_cortex.o
 .ARM.attributes
                0x00000217       0x34 ./Drivers/STM32F4xx_HAL_Driver/Src/stm32f4xx_hal_gpio.o
 .ARM.attributes
                0x0000024b       0x34 ./Drivers/STM32F4xx_HAL_Driver/Src/stm32f4xx_hal_rcc.o
 .ARM.attributes
                0x0000027f       0x34 ./Drivers/STM32F4xx_HAL_Driver/Src/stm32f4xx_hal_spi.o
 .ARM.attributes
                0x000002b3       0x34 C:/ST/STM32CubeIDE_1.14.0/STM32CubeIDE/plugins/com.st.stm32cube.ide.mcu.externaltools.gnu-tools-for-stm32.12.3.rel1.win32_1.1.0.202410251130/tools/bin/../lib/gcc/arm-none-eabi/12.3.1/../../../../arm-none-eabi/lib/thumb/v7e-m+fp/hard\libc_nano.a(libc_a-memset.o)
 .ARM.attributes
                0x000002e7       0x34 C:/ST/STM32CubeIDE_1.14.0/STM32CubeIDE/plugins/com.st.stm32cube.ide.mcu.externaltools.gnu-tools-for-stm32.12.3.rel1.win32_1.1.0.202410251130/tools/bin/../lib/gcc/arm-none-eabi/12.3.1/../../../../arm-none-eabi/lib/thumb/v7e-m+fp/hard\libc_nano.a(libc_a-init.o)
 .ARM.attributes
                0x0000031b       0x34 C:/ST/STM32CubeIDE_1.14.0/STM32CubeIDE/plugins/com.st.stm32cube.ide.mcu.externaltools.gnu-tools-for-stm32.12.3.rel1.win32_1.1.0.202410251130/tools/bin/../lib/gcc/arm-none-eabi/12.3.1/../../../../arm-none-eabi/lib/thumb/v7e-m+fp/hard\libc_nano.a(libc_a-memcpy-stub.o)
 .ARM.attributes
                0x0000034f       0x22 C:/ST/STM32CubeIDE_1.14.0/STM32CubeIDE/plugins/com.st.stm32cube.ide.mcu.externaltools.gnu-tools-for-stm32.12.3.rel1.win32_1.1.0.202410251130/tools/bin/../lib/gcc/arm-none-eabi/12.3.1/thumb/v7e-m+fp/hard\libgcc.a(_aeabi_uldivmod.o)
 .ARM.attributes
                0x00000371       0x34 C:/ST/STM32CubeIDE_1.14.0/STM32CubeIDE/plugins/com.st.stm32cube.ide.mcu.externaltools.gnu-tools-for-stm32.12.3.rel1.win32_1.1.0.202410251130/tools/bin/../lib/gcc/arm-none-eabi/12.3.1/thumb/v7e-m+fp/hard\libgcc.a(_udivmoddi4.o)
 .ARM.attributes
                0x000003a5       0x22 C:/ST/STM32CubeIDE_1.14.0/STM32CubeIDE/plugins/com.st.stm32cube.ide.mcu.externaltools.gnu-tools-for-stm32.12.3.rel1.win32_1.1.0.202410251130/tools/bin/../lib/gcc/arm-none-eabi/12.3.1/thumb/v7e-m+fp/hard\libgcc.a(_dvmd_tls.o)
 .ARM.attributes
                0x000003c7       0x22 C:/ST/STM32CubeIDE_1.14.0/STM32CubeIDE/plugins/com.st.stm32cube.ide.mcu.externaltools.gnu-tools-for-stm32.12.3.rel1.win32_1.1.0.202410251130/tools/bin/../lib/gcc/arm-none-eabi/12.3.1/thumb/v7e-m+fp/hard/crtn.o
OUTPUT(F401_HelloWorld.elf elf32-littlearm)
LOAD linker stubs
LOAD C:/ST/STM32CubeIDE_1.14.0/STM32CubeIDE/plugins/com.st.stm32cube.ide.mcu.externaltools.gnu-tools-for-stm32.12.3.rel1.win32_1.1.0.202410251130/tools/bin/../lib/gcc/arm-none-eabi/12.3.1/../../../../arm-none-eabi/lib/thumb/v7e-m+fp/hard\libc.a
LOAD C:/ST/STM32CubeIDE_1.14.0/STM32CubeIDE/plugins/com.st.stm32cube.ide.mcu.externaltools.gnu-tools-for-stm32.12.3.rel1.win32_1.1.0.202410251130/tools/bin/../lib/gcc/arm-none-eabi/12.3.1/../../../../arm-none-eabi/lib/thumb/v7e-m+fp/hard\libm.a
LOAD C:/ST/STM32CubeIDE_1.14.0/STM32CubeIDE/plugins/com.st.stm32cube.ide.mcu.externaltools.gnu-tools-for-stm32.12.3.rel1.win32_1.1.0.202410251130/tools/bin/../lib/gcc/arm-none-eabi/12.3.1/thumb/v7e-m+fp/hard\libgcc.a

.debug_info     0x00000000    0x1760c
 .debug_info    0x00000000     0x5c18 ./Core/Src/lsm6dsr.o
 .debug_info    0x00005c18     0xb1a6 ./Core/Src/lsm6dsr_reg.o
 .debug_info    0x00010dbe     0x1895 ./Core/Src/main.o
 .debug_info    0x00012653      0xe5a ./Core/Src/stm32f4xx_hal_msp.o
 .debug_info    0x000134ad      0x112 ./Core/Src/stm32f4xx_it.o
 .debug_info    0x000135bf      0x53e ./Core/Src/system_stm32f4xx.o
 .debug_info    0x00013afd       0x30 ./Core/Startup/startup_stm32f401ccux.o
 .debug_info    0x00013b2d      0x8bb ./Drivers/STM32F4xx_HAL_Driver/Src/stm32f4xx_hal.o
 .debug_info    0x000143e8      0xcf6 ./Drivers/STM32F4xx_HAL_Driver/Src/stm32f4xx_hal_cortex.o
 .debug_info    0x000150de      0x6f9 ./Drivers/STM32F4xx_HAL_Driver/Src/stm32f4xx_hal_gpio.o
 .debug_info    0x000157d7      0x905 ./Drivers/STM32F4xx_HAL_Driver/Src/stm32f4xx_hal_rcc.o
 .debug_info    0x000160dc     0x1530 ./Drivers/STM32F4xx_HAL_Driver/Src/stm32f4xx_hal_spi.o

.debug_abbrev   0x00000000     0x1911
 .debug_abbrev  0x00000000      0x326 ./Core/Src/lsm6dsr.o
 .debug_abbrev  0x00000326      0x243 ./Core/Src/lsm6dsr_reg.o
 .debug_abbrev  0x00000569      0x3a2 ./Core/Src/main.o
 .debug_abbrev  0x0000090b      0x1ee ./Core/Src/stm32f4xx_hal_msp.o
 .debug_abbrev  0x00000af9       0x73 ./Core/Src/stm32f4xx_it.o
 .debug_abbrev  0x00000b6c      0x11a ./Core/Src/system_stm32f4xx.o
 .debug_abbrev  0x00000c86       0x24 ./Core/Startup/startup_stm32f401ccux.o
 .debug_abbrev  0x00000caa      0x24b ./Drivers/STM32F4xx_HAL_Driver/Src/stm32f4xx_hal.o
 .debug_abbrev  0x00000ef5      0x31d ./Drivers/STM32F4xx_HAL_Driver/Src/stm32f4xx_hal_cortex.o
 .debug_abbrev  0x00001212      0x1d3 ./Drivers/STM32F4xx_HAL_Driver/Src/stm32f4xx_hal_gpio.o
 .debug_abbrev  0x000013e5      0x2b6 ./Drivers/STM32F4xx_HAL_Driver/Src/stm32f4xx_hal_rcc.o
 .debug_abbrev  0x0000169b      0x276 ./Drivers/STM32F4xx_HAL_Driver/Src/stm32f4xx_hal_spi.o

.debug_aranges  0x00000000     0x1398
 .debug_aranges
                0x00000000      0x298 ./Core/Src/lsm6dsr.o
 .debug_aranges
                0x00000298      0xaa0 ./Core/Src/lsm6dsr_reg.o
 .debug_aranges
                0x00000d38       0xa0 ./Core/Src/main.o
 .debug_aranges
                0x00000dd8       0x40 ./Core/Src/stm32f4xx_hal_msp.o
 .debug_aranges
                0x00000e18       0x60 ./Core/Src/stm32f4xx_it.o
 .debug_aranges
                0x00000e78       0x28 ./Core/Src/system_stm32f4xx.o
 .debug_aranges
                0x00000ea0       0x28 ./Core/Startup/startup_stm32f401ccux.o
 .debug_aranges
                0x00000ec8       0xf0 ./Drivers/STM32F4xx_HAL_Driver/Src/stm32f4xx_hal.o
 .debug_aranges
                0x00000fb8      0x130 ./Drivers/STM32F4xx_HAL_Driver/Src/stm32f4xx_hal_cortex.o
 .debug_aranges
                0x000010e8       0x58 ./Drivers/STM32F4xx_HAL_Driver/Src/stm32f4xx_hal_gpio.o
 .debug_aranges
                0x00001140       0x88 ./Drivers/STM32F4xx_HAL_Driver/Src/stm32f4xx_hal_rcc.o
 .debug_aranges
                0x000011c8      0x1d0 ./Drivers/STM32F4xx_HAL_Driver/Src/stm32f4xx_hal_spi.o

.debug_rnglists
                0x00000000      0xef4
 .debug_rnglists
                0x00000000      0x20c ./Core/Src/lsm6dsr.o
 .debug_rnglists
                0x0000020c      0x82b ./Core/Src/lsm6dsr_reg.o
 .debug_rnglists
                0x00000a37       0x77 ./Core/Src/main.o
 .debug_rnglists
                0x00000aae       0x2d ./Core/Src/stm32f4xx_hal_msp.o
 .debug_rnglists
                0x00000adb       0x43 ./Core/Src/stm32f4xx_it.o
 .debug_rnglists
                0x00000b1e       0x1a ./Core/Src/system_stm32f4xx.o
 .debug_rnglists
                0x00000b38       0x19 ./Core/Startup/startup_stm32f401ccux.o
 .debug_rnglists
                0x00000b51       0xaf ./Drivers/STM32F4xx_HAL_Driver/Src/stm32f4xx_hal.o
 .debug_rnglists
                0x00000c00       0xe0 ./Drivers/STM32F4xx_HAL_Driver/Src/stm32f4xx_hal_cortex.o
 .debug_rnglists
                0x00000ce0       0x3f ./Drivers/STM32F4xx_HAL_Driver/Src/stm32f4xx_hal_gpio.o
 .debug_rnglists
                0x00000d1f       0x66 ./Drivers/STM32F4xx_HAL_Driver/Src/stm32f4xx_hal_rcc.o
 .debug_rnglists
                0x00000d85      0x16f ./Drivers/STM32F4xx_HAL_Driver/Src/stm32f4xx_hal_spi.o

.debug_macro    0x00000000    0x15dd5
 .debug_macro   0x00000000      0x161 ./Core/Src/lsm6dsr.o
 .debug_macro   0x00000161      0xab4 ./Core/Src/lsm6dsr.o
 .debug_macro   0x00000c15       0x22 ./Core/Src/lsm6dsr.o
 .debug_macro   0x00000c37       0x8e ./Core/Src/lsm6dsr.o
 .debug_macro   0x00000cc5       0x51 ./Core/Src/lsm6dsr.o
 .debug_macro   0x00000d16      0x103 ./Core/Src/lsm6dsr.o
 .debug_macro   0x00000e19       0x6a ./Core/Src/lsm6dsr.o
 .debug_macro   0x00000e83      0x1df ./Core/Src/lsm6dsr.o
 .debug_macro   0x00001062       0x61 ./Core/Src/lsm6dsr.o
 .debug_macro   0x000010c3       0x2a ./Core/Src/lsm6dsr.o
 .debug_macro   0x000010ed       0x43 ./Core/Src/lsm6dsr.o
 .debug_macro   0x00001130       0x34 ./Core/Src/lsm6dsr.o
 .debug_macro   0x00001164      0x189 ./Core/Src/lsm6dsr.o
 .debug_macro   0x000012ed       0x16 ./Core/Src/lsm6dsr.o
 .debug_macro   0x00001303       0x43 ./Core/Src/lsm6dsr.o
 .debug_macro   0x00001346       0x34 ./Core/Src/lsm6dsr.o
 .debug_macro   0x0000137a       0x10 ./Core/Src/lsm6dsr.o
 .debug_macro   0x0000138a       0x58 ./Core/Src/lsm6dsr.o
 .debug_macro   0x000013e2       0x8e ./Core/Src/lsm6dsr.o
 .debug_macro   0x00001470       0x1c ./Core/Src/lsm6dsr.o
 .debug_macro   0x0000148c      0x177 ./Core/Src/lsm6dsr.o
 .debug_macro   0x00001603      0x369 ./Core/Src/lsm6dsr.o
 .debug_macro   0x0000196c      0x19b ./Core/Src/lsm6dsr.o
 .debug_macro   0x00001b07      0x576 ./Core/Src/lsm6dsr.o
 .debug_macro   0x0000207d       0x16 ./Core/Src/lsm6dsr.o
 .debug_macro   0x00002093       0x35 ./Core/Src/lsm6dsr.o
 .debug_macro   0x000020c8       0x20 ./Core/Src/lsm6dsr.o
 .debug_macro   0x000020e8       0x6d ./Core/Src/lsm6dsr.o
 .debug_macro   0x00002155      0x122 ./Core/Src/lsm6dsr_reg.o
 .debug_macro   0x00002277      0x2ed ./Core/Src/main.o
 .debug_macro   0x00002564      0x29b ./Core/Src/main.o
 .debug_macro   0x000027ff       0x2e ./Core/Src/main.o
 .debug_macro   0x0000282d       0x28 ./Core/Src/main.o
 .debug_macro   0x00002855       0x1c ./Core/Src/main.o
 .debug_macro   0x00002871       0x22 ./Core/Src/main.o
 .debug_macro   0x00002893       0xfb ./Core/Src/main.o
 .debug_macro   0x0000298e     0x1011 ./Core/Src/main.o
 .debug_macro   0x0000399f      0x11f ./Core/Src/main.o
 .debug_macro   0x00003abe     0xb881 ./Core/Src/main.o
 .debug_macro   0x0000f33f       0x6d ./Core/Src/main.o
 .debug_macro   0x0000f3ac     0x3693 ./Core/Src/main.o
 .debug_macro   0x00012a3f       0x5c ./Core/Src/main.o
 .debug_macro   0x00012a9b      0x416 ./Core/Src/main.o
 .debug_macro   0x00012eb1      0x9e9 ./Core/Src/main.o
 .debug_macro   0x0001389a      0x115 ./Core/Src/main.o
 .debug_macro   0x000139af       0xf8 ./Core/Src/main.o
 .debug_macro   0x00013aa7       0xa5 ./Core/Src/main.o
 .debug_macro   0x00013b4c      0x15f ./Core/Src/main.o
 .debug_macro   0x00013cab      0x287 ./Core/Src/main.o
 .debug_macro   0x00013f32       0x5f ./Core/Src/main.o
 .debug_macro   0x00013f91      0x236 ./Core/Src/main.o
 .debug_macro   0x000141c7      0x132 ./Core/Src/main.o
 .debug_macro   0x000142f9      0x23a ./Core/Src/main.o
 .debug_macro   0x00014533       0x2e ./Core/Src/main.o
 .debug_macro   0x00014561      0x127 ./Core/Src/main.o
 .debug_macro   0x00014688       0x85 ./Core/Src/main.o
 .debug_macro   0x0001470d       0x89 ./Core/Src/main.o
 .debug_macro   0x00014796      0x225 ./Core/Src/main.o
 .debug_macro   0x000149bb      0x293 ./Core/Src/main.o
 .debug_macro   0x00014c4e       0xba ./Core/Src/main.o
 .debug_macro   0x00014d08      0x126 ./Core/Src/main.o
 .debug_macro   0x00014e2e      0x1e8 ./Core/Src/stm32f4xx_hal_msp.o
 .debug_macro   0x00015016      0x1f2 ./Core/Src/stm32f4xx_it.o
 .debug_macro   0x00015208      0x1de ./Core/Src/system_stm32f4xx.o
 .debug_macro   0x000153e6      0x23e ./Drivers/STM32F4xx_HAL_Driver/Src/stm32f4xx_hal.o
 .debug_macro   0x00015624      0x1de ./Drivers/STM32F4xx_HAL_Driver/Src/stm32f4xx_hal_cortex.o
 .debug_macro   0x00015802      0x1e4 ./Drivers/STM32F4xx_HAL_Driver/Src/stm32f4xx_hal_gpio.o
 .debug_macro   0x000159e6      0x202 ./Drivers/STM32F4xx_HAL_Driver/Src/stm32f4xx_hal_rcc.o
 .debug_macro   0x00015be8      0x1ed ./Drivers/STM32F4xx_HAL_Driver/Src/stm32f4xx_hal_spi.o

.debug_line     0x00000000     0xdc9a
 .debug_line    0x00000000     0x1cc9 ./Core/Src/lsm6dsr.o
 .debug_line    0x00001cc9     0x4cd0 ./Core/Src/lsm6dsr_reg.o
 .debug_line    0x00006999      0xc44 ./Core/Src/main.o
 .debug_line    0x000075dd      0x7f6 ./Core/Src/stm32f4xx_hal_msp.o
 .debug_line    0x00007dd3      0x81e ./Core/Src/stm32f4xx_it.o
 .debug_line    0x000085f1      0x7d1 ./Core/Src/system_stm32f4xx.o
 .debug_line    0x00008dc2       0x7a ./Core/Startup/startup_stm32f401ccux.o
 .debug_line    0x00008e3c      0xa49 ./Drivers/STM32F4xx_HAL_Driver/Src/stm32f4xx_hal.o
 .debug_line    0x00009885      0xd3b ./Drivers/STM32F4xx_HAL_Driver/Src/stm32f4xx_hal_cortex.o
 .debug_line    0x0000a5c0      0xb99 ./Drivers/STM32F4xx_HAL_Driver/Src/stm32f4xx_hal_gpio.o
 .debug_line    0x0000b159      0xdd4 ./Drivers/STM32F4xx_HAL_Driver/Src/stm32f4xx_hal_rcc.o
 .debug_line    0x0000bf2d     0x1d6d ./Drivers/STM32F4xx_HAL_Driver/Src/stm32f4xx_hal_spi.o

.debug_str      0x00000000    0x8df3e
 .debug_str     0x00000000     0xca6e ./Core/Src/lsm6dsr.o
                               0xce01 (size before relaxing)
 .debug_str     0x0000ca6e     0x3401 ./Core/Src/lsm6dsr_reg.o
                               0xeee8 (size before relaxing)
 .debug_str     0x0000fe6f    0x7c88a ./Core/Src/main.o
                              0x85f6d (size before relaxing)
 .debug_str     0x0008c6f9       0x8a ./Core/Src/stm32f4xx_hal_msp.o
                              0x806eb (size before relaxing)
 .debug_str     0x0008c783       0xc9 ./Core/Src/stm32f4xx_it.o
                              0x7fdc4 (size before relaxing)
 .debug_str     0x0008c84c       0xdb ./Core/Src/system_stm32f4xx.o
                              0x7ff00 (size before relaxing)
 .debug_str     0x0008c927       0x44 ./Core/Startup/startup_stm32f401ccux.o
                                 0x8a (size before relaxing)
 .debug_str     0x0008c96b      0x998 ./Drivers/STM32F4xx_HAL_Driver/Src/stm32f4xx_hal.o
                              0x80922 (size before relaxing)
 .debug_str     0x0008d303      0x37f ./Drivers/STM32F4xx_HAL_Driver/Src/stm32f4xx_hal_cortex.o
                              0x8068c (size before relaxing)
 .debug_str     0x0008d682      0x11c ./Drivers/STM32F4xx_HAL_Driver/Src/stm32f4xx_hal_gpio.o
                              0x8007b (size before relaxing)
 .debug_str     0x0008d79e      0x233 ./Drivers/STM32F4xx_HAL_Driver/Src/stm32f4xx_hal_rcc.o
                              0x80334 (size before relaxing)
 .debug_str     0x0008d9d1      0x56d ./Drivers/STM32F4xx_HAL_Driver/Src/stm32f4xx_hal_spi.o
                              0x807ac (size before relaxing)

.comment        0x00000000       0x43
 .comment       0x00000000       0x43 ./Core/Src/lsm6dsr.o
                                 0x44 (size before relaxing)
 .comment       0x00000043       0x44 ./Core/Src/lsm6dsr_reg.o
 .comment       0x00000043       0x44 ./Core/Src/main.o
 .comment       0x00000043       0x44 ./Core/Src/stm32f4xx_hal_msp.o
 .comment       0x00000043       0x44 ./Core/Src/stm32f4xx_it.o
 .comment       0x00000043       0x44 ./Core/Src/system_stm32f4xx.o
 .comment       0x00000043       0x44 ./Drivers/STM32F4xx_HAL_Driver/Src/stm32f4xx_hal.o
 .comment       0x00000043       0x44 ./Drivers/STM32F4xx_HAL_Driver/Src/stm32f4xx_hal_cortex.o
 .comment       0x00000043       0x44 ./Drivers/STM32F4xx_HAL_Driver/Src/stm32f4xx_hal_gpio.o
 .comment       0x00000043       0x44 ./Drivers/STM32F4xx_HAL_Driver/Src/stm32f4xx_hal_rcc.o
 .comment       0x00000043       0x44 ./Drivers/STM32F4xx_HAL_Driver/Src/stm32f4xx_hal_spi.o

.debug_frame    0x00000000     0x5438
 .debug_frame   0x00000000      0xb68 ./Core/Src/lsm6dsr.o
 .debug_frame   0x00000b68     0x2fbc ./Core/Src/lsm6dsr_reg.o
 .debug_frame   0x00003b24      0x238 ./Core/Src/main.o
 .debug_frame   0x00003d5c       0xc8 ./Core/Src/stm32f4xx_hal_msp.o
 .debug_frame   0x00003e24      0x104 ./Core/Src/stm32f4xx_it.o
 .debug_frame   0x00003f28       0x58 ./Core/Src/system_stm32f4xx.o
 .debug_frame   0x00003f80      0x374 ./Drivers/STM32F4xx_HAL_Driver/Src/stm32f4xx_hal.o
 .debug_frame   0x000042f4      0x508 ./Drivers/STM32F4xx_HAL_Driver/Src/stm32f4xx_hal_cortex.o
 .debug_frame   0x000047fc      0x14c ./Drivers/STM32F4xx_HAL_Driver/Src/stm32f4xx_hal_gpio.o
 .debug_frame   0x00004948      0x1f4 ./Drivers/STM32F4xx_HAL_Driver/Src/stm32f4xx_hal_rcc.o
 .debug_frame   0x00004b3c      0x828 ./Drivers/STM32F4xx_HAL_Driver/Src/stm32f4xx_hal_spi.o
 .debug_frame   0x00005364       0x20 C:/ST/STM32CubeIDE_1.14.0/STM32CubeIDE/plugins/com.st.stm32cube.ide.mcu.externaltools.gnu-tools-for-stm32.12.3.rel1.win32_1.1.0.202410251130/tools/bin/../lib/gcc/arm-none-eabi/12.3.1/../../../../arm-none-eabi/lib/thumb/v7e-m+fp/hard\libc_nano.a(libc_a-memset.o)
 .debug_frame   0x00005384       0x2c C:/ST/STM32CubeIDE_1.14.0/STM32CubeIDE/plugins/com.st.stm32cube.ide.mcu.externaltools.gnu-tools-for-stm32.12.3.rel1.win32_1.1.0.202410251130/tools/bin/../lib/gcc/arm-none-eabi/12.3.1/../../../../arm-none-eabi/lib/thumb/v7e-m+fp/hard\libc_nano.a(libc_a-init.o)
 .debug_frame   0x000053b0       0x28 C:/ST/STM32CubeIDE_1.14.0/STM32CubeIDE/plugins/com.st.stm32cube.ide.mcu.externaltools.gnu-tools-for-stm32.12.3.rel1.win32_1.1.0.202410251130/tools/bin/../lib/gcc/arm-none-eabi/12.3.1/../../../../arm-none-eabi/lib/thumb/v7e-m+fp/hard\libc_nano.a(libc_a-memcpy-stub.o)
 .debug_frame   0x000053d8       0x2c C:/ST/STM32CubeIDE_1.14.0/STM32CubeIDE/plugins/com.st.stm32cube.ide.mcu.externaltools.gnu-tools-for-stm32.12.3.rel1.win32_1.1.0.202410251130/tools/bin/../lib/gcc/arm-none-eabi/12.3.1/thumb/v7e-m+fp/hard\libgcc.a(_aeabi_uldivmod.o)
 .debug_frame   0x00005404       0x34 C:/ST/STM32CubeIDE_1.14.0/STM32CubeIDE/plugins/com.st.stm32cube.ide.mcu.externaltools.gnu-tools-for-stm32.12.3.rel1.win32_1.1.0.202410251130/tools/bin/../lib/gcc/arm-none-eabi/12.3.1/thumb/v7e-m+fp/hard\libgcc.a(_udivmoddi4.o)

.debug_line_str
                0x00000000       0x6e
 .debug_line_str
                0x00000000       0x6e ./Core/Startup/startup_stm32f401ccux.o
