../Core/Src/main.c:200:5:main	24	static
../Core/Src/main.c:578:6:SystemClock_Config	88	static
../Core/Src/main.c:622:13:MX_ADC1_Init	24	static
../Core/Src/main.c:672:13:MX_I2C2_Init	8	static
../Core/Src/main.c:706:13:MX_SPI1_Init	8	static
../Core/Src/main.c:745:13:MX_TIM2_Init	48	static
../Core/Src/main.c:815:13:MX_TIM4_Init	64	static
../Core/Src/main.c:933:13:MX_TIM9_Init	24	static
../Core/Src/main.c:971:13:MX_USART1_UART_Init	8	static
../Core/Src/main.c:1004:13:MX_GPIO_Init	48	static
../Core/Src/main.c:1096:6:ReadSensorRawData	64	static
../Core/Src/main.c:1163:6:HAL_TIM_PeriodElapsedCallback	32	static
../Core/Src/main.c:1344:6:BSP_LED_Init	48	static
../Core/Src/main.c:1373:6:BSP_LED_DeInit	16	static
../Core/Src/main.c:1388:6:BSP_LED_On	16	static
../Core/Src/main.c:1403:6:BSP_LED_Off	16	static
../Core/Src/main.c:1419:6:BSP_LED_Toggle	16	static
../Core/Src/main.c:1443:6:BlueNRG_Init	80	static
../Core/Src/main.c:1589:13:Init_BlueNRG_Custom_Services	16	static
../Core/Src/main.c:1620:13:SendMotionData	32	static
../Core/Src/main.c:1645:13:SendBattEnvData	32	static
../Core/Src/main.c:1689:13:SendArmingData	8	static
../Core/Src/main.c:1700:6:Error_Handler	4	static
