../Core/Src/main.c:200:5:main	24	static
../Core/Src/main.c:583:6:SystemClock_Config	88	static
../Core/Src/main.c:627:13:MX_ADC1_Init	24	static
../Core/Src/main.c:677:13:MX_I2C2_Init	8	static
../Core/Src/main.c:711:13:MX_SPI1_Init	8	static
../Core/Src/main.c:750:13:MX_TIM2_Init	48	static
../Core/Src/main.c:820:13:MX_TIM4_Init	64	static
../Core/Src/main.c:938:13:MX_TIM9_Init	24	static
../Core/Src/main.c:976:13:MX_USART1_UART_Init	8	static
../Core/Src/main.c:1009:13:MX_GPIO_Init	48	static
../Core/Src/main.c:1101:6:ReadSensorRawData	64	static
../Core/Src/main.c:1168:6:HAL_TIM_PeriodElapsedCallback	32	static
../Core/Src/main.c:1349:6:BSP_LED_Init	48	static
../Core/Src/main.c:1378:6:BSP_LED_DeInit	16	static
../Core/Src/main.c:1393:6:BSP_LED_On	16	static
../Core/Src/main.c:1408:6:BSP_LED_Off	16	static
../Core/Src/main.c:1424:6:BSP_LED_Toggle	16	static
../Core/Src/main.c:1448:6:BlueNRG_Init	80	static
../Core/Src/main.c:1594:13:Init_BlueNRG_Custom_Services	16	static
../Core/Src/main.c:1625:13:SendMotionData	32	static
../Core/Src/main.c:1650:13:SendBattEnvData	32	static
../Core/Src/main.c:1694:13:SendArmingData	8	static
../Core/Src/main.c:1705:6:Error_Handler	4	static
