../Core/Src/stm32f4xx_it.c:76:6:NMI_Handler	4	static
../Core/Src/stm32f4xx_it.c:89:6:HardFault_Handler	4	static
../Core/Src/stm32f4xx_it.c:104:6:MemManage_Handler	4	static
../Core/Src/stm32f4xx_it.c:119:6:BusFault_Handler	4	static
../Core/Src/stm32f4xx_it.c:134:6:UsageFault_Handler	4	static
../Core/Src/stm32f4xx_it.c:149:6:SVC_Handler	4	static
../Core/Src/stm32f4xx_it.c:162:6:DebugMon_Handler	4	static
../Core/Src/stm32f4xx_it.c:175:6:PendSV_Handler	4	static
../Core/Src/stm32f4xx_it.c:188:6:SysTick_Handler	8	static
../Core/Src/stm32f4xx_it.c:209:6:EXTI4_IRQHandler	8	static
../Core/Src/stm32f4xx_it.c:223:6:TIM1_BRK_TIM9_IRQHandler	8	static
../Core/Src/stm32f4xx_it.c:237:6:TIM2_IRQHandler	8	static
../Core/Src/stm32f4xx_it.c:252:6:TIM4_IRQHandler	8	static
../Core/Src/stm32f4xx_it.c:266:6:SPI1_IRQHandler	8	static
../Core/Src/stm32f4xx_it.c:280:6:SPI2_IRQHandler	8	static
../Core/Src/stm32f4xx_it.c:294:6:USART1_IRQHandler	8	static
