../Core/Src/VL53L0X/vl53l0x_api_calibration.c:51:15:VL53L0X_perform_xtalk_calibration	104	static
../Core/Src/VL53L0X/vl53l0x_api_calibration.c:193:15:VL53L0X_perform_offset_calibration	80	static
../Core/Src/VL53L0X/vl53l0x_api_calibration.c:293:15:VL53L0X_set_offset_calibration_data_micro_meter	40	static
../Core/Src/VL53L0X/vl53l0x_api_calibration.c:330:15:VL53L0X_get_offset_calibration_data_micro_meter	24	static
../Core/Src/VL53L0X/vl53l0x_api_calibration.c:362:15:VL53L0X_apply_offset_adjustment	32	static
../Core/Src/VL53L0X/vl53l0x_api_calibration.c:403:6:get_next_good_spad	48	static
../Core/Src/VL53L0X/vl53l0x_api_calibration.c:453:9:is_aperture	24	static
../Core/Src/VL53L0X/vl53l0x_api_calibration.c:470:15:enable_spad_bit	40	static
../Core/Src/VL53L0X/vl53l0x_api_calibration.c:488:15:count_enabled_spads	56	static
../Core/Src/VL53L0X/vl53l0x_api_calibration.c:546:15:set_ref_spad_map	24	static
../Core/Src/VL53L0X/vl53l0x_api_calibration.c:554:15:get_ref_spad_map	24	static
../Core/Src/VL53L0X/vl53l0x_api_calibration.c:563:15:enable_ref_spads	56	static
../Core/Src/VL53L0X/vl53l0x_api_calibration.c:636:15:perform_ref_signal_measurement	48	static
../Core/Src/VL53L0X/vl53l0x_api_calibration.c:683:15:VL53L0X_perform_ref_spad_management	128	static
../Core/Src/VL53L0X/vl53l0x_api_calibration.c:953:15:VL53L0X_set_reference_spads	88	static
../Core/Src/VL53L0X/vl53l0x_api_calibration.c:1020:15:VL53L0X_get_reference_spads	64	static
../Core/Src/VL53L0X/vl53l0x_api_calibration.c:1075:15:VL53L0X_perform_single_ref_calibration	24	static
../Core/Src/VL53L0X/vl53l0x_api_calibration.c:1098:15:VL53L0X_ref_calibration_io	24	static
../Core/Src/VL53L0X/vl53l0x_api_calibration.c:1134:15:VL53L0X_perform_vhv_calibration	48	static
../Core/Src/VL53L0X/vl53l0x_api_calibration.c:1179:15:VL53L0X_perform_phase_calibration	48	static
../Core/Src/VL53L0X/vl53l0x_api_calibration.c:1224:15:VL53L0X_perform_ref_calibration	32	static
../Core/Src/VL53L0X/vl53l0x_api_calibration.c:1260:15:VL53L0X_set_ref_calibration	40	static
../Core/Src/VL53L0X/vl53l0x_api_calibration.c:1275:15:VL53L0X_get_ref_calibration	48	static
