../Core/Src/VL53L0X/vl53l0x_api.c:53:15:VL53L0X_GetVersion	24	static
../Core/Src/VL53L0X/vl53l0x_api.c:69:15:VL53L0X_GetPalSpecVersion	24	static
../Core/Src/VL53L0X/vl53l0x_api.c:85:15:VL53L0X_GetProductRevision	32	static
../Core/Src/VL53L0X/vl53l0x_api.c:103:15:VL53L0X_GetDeviceInfo	24	static
../Core/Src/VL53L0X/vl53l0x_api.c:116:15:VL53L0X_GetDeviceErrorStatus	24	static
../Core/Src/VL53L0X/vl53l0x_api.c:134:15:VL53L0X_GetDeviceErrorString	24	static
../Core/Src/VL53L0X/vl53l0x_api.c:147:15:VL53L0X_GetRangeStatusString	24	static
../Core/Src/VL53L0X/vl53l0x_api.c:161:15:VL53L0X_GetPalErrorString	24	static
../Core/Src/VL53L0X/vl53l0x_api.c:174:15:VL53L0X_GetPalStateString	24	static
../Core/Src/VL53L0X/vl53l0x_api.c:187:15:VL53L0X_GetPalState	24	static
../Core/Src/VL53L0X/vl53l0x_api.c:199:15:VL53L0X_SetPowerMode	24	static
../Core/Src/VL53L0X/vl53l0x_api.c:236:15:VL53L0X_GetPowerMode	24	static
../Core/Src/VL53L0X/vl53l0x_api.c:261:15:VL53L0X_SetOffsetCalibrationDataMicroMeter	24	static
../Core/Src/VL53L0X/vl53l0x_api.c:275:15:VL53L0X_GetOffsetCalibrationDataMicroMeter	24	static
../Core/Src/VL53L0X/vl53l0x_api.c:289:15:VL53L0X_SetLinearityCorrectiveGain	24	static
../Core/Src/VL53L0X/vl53l0x_api.c:313:15:VL53L0X_GetLinearityCorrectiveGain	24	static
../Core/Src/VL53L0X/vl53l0x_api.c:326:15:VL53L0X_SetGroupParamHold	24	static
../Core/Src/VL53L0X/vl53l0x_api.c:338:15:VL53L0X_GetUpperLimitMilliMeter	24	static
../Core/Src/VL53L0X/vl53l0x_api.c:351:15:VL53L0X_GetTotalSignalRate	56	static
../Core/Src/VL53L0X/vl53l0x_api.c:371:15:VL53L0X_SetDeviceAddress	24	static
../Core/Src/VL53L0X/vl53l0x_api.c:384:15:VL53L0X_DataInit	152	static
../Core/Src/VL53L0X/vl53l0x_api.c:556:15:VL53L0X_SetTuningSettingBuffer	32	static
../Core/Src/VL53L0X/vl53l0x_api.c:583:15:VL53L0X_GetTuningSettingBuffer	32	static
../Core/Src/VL53L0X/vl53l0x_api.c:598:15:VL53L0X_StaticInit	184	static
../Core/Src/VL53L0X/vl53l0x_api.c:779:15:VL53L0X_WaitDeviceBooted	24	static
../Core/Src/VL53L0X/vl53l0x_api.c:791:15:VL53L0X_ResetDevice	24	static
../Core/Src/VL53L0X/vl53l0x_api.c:837:15:VL53L0X_SetDeviceParameters	24	static
../Core/Src/VL53L0X/vl53l0x_api.c:889:15:VL53L0X_GetDeviceParameters	24	static
../Core/Src/VL53L0X/vl53l0x_api.c:962:15:VL53L0X_SetDeviceMode	24	static
../Core/Src/VL53L0X/vl53l0x_api.c:987:15:VL53L0X_GetDeviceMode	24	static
../Core/Src/VL53L0X/vl53l0x_api.c:1000:15:VL53L0X_SetRangeFractionEnable	24	static
../Core/Src/VL53L0X/vl53l0x_api.c:1015:15:VL53L0X_GetFractionEnable	24	static
../Core/Src/VL53L0X/vl53l0x_api.c:1030:15:VL53L0X_SetHistogramMode	24	static
../Core/Src/VL53L0X/vl53l0x_api.c:1043:15:VL53L0X_GetHistogramMode	24	static
../Core/Src/VL53L0X/vl53l0x_api.c:1056:15:VL53L0X_SetMeasurementTimingBudgetMicroSeconds	24	static
../Core/Src/VL53L0X/vl53l0x_api.c:1071:15:VL53L0X_GetMeasurementTimingBudgetMicroSeconds	24	static
../Core/Src/VL53L0X/vl53l0x_api.c:1085:15:VL53L0X_SetVcselPulsePeriod	24	static
../Core/Src/VL53L0X/vl53l0x_api.c:1099:15:VL53L0X_GetVcselPulsePeriod	32	static
../Core/Src/VL53L0X/vl53l0x_api.c:1113:15:VL53L0X_SetSequenceStepEnable	32	static
../Core/Src/VL53L0X/vl53l0x_api.c:1203:15:sequence_step_enabled	32	static
../Core/Src/VL53L0X/vl53l0x_api.c:1235:15:VL53L0X_GetSequenceStepEnable	32	static
../Core/Src/VL53L0X/vl53l0x_api.c:1255:15:VL53L0X_GetSequenceStepEnables	24	static
../Core/Src/VL53L0X/vl53l0x_api.c:1296:15:VL53L0X_GetNumberOfSequenceSteps	24	static
../Core/Src/VL53L0X/vl53l0x_api.c:1309:15:VL53L0X_GetSequenceStepsInfo	24	static
../Core/Src/VL53L0X/vl53l0x_api.c:1326:15:VL53L0X_SetSequenceStepTimeout	40	static
../Core/Src/VL53L0X/vl53l0x_api.c:1380:15:VL53L0X_GetSequenceStepTimeout	32	static
../Core/Src/VL53L0X/vl53l0x_api.c:1401:15:VL53L0X_SetInterMeasurementPeriodMilliSeconds	32	static
../Core/Src/VL53L0X/vl53l0x_api.c:1437:15:VL53L0X_GetInterMeasurementPeriodMilliSeconds	24	static
../Core/Src/VL53L0X/vl53l0x_api.c:1469:15:VL53L0X_SetXTalkCompensationEnable	24	static
../Core/Src/VL53L0X/vl53l0x_api.c:1507:15:VL53L0X_GetXTalkCompensationEnable	24	static
../Core/Src/VL53L0X/vl53l0x_api.c:1522:15:VL53L0X_SetXTalkCompensationRateMegaCps	24	static
../Core/Src/VL53L0X/vl53l0x_api.c:1561:15:VL53L0X_GetXTalkCompensationRateMegaCps	32	static
../Core/Src/VL53L0X/vl53l0x_api.c:1594:15:VL53L0X_SetRefCalibration	24	static
../Core/Src/VL53L0X/vl53l0x_api.c:1607:15:VL53L0X_GetRefCalibration	32	static
../Core/Src/VL53L0X/vl53l0x_api.c:1624:15:VL53L0X_GetNumberOfLimitCheck	24	static
../Core/Src/VL53L0X/vl53l0x_api.c:1636:15:VL53L0X_GetLimitCheckInfo	32	static
../Core/Src/VL53L0X/vl53l0x_api.c:1650:15:VL53L0X_GetLimitCheckStatus	32	static
../Core/Src/VL53L0X/vl53l0x_api.c:1674:15:VL53L0X_SetLimitCheckEnable	32	static
../Core/Src/VL53L0X/vl53l0x_api.c:1778:15:VL53L0X_GetLimitCheckEnable	32	static
../Core/Src/VL53L0X/vl53l0x_api.c:1800:15:VL53L0X_SetLimitCheckValue	32	static
../Core/Src/VL53L0X/vl53l0x_api.c:1877:15:VL53L0X_GetLimitCheckValue	40	static
../Core/Src/VL53L0X/vl53l0x_api.c:1969:15:VL53L0X_GetLimitCheckCurrent	64	static
../Core/Src/VL53L0X/vl53l0x_api.c:2044:15:VL53L0X_SetWrapAroundCheckEnable	24	static
../Core/Src/VL53L0X/vl53l0x_api.c:2076:15:VL53L0X_GetWrapAroundCheckEnable	24	static
../Core/Src/VL53L0X/vl53l0x_api.c:2104:15:VL53L0X_PerformSingleMeasurement	24	static
../Core/Src/VL53L0X/vl53l0x_api.c:2136:15:VL53L0X_PerformSingleHistogramMeasurement	24	static
../Core/Src/VL53L0X/vl53l0x_api.c:2149:15:VL53L0X_PerformRefCalibration	32	static
../Core/Src/VL53L0X/vl53l0x_api.c:2164:15:VL53L0X_PerformXTalkMeasurement	32	static
../Core/Src/VL53L0X/vl53l0x_api.c:2178:15:VL53L0X_PerformXTalkCalibration	32	static
../Core/Src/VL53L0X/vl53l0x_api.c:2193:15:VL53L0X_PerformOffsetCalibration	32	static
../Core/Src/VL53L0X/vl53l0x_api.c:2207:15:VL53L0X_CheckAndLoadInterruptSettings	32	static
../Core/Src/VL53L0X/vl53l0x_api.c:2283:15:VL53L0X_StartMeasurement	32	static
../Core/Src/VL53L0X/vl53l0x_api.c:2367:15:VL53L0X_StopMeasurement	24	static
../Core/Src/VL53L0X/vl53l0x_api.c:2395:15:VL53L0X_GetMeasurementDataReady	24	static
../Core/Src/VL53L0X/vl53l0x_api.c:2431:15:VL53L0X_WaitDeviceReadyForNewMeasurement	24	static
../Core/Src/VL53L0X/vl53l0x_api.c:2445:15:VL53L0X_GetRangingMeasurementData	104	static
../Core/Src/VL53L0X/vl53l0x_api.c:2603:15:VL53L0X_GetMeasurementRefSignal	24	static
../Core/Src/VL53L0X/vl53l0x_api.c:2624:15:VL53L0X_GetHistogramMeasurementData	24	static
../Core/Src/VL53L0X/vl53l0x_api.c:2635:15:VL53L0X_PerformSingleRangingMeasurement	24	static
../Core/Src/VL53L0X/vl53l0x_api.c:2664:15:VL53L0X_SetNumberOfROIZones	24	static
../Core/Src/VL53L0X/vl53l0x_api.c:2679:15:VL53L0X_GetNumberOfROIZones	24	static
../Core/Src/VL53L0X/vl53l0x_api.c:2692:15:VL53L0X_GetMaxNumberOfROIZones	24	static
../Core/Src/VL53L0X/vl53l0x_api.c:2707:15:VL53L0X_SetGpioConfig	24	static
../Core/Src/VL53L0X/vl53l0x_api.c:2802:15:VL53L0X_GetGpioConfig	32	static
../Core/Src/VL53L0X/vl53l0x_api.c:2874:15:VL53L0X_SetInterruptThresholds	32	static
../Core/Src/VL53L0X/vl53l0x_api.c:2900:15:VL53L0X_GetInterruptThresholds	32	static
../Core/Src/VL53L0X/vl53l0x_api.c:2928:15:VL53L0X_GetStopCompletedStatus	24	static
../Core/Src/VL53L0X/vl53l0x_api.c:2962:15:VL53L0X_ClearInterruptMask	24	static
../Core/Src/VL53L0X/vl53l0x_api.c:2993:15:VL53L0X_GetInterruptMaskStatus	24	static
../Core/Src/VL53L0X/vl53l0x_api.c:3012:15:VL53L0X_EnableInterruptMask	24	static
../Core/Src/VL53L0X/vl53l0x_api.c:3029:15:VL53L0X_SetSpadAmbientDamperThreshold	24	static
../Core/Src/VL53L0X/vl53l0x_api.c:3044:15:VL53L0X_GetSpadAmbientDamperThreshold	24	static
../Core/Src/VL53L0X/vl53l0x_api.c:3059:15:VL53L0X_SetSpadAmbientDamperFactor	24	static
../Core/Src/VL53L0X/vl53l0x_api.c:3077:15:VL53L0X_GetSpadAmbientDamperFactor	24	static
../Core/Src/VL53L0X/vl53l0x_api.c:3100:15:VL53L0X_SetReferenceSpads	32	static
../Core/Src/VL53L0X/vl53l0x_api.c:3114:15:VL53L0X_GetReferenceSpads	32	static
../Core/Src/VL53L0X/vl53l0x_api.c:3128:15:VL53L0X_PerformRefSpadManagement	32	static
