Archive member included to satisfy reference by file (symbol)

C:/ST/STM32CubeIDE_1.14.0/STM32CubeIDE/plugins/com.st.stm32cube.ide.mcu.externaltools.gnu-tools-for-stm32.12.3.rel1.win32_1.1.0.202410251130/tools/bin/../lib/gcc/arm-none-eabi/12.3.1/../../../../arm-none-eabi/lib/thumb/v7e-m+fp/hard\libc_nano.a(libc_a-exit.o)
                              C:/ST/STM32CubeIDE_1.14.0/STM32CubeIDE/plugins/com.st.stm32cube.ide.mcu.externaltools.gnu-tools-for-stm32.12.3.rel1.win32_1.1.0.202410251130/tools/bin/../lib/gcc/arm-none-eabi/12.3.1/../../../../arm-none-eabi/lib/thumb/v7e-m+fp/hard/crt0.o (exit)
C:/ST/STM32CubeIDE_1.14.0/STM32CubeIDE/plugins/com.st.stm32cube.ide.mcu.externaltools.gnu-tools-for-stm32.12.3.rel1.win32_1.1.0.202410251130/tools/bin/../lib/gcc/arm-none-eabi/12.3.1/../../../../arm-none-eabi/lib/thumb/v7e-m+fp/hard\libc_nano.a(libc_a-findfp.o)
                              C:/ST/STM32CubeIDE_1.14.0/STM32CubeIDE/plugins/com.st.stm32cube.ide.mcu.externaltools.gnu-tools-for-stm32.12.3.rel1.win32_1.1.0.202410251130/tools/bin/../lib/gcc/arm-none-eabi/12.3.1/../../../../arm-none-eabi/lib/thumb/v7e-m+fp/hard\libc_nano.a(libc_a-exit.o) (__stdio_exit_handler)
C:/ST/STM32CubeIDE_1.14.0/STM32CubeIDE/plugins/com.st.stm32cube.ide.mcu.externaltools.gnu-tools-for-stm32.12.3.rel1.win32_1.1.0.202410251130/tools/bin/../lib/gcc/arm-none-eabi/12.3.1/../../../../arm-none-eabi/lib/thumb/v7e-m+fp/hard\libc_nano.a(libc_a-fwalk.o)
                              C:/ST/STM32CubeIDE_1.14.0/STM32CubeIDE/plugins/com.st.stm32cube.ide.mcu.externaltools.gnu-tools-for-stm32.12.3.rel1.win32_1.1.0.202410251130/tools/bin/../lib/gcc/arm-none-eabi/12.3.1/../../../../arm-none-eabi/lib/thumb/v7e-m+fp/hard\libc_nano.a(libc_a-findfp.o) (_fwalk_sglue)
C:/ST/STM32CubeIDE_1.14.0/STM32CubeIDE/plugins/com.st.stm32cube.ide.mcu.externaltools.gnu-tools-for-stm32.12.3.rel1.win32_1.1.0.202410251130/tools/bin/../lib/gcc/arm-none-eabi/12.3.1/../../../../arm-none-eabi/lib/thumb/v7e-m+fp/hard\libc_nano.a(libc_a-sprintf.o)
                              ./Core/Src/sensor_service.o (sprintf)
C:/ST/STM32CubeIDE_1.14.0/STM32CubeIDE/plugins/com.st.stm32cube.ide.mcu.externaltools.gnu-tools-for-stm32.12.3.rel1.win32_1.1.0.202410251130/tools/bin/../lib/gcc/arm-none-eabi/12.3.1/../../../../arm-none-eabi/lib/thumb/v7e-m+fp/hard\libc_nano.a(libc_a-stdio.o)
                              C:/ST/STM32CubeIDE_1.14.0/STM32CubeIDE/plugins/com.st.stm32cube.ide.mcu.externaltools.gnu-tools-for-stm32.12.3.rel1.win32_1.1.0.202410251130/tools/bin/../lib/gcc/arm-none-eabi/12.3.1/../../../../arm-none-eabi/lib/thumb/v7e-m+fp/hard\libc_nano.a(libc_a-findfp.o) (__sread)
C:/ST/STM32CubeIDE_1.14.0/STM32CubeIDE/plugins/com.st.stm32cube.ide.mcu.externaltools.gnu-tools-for-stm32.12.3.rel1.win32_1.1.0.202410251130/tools/bin/../lib/gcc/arm-none-eabi/12.3.1/../../../../arm-none-eabi/lib/thumb/v7e-m+fp/hard\libc_nano.a(libc_a-vsnprintf.o)
                              ./Core/Src/debug.o (vsnprintf)
C:/ST/STM32CubeIDE_1.14.0/STM32CubeIDE/plugins/com.st.stm32cube.ide.mcu.externaltools.gnu-tools-for-stm32.12.3.rel1.win32_1.1.0.202410251130/tools/bin/../lib/gcc/arm-none-eabi/12.3.1/../../../../arm-none-eabi/lib/thumb/v7e-m+fp/hard\libc_nano.a(libc_a-memcmp.o)
                              ./Middlewares/HCI/Controller/bluenrg_utils.o (memcmp)
C:/ST/STM32CubeIDE_1.14.0/STM32CubeIDE/plugins/com.st.stm32cube.ide.mcu.externaltools.gnu-tools-for-stm32.12.3.rel1.win32_1.1.0.202410251130/tools/bin/../lib/gcc/arm-none-eabi/12.3.1/../../../../arm-none-eabi/lib/thumb/v7e-m+fp/hard\libc_nano.a(libc_a-memset.o)
                              C:/ST/STM32CubeIDE_1.14.0/STM32CubeIDE/plugins/com.st.stm32cube.ide.mcu.externaltools.gnu-tools-for-stm32.12.3.rel1.win32_1.1.0.202410251130/tools/bin/../lib/gcc/arm-none-eabi/12.3.1/../../../../arm-none-eabi/lib/thumb/v7e-m+fp/hard/crt0.o (memset)
C:/ST/STM32CubeIDE_1.14.0/STM32CubeIDE/plugins/com.st.stm32cube.ide.mcu.externaltools.gnu-tools-for-stm32.12.3.rel1.win32_1.1.0.202410251130/tools/bin/../lib/gcc/arm-none-eabi/12.3.1/../../../../arm-none-eabi/lib/thumb/v7e-m+fp/hard\libc_nano.a(libc_a-strncmp.o)
                              ./Core/Src/sensor_service.o (strncmp)
C:/ST/STM32CubeIDE_1.14.0/STM32CubeIDE/plugins/com.st.stm32cube.ide.mcu.externaltools.gnu-tools-for-stm32.12.3.rel1.win32_1.1.0.202410251130/tools/bin/../lib/gcc/arm-none-eabi/12.3.1/../../../../arm-none-eabi/lib/thumb/v7e-m+fp/hard\libc_nano.a(libc_a-closer.o)
                              C:/ST/STM32CubeIDE_1.14.0/STM32CubeIDE/plugins/com.st.stm32cube.ide.mcu.externaltools.gnu-tools-for-stm32.12.3.rel1.win32_1.1.0.202410251130/tools/bin/../lib/gcc/arm-none-eabi/12.3.1/../../../../arm-none-eabi/lib/thumb/v7e-m+fp/hard\libc_nano.a(libc_a-stdio.o) (_close_r)
[...]
Memory Configuration

Name             Origin             Length             Attributes
RAM              0x20000000         0x00010000         xrw
FLASH            0x08000000         0x00040000         xr
*default*        0x00000000         0xffffffff

Linker script and memory map

LOAD C:/ST/STM32CubeIDE_1.14.0/STM32CubeIDE/plugins/com.st.stm32cube.ide.mcu.externaltools.gnu-tools-for-stm32.12.3.rel1.win32_1.1.0.202410251130/tools/bin/../lib/gcc/arm-none-eabi/12.3.1/thumb/v7e-m+fp/hard/crti.o
LOAD C:/ST/STM32CubeIDE_1.14.0/STM32CubeIDE/plugins/com.st.stm32cube.ide.mcu.externaltools.gnu-tools-for-stm32.12.3.rel1.win32_1.1.0.202410251130/tools/bin/../lib/gcc/arm-none-eabi/12.3.1/thumb/v7e-m+fp/hard/crtbegin.o
LOAD C:/ST/STM32CubeIDE_1.14.0/STM32CubeIDE/plugins/com.st.stm32cube.ide.mcu.externaltools.gnu-tools-for-stm32.12.3.rel1.win32_1.1.0.202410251130/tools/bin/../lib/gcc/arm-none-eabi/12.3.1/../../../../arm-none-eabi/lib/thumb/v7e-m+fp/hard/crt0.o
LOAD ./Core/Src/PID.o
LOAD ./Core/Src/ahrs.o
LOAD ./Core/Src/basic_math.o
LOAD ./Core/Src/console.o
LOAD ./Core/Src/custom_bus.o
LOAD ./Core/Src/debug.o
LOAD ./Core/Src/flight_control.o
LOAD ./Core/Src/main.o
LOAD ./Core/Src/motor.o
LOAD ./Core/Src/quaternion.o
LOAD ./Core/Src/rc.o
LOAD ./Core/Src/sensor_service.o
LOAD ./Core/Src/stm32f4xx_hal_msp.o
LOAD ./Core/Src/stm32f4xx_it.o
LOAD ./Core/Src/syscalls.o
LOAD ./Core/Src/sysmem.o
LOAD ./Core/Src/system_stm32f4xx.o
LOAD ./Core/Src/timer.o
LOAD ./Core/Startup/startup_stm32f401ccux.o
LOAD ./Drivers/BSP/Components/BLE/SPBTLE_RF.o
LOAD ./Drivers/BSP/Components/lps22hh/lps22hh.o
LOAD ./Drivers/BSP/Components/lps22hh/lps22hh_reg.o
LOAD ./Drivers/BSP/Components/lsm6dsr/lsm6dsr.o
LOAD ./Drivers/BSP/Components/lsm6dsr/lsm6dsr_reg.o
LOAD ./Drivers/STM32F4xx_HAL_Driver/Src/stm32f4xx_hal.o
LOAD ./Drivers/STM32F4xx_HAL_Driver/Src/stm32f4xx_hal_adc.o
LOAD ./Drivers/STM32F4xx_HAL_Driver/Src/stm32f4xx_hal_adc_ex.o
LOAD ./Drivers/STM32F4xx_HAL_Driver/Src/stm32f4xx_hal_cortex.o
LOAD ./Drivers/STM32F4xx_HAL_Driver/Src/stm32f4xx_hal_dma.o
LOAD ./Drivers/STM32F4xx_HAL_Driver/Src/stm32f4xx_hal_dma_ex.o
LOAD ./Drivers/STM32F4xx_HAL_Driver/Src/stm32f4xx_hal_exti.o
LOAD ./Drivers/STM32F4xx_HAL_Driver/Src/stm32f4xx_hal_flash.o
LOAD ./Drivers/STM32F4xx_HAL_Driver/Src/stm32f4xx_hal_flash_ex.o
LOAD ./Drivers/STM32F4xx_HAL_Driver/Src/stm32f4xx_hal_flash_ramfunc.o
LOAD ./Drivers/STM32F4xx_HAL_Driver/Src/stm32f4xx_hal_gpio.o
LOAD ./Drivers/STM32F4xx_HAL_Driver/Src/stm32f4xx_hal_i2c.o
LOAD ./Drivers/STM32F4xx_HAL_Driver/Src/stm32f4xx_hal_i2c_ex.o
LOAD ./Drivers/STM32F4xx_HAL_Driver/Src/stm32f4xx_hal_pwr.o
LOAD ./Drivers/STM32F4xx_HAL_Driver/Src/stm32f4xx_hal_pwr_ex.o
LOAD ./Drivers/STM32F4xx_HAL_Driver/Src/stm32f4xx_hal_rcc.o
LOAD ./Drivers/STM32F4xx_HAL_Driver/Src/stm32f4xx_hal_rcc_ex.o
LOAD ./Drivers/STM32F4xx_HAL_Driver/Src/stm32f4xx_hal_spi.o
LOAD ./Drivers/STM32F4xx_HAL_Driver/Src/stm32f4xx_hal_tim.o
LOAD ./Drivers/STM32F4xx_HAL_Driver/Src/stm32f4xx_hal_tim_ex.o
LOAD ./Drivers/STM32F4xx_HAL_Driver/Src/stm32f4xx_hal_uart.o
LOAD ./Drivers/STM32F4xx_HAL_Driver/Src/stm32f4xx_ll_adc.o
LOAD ./Middlewares/HCI/Controller/bluenrg_gap_aci.o
LOAD ./Middlewares/HCI/Controller/bluenrg_gatt_aci.o
LOAD ./Middlewares/HCI/Controller/bluenrg_hal_aci.o
LOAD ./Middlewares/HCI/Controller/bluenrg_l2cap_aci.o
LOAD ./Middlewares/HCI/Controller/bluenrg_utils.o
LOAD ./Middlewares/HCI/hci.o
LOAD ./Middlewares/Interface/bluenrg_itf_template.o
LOAD ./Middlewares/Utils/ble_list.o
LOAD ./Middlewares/Utils/gp_timer.o
LOAD ./Middlewares/Utils/osal.o
LOAD ./X-CUBE-MEMS1/Target/custom_env_sensors.o
LOAD ./X-CUBE-MEMS1/Target/custom_env_sensors_ex.o
LOAD ./X-CUBE-MEMS1/Target/custom_motion_sensors.o
LOAD ./X-CUBE-MEMS1/Target/custom_motion_sensors_ex.o
START GROUP
LOAD C:/ST/STM32CubeIDE_1.14.0/STM32CubeIDE/plugins/com.st.stm32cube.ide.mcu.externaltools.gnu-tools-for-stm32.12.3.rel1.win32_1.1.0.202410251130/tools/bin/../lib/gcc/arm-none-eabi/12.3.1/../../../../arm-none-eabi/lib/thumb/v7e-m+fp/hard\libc_nano.a
LOAD C:/ST/STM32CubeIDE_1.14.0/STM32CubeIDE/plugins/com.st.stm32cube.ide.mcu.externaltools.gnu-tools-for-stm32.12.3.rel1.win32_1.1.0.202410251130/tools/bin/../lib/gcc/arm-none-eabi/12.3.1/../../../../arm-none-eabi/lib/thumb/v7e-m+fp/hard\libm.a
END GROUP
START GROUP
LOAD C:/ST/STM32CubeIDE_1.14.0/STM32CubeIDE/plugins/com.st.stm32cube.ide.mcu.externaltools.gnu-tools-for-stm32.12.3.rel1.win32_1.1.0.202410251130/tools/bin/../lib/gcc/arm-none-eabi/12.3.1/thumb/v7e-m+fp/hard\libgcc.a
LOAD C:/ST/STM32CubeIDE_1.14.0/STM32CubeIDE/plugins/com.st.stm32cube.ide.mcu.externaltools.gnu-tools-for-stm32.12.3.rel1.win32_1.1.0.202410251130/tools/bin/../lib/gcc/arm-none-eabi/12.3.1/../../../../arm-none-eabi/lib/thumb/v7e-m+fp/hard\libc_nano.a
END GROUP
START GROUP
LOAD C:/ST/STM32CubeIDE_1.14.0/STM32CubeIDE/plugins/com.st.stm32cube.ide.mcu.externaltools.gnu-tools-for-stm32.12.3.rel1.win32_1.1.0.202410251130/tools/bin/../lib/gcc/arm-none-eabi/12.3.1/thumb/v7e-m+fp/hard\libgcc.a
LOAD C:/ST/STM32CubeIDE_1.14.0/STM32CubeIDE/plugins/com.st.stm32cube.ide.mcu.externaltools.gnu-tools-for-stm32.12.3.rel1.win32_1.1.0.202410251130/tools/bin/../lib/gcc/arm-none-eabi/12.3.1/../../../../arm-none-eabi/lib/thumb/v7e-m+fp/hard\libc_nano.a
LOAD C:/ST/STM32CubeIDE_1.14.0/STM32CubeIDE/plugins/com.st.stm32cube.ide.mcu.externaltools.gnu-tools-for-stm32.12.3.rel1.win32_1.1.0.202410251130/tools/bin/../lib/gcc/arm-none-eabi/12.3.1/../../../../arm-none-eabi/lib/thumb/v7e-m+fp/hard\libnosys.a
END GROUP
START GROUP
LOAD C:/ST/STM32CubeIDE_1.14.0/STM32CubeIDE/plugins/com.st.stm32cube.ide.mcu.externaltools.gnu-tools-for-stm32.12.3.rel1.win32_1.1.0.202410251130/tools/bin/../lib/gcc/arm-none-eabi/12.3.1/thumb/v7e-m+fp/hard\libgcc.a
LOAD C:/ST/STM32CubeIDE_1.14.0/STM32CubeIDE/plugins/com.st.stm32cube.ide.mcu.externaltools.gnu-tools-for-stm32.12.3.rel1.win32_1.1.0.202410251130/tools/bin/../lib/gcc/arm-none-eabi/12.3.1/../../../../arm-none-eabi/lib/thumb/v7e-m+fp/hard\libc_nano.a
LOAD C:/ST/STM32CubeIDE_1.14.0/STM32CubeIDE/plugins/com.st.stm32cube.ide.mcu.externaltools.gnu-tools-for-stm32.12.3.rel1.win32_1.1.0.202410251130/tools/bin/../lib/gcc/arm-none-eabi/12.3.1/../../../../arm-none-eabi/lib/thumb/v7e-m+fp/hard\libnosys.a
END GROUP
LOAD C:/ST/STM32CubeIDE_1.14.0/STM32CubeIDE/plugins/com.st.stm32cube.ide.mcu.externaltools.gnu-tools-for-stm32.12.3.rel1.win32_1.1.0.202410251130/tools/bin/../lib/gcc/arm-none-eabi/12.3.1/thumb/v7e-m+fp/hard/crtend.o
LOAD C:/ST/STM32CubeIDE_1.14.0/STM32CubeIDE/plugins/com.st.stm32cube.ide.mcu.externaltools.gnu-tools-for-stm32.12.3.rel1.win32_1.1.0.202410251130/tools/bin/../lib/gcc/arm-none-eabi/12.3.1/thumb/v7e-m+fp/hard/crtn.o
                0x20010000                        _estack = (ORIGIN (RAM) + LENGTH (RAM))
                0x00004000                        _Min_Heap_Size = 0x4000
                0x00004000                        _Min_Stack_Size = 0x4000

.isr_vector     0x08000000      0x194
                0x08000000                        . = ALIGN (0x4)
 *(.isr_vector)
 .isr_vector    0x08000000      0x194 ./Core/Startup/startup_stm32f401ccux.o
                0x08000000                g_pfnVectors
                0x08000194                        . = ALIGN (0x4)

.text           0x080001a0    0x1140c
                0x080001a0                        . = ALIGN (0x4)
 *(.text)
 .text          0x080001a0       0x40 C:/ST/STM32CubeIDE_1.14.0/STM32CubeIDE/plugins/com.st.stm32cube.ide.mcu.externaltools.gnu-tools-for-stm32.12.3.rel1.win32_1.1.0.202410251130/tools/bin/../lib/gcc/arm-none-eabi/12.3.1/thumb/v7e-m+fp/hard/crtbegin.o
 .text          0x080001e0       0xa0 C:/ST/STM32CubeIDE_1.14.0/STM32CubeIDE/plugins/com.st.stm32cube.ide.mcu.externaltools.gnu-tools-for-stm32.12.3.rel1.win32_1.1.0.202410251130/tools/bin/../lib/gcc/arm-none-eabi/12.3.1/../../../../arm-none-eabi/lib/thumb/v7e-m+fp/hard\libc_nano.a(libc_a-memchr.o)
                0x080001e0                memchr
 .text          0x08000280      0x378 C:/ST/STM32CubeIDE_1.14.0/STM32CubeIDE/plugins/com.st.stm32cube.ide.mcu.externaltools.gnu-tools-for-stm32.12.3.rel1.win32_1.1.0.202410251130/tools/bin/../lib/gcc/arm-none-eabi/12.3.1/thumb/v7e-m+fp/hard\libgcc.a(_arm_addsubdf3.o)
                0x08000280                __aeabi_drsub
                0x08000288                __aeabi_dsub
                0x08000288                __subdf3
                0x0800028c                __aeabi_dadd
                0x0800028c                __adddf3
                0x08000504                __floatunsidf
                0x08000504                __aeabi_ui2d
                0x08000524                __floatsidf
                0x08000524                __aeabi_i2d
                0x08000548                __aeabi_f2d
                0x08000548                __extendsfdf2
                0x0800058c                __floatundidf
                0x0800058c                __aeabi_ul2d
                0x0800059c                __floatdidf
                0x0800059c                __aeabi_l2d
 .text          0x080005f8      0x424 C:/ST/STM32CubeIDE_1.14.0/STM32CubeIDE/plugins/com.st.stm32cube.ide.mcu.externaltools.gnu-tools-for-stm32.12.3.rel1.win32_1.1.0.202410251130/tools/bin/../lib/gcc/arm-none-eabi/12.3.1/thumb/v7e-m+fp/hard\libgcc.a(_arm_muldivdf3.o)
                0x080005f8                __aeabi_dmul
                0x080005f8                __muldf3
                0x0800084c                __divdf3
                0x0800084c                __aeabi_ddiv
 .text          0x08000a1c      0x110 C:/ST/STM32CubeIDE_1.14.0/STM32CubeIDE/plugins/com.st.stm32cube.ide.mcu.externaltools.gnu-tools-for-stm32.12.3.rel1.win32_1.1.0.202410251130/tools/bin/../lib/gcc/arm-none-eabi/12.3.1/thumb/v7e-m+fp/hard\libgcc.a(_arm_cmpdf2.o)
                0x08000a1c                __gtdf2
                0x08000a1c                __gedf2
                0x08000a24                __ltdf2
                0x08000a24                __ledf2
                0x08000a2c                __nedf2
                0x08000a2c                __eqdf2
                0x08000a2c                __cmpdf2
                0x08000aa8                __aeabi_cdrcmple
                0x08000ab8                __aeabi_cdcmpeq
                0x08000ab8                __aeabi_cdcmple
                0x08000ac8                __aeabi_dcmpeq
                0x08000adc                __aeabi_dcmplt
                0x08000af0                __aeabi_dcmple
                0x08000b04                __aeabi_dcmpge
                0x08000b18                __aeabi_dcmpgt
 .text          0x08000b2c       0x2c C:/ST/STM32CubeIDE_1.14.0/STM32CubeIDE/plugins/com.st.stm32cube.ide.mcu.externaltools.gnu-tools-for-stm32.12.3.rel1.win32_1.1.0.202410251130/tools/bin/../lib/gcc/arm-none-eabi/12.3.1/thumb/v7e-m+fp/hard\libgcc.a(_arm_unorddf2.o)
                0x08000b2c                __unorddf2
                0x08000b2c                __aeabi_dcmpun
 .text          0x08000b58       0xa0 C:/ST/STM32CubeIDE_1.14.0/STM32CubeIDE/plugins/com.st.stm32cube.ide.mcu.externaltools.gnu-tools-for-stm32.12.3.rel1.win32_1.1.0.202410251130/tools/bin/../lib/gcc/arm-none-eabi/12.3.1/thumb/v7e-m+fp/hard\libgcc.a(_arm_truncdfsf2.o)
                0x08000b58                __truncdfsf2
                0x08000b58                __aeabi_d2f
 .text          0x08000bf8       0x30 C:/ST/STM32CubeIDE_1.14.0/STM32CubeIDE/plugins/com.st.stm32cube.ide.mcu.externaltools.gnu-tools-for-stm32.12.3.rel1.win32_1.1.0.202410251130/tools/bin/../lib/gcc/arm-none-eabi/12.3.1/thumb/v7e-m+fp/hard\libgcc.a(_aeabi_uldivmod.o)
                0x08000bf8                __aeabi_uldivmod
 .text          0x08000c28      0x2bc C:/ST/STM32CubeIDE_1.14.0/STM32CubeIDE/plugins/com.st.stm32cube.ide.mcu.externaltools.gnu-tools-for-stm32.12.3.rel1.win32_1.1.0.202410251130/tools/bin/../lib/gcc/arm-none-eabi/12.3.1/thumb/v7e-m+fp/hard\libgcc.a(_udivmoddi4.o)
                0x08000c28                __udivmoddi4
 .text          0x08000ee4        0x4 C:/ST/STM32CubeIDE_1.14.0/STM32CubeIDE/plugins/com.st.stm32cube.ide.mcu.externaltools.gnu-tools-for-stm32.12.3.rel1.win32_1.1.0.202410251130/tools/bin/../lib/gcc/arm-none-eabi/12.3.1/thumb/v7e-m+fp/hard\libgcc.a(_dvmd_tls.o)
                0x08000ee4                __aeabi_idiv0
                0x08000ee4                __aeabi_ldiv0
 *(.text*)
 .text.ahrs_fusion_ag
                0x08000ee8      0x50c ./Core/Src/ahrs.o
                0x08000ee8                ahrs_fusion_ag
 .text.invSqrt  0x080013f4       0x78 ./Core/Src/basic_math.o
                0x080013f4                invSqrt
 .text.BSP_SPI2_Init
                0x0800146c       0x60 ./Core/Src/custom_bus.o
                0x0800146c                BSP_SPI2_Init
 .text.BSP_SPI2_DeInit
                0x080014cc       0x50 ./Core/Src/custom_bus.o
                0x080014cc                BSP_SPI2_DeInit
 .text.BSP_SPI2_Send
                0x0800151c       0x38 ./Core/Src/custom_bus.o
                0x0800151c                BSP_SPI2_Send
 .text.BSP_SPI2_Recv
                0x08001554       0x38 ./Core/Src/custom_bus.o
                0x08001554                BSP_SPI2_Recv
 .text.BSP_GetTick
                0x0800158c        0xe ./Core/Src/custom_bus.o
                0x0800158c                BSP_GetTick
 *fill*         0x0800159a        0x2 
 .text.MX_SPI2_Init
                0x0800159c       0x78 ./Core/Src/custom_bus.o
                0x0800159c                MX_SPI2_Init
 .text.SPI2_MspInit
                0x08001614       0xc8 ./Core/Src/custom_bus.o
 .text.SPI2_MspDeInit
                0x080016dc       0x48 ./Core/Src/custom_bus.o
 .text.myprintf
                0x08001724       0x44 ./Core/Src/debug.o
                0x08001724                myprintf
 .text.usart_puts
                0x08001768       0x28 ./Core/Src/debug.o
                0x08001768                usart_puts
 .text.PIDControlInit
                0x08001790       0xf0 ./Core/Src/flight_control.o
                0x08001790                PIDControlInit
 .text.FlightControlPID_OuterLoop
                0x08001880      0x238 ./Core/Src/flight_control.o
                0x08001880                FlightControlPID_OuterLoop
 .text.FlightControlPID_innerLoop
                0x08001ab8      0x548 ./Core/Src/flight_control.o
                0x08001ab8                FlightControlPID_innerLoop
 .text.main     0x08002000      0xa2c ./Core/Src/main.o
                0x08002000                main
 .text.SystemClock_Config
                0x08002a2c       0xd8 ./Core/Src/main.o
                0x08002a2c                SystemClock_Config
 .text.MX_ADC1_Init
                0x08002b04       0xa4 ./Core/Src/main.o
 .text.MX_I2C2_Init
                0x08002ba8       0x5c ./Core/Src/main.o
 .text.MX_SPI1_Init
                0x08002c04       0x6c ./Core/Src/main.o
 .text.MX_TIM2_Init
                0x08002c70      0x120 ./Core/Src/main.o
 .text.MX_TIM4_Init
                0x08002d90      0x130 ./Core/Src/main.o
 .text.MX_TIM9_Init
                0x08002ec0       0x74 ./Core/Src/main.o
 .text.MX_USART1_UART_Init
                0x08002f34       0x54 ./Core/Src/main.o
 .text.MX_GPIO_Init
                0x08002f88      0x1c4 ./Core/Src/main.o
 .text.ReadSensorRawData
                0x0800314c       0x86 ./Core/Src/main.o
                0x0800314c                ReadSensorRawData
 *fill*         0x080031d2        0x2 
 .text.HAL_TIM_PeriodElapsedCallback
                0x080031d4      0x928 ./Core/Src/main.o
                0x080031d4                HAL_TIM_PeriodElapsedCallback
 .text.BSP_LED_Init
                0x08003afc       0x8c ./Core/Src/main.o
                0x08003afc                BSP_LED_Init
 .text.BSP_LED_On
                0x08003b88       0x34 ./Core/Src/main.o
                0x08003b88                BSP_LED_On
 .text.BSP_LED_Off
                0x08003bbc       0x34 ./Core/Src/main.o
                0x08003bbc                BSP_LED_Off
 .text.BSP_LED_Toggle
                0x08003bf0       0x34 ./Core/Src/main.o
                0x08003bf0                BSP_LED_Toggle
 .text.BlueNRG_Init
                0x08003c24      0x284 ./Core/Src/main.o
                0x08003c24                BlueNRG_Init
 .text.Init_BlueNRG_Custom_Services
                0x08003ea8       0x7c ./Core/Src/main.o
 .text.SendMotionData
                0x08003f24       0x48 ./Core/Src/main.o
 *fill*         0x08003f6c        0x4 
 .text.SendBattEnvData
                0x08003f70      0x22c ./Core/Src/main.o
 .text.SendArmingData
                0x0800419c       0x18 ./Core/Src/main.o
 .text.Error_Handler
                0x080041b4        0xe ./Core/Src/main.o
                0x080041b4                Error_Handler
 *fill*         0x080041c2        0x2 
 .text.set_motor_pwm
                0x080041c4      0x154 ./Core/Src/motor.o
                0x080041c4                set_motor_pwm
 .text.set_motor_pwm_zero
                0x08004318       0x34 ./Core/Src/motor.o
                0x08004318                set_motor_pwm_zero
 .text.QuaternionToEuler
                0x0800434c      0x164 ./Core/Src/quaternion.o
                0x0800434c                QuaternionToEuler
 .text.init_remote_control
                0x080044b0       0x60 ./Core/Src/rc.o
                0x080044b0                init_remote_control
 .text.init_rc_variables
                0x08004510       0x68 ./Core/Src/rc.o
                0x08004510                init_rc_variables
 .text.HAL_TIM_IC_CaptureCallback
                0x08004578       0x16 ./Core/Src/rc.o
                0x08004578                HAL_TIM_IC_CaptureCallback
 *fill*         0x0800458e        0x2 
 .text.update_rc_data
                0x08004590       0xb4 ./Core/Src/rc.o
                0x08004590                update_rc_data
 .text.GetTargetEulerAngle
                0x08004644      0x174 ./Core/Src/rc.o
                0x08004644                GetTargetEulerAngle
 .text.init_queue
                0x080047b8       0x60 ./Core/Src/rc.o
                0x080047b8                init_queue
 .text.safe_aci_gatt_update_char_value
                0x08004818       0x68 ./Core/Src/sensor_service.o
                0x08004818                safe_aci_gatt_update_char_value
 .text.Add_ConfigW2ST_Service
                0x08004880       0xec ./Core/Src/sensor_service.o
                0x08004880                Add_ConfigW2ST_Service
 .text.Add_ConsoleW2ST_Service
                0x0800496c      0x164 ./Core/Src/sensor_service.o
                0x0800496c                Add_ConsoleW2ST_Service
 .text.Stderr_Update
                0x08004ad0       0x90 ./Core/Src/sensor_service.o
                0x08004ad0                Stderr_Update
 .text.Term_Update
                0x08004b60       0x9c ./Core/Src/sensor_service.o
                0x08004b60                Term_Update
 .text.Stderr_Update_AfterRead
                0x08004bfc       0x44 ./Core/Src/sensor_service.o
 .text.Term_Update_AfterRead
                0x08004c40       0x88 ./Core/Src/sensor_service.o
 .text.Add_HWServW2ST_Service
                0x08004cc8      0x32c ./Core/Src/sensor_service.o
                0x08004cc8                Add_HWServW2ST_Service
 .text.AccGyroMag_Update
                0x08004ff4      0x18c ./Core/Src/sensor_service.o
                0x08004ff4                AccGyroMag_Update
 .text.Batt_Env_RSSI_Update
                0x08005180      0x178 ./Core/Src/sensor_service.o
                0x08005180                Batt_Env_RSSI_Update
 .text.ARMING_Update
                0x080052f8       0xa4 ./Core/Src/sensor_service.o
                0x080052f8                ARMING_Update
 .text.setConnectable
                0x0800539c       0xcc ./Core/Src/sensor_service.o
                0x0800539c                setConnectable
 .text.GAP_ConnectionComplete_CB
                0x08005468       0x98 ./Core/Src/sensor_service.o
 .text.GAP_DisconnectionComplete_CB
                0x08005500       0x40 ./Core/Src/sensor_service.o
 .text.Read_Request_CB
                0x08005540      0x108 ./Core/Src/sensor_service.o
                0x08005540                Read_Request_CB
 .text.Attribute_Modified_CB
                0x08005648      0x244 ./Core/Src/sensor_service.o
                0x08005648                Attribute_Modified_CB
 .text.DebugConsoleCommandParsing
                0x0800588c      0x470 ./Core/Src/sensor_service.o
 .text.ConfigCommandParsing
                0x08005cfc       0x1e ./Core/Src/sensor_service.o
 *fill*         0x08005d1a        0x2 
 .text.HCI_Event_CB
                0x08005d1c       0xec ./Core/Src/sensor_service.o
                0x08005d1c                HCI_Event_CB
 .text.DisableHWFeatures
                0x08005e08        0xe ./Core/Src/sensor_service.o
 *fill*         0x08005e16        0x2 
 .text.HAL_MspInit
                0x08005e18       0x50 ./Core/Src/stm32f4xx_hal_msp.o
                0x08005e18                HAL_MspInit
 .text.HAL_ADC_MspInit
                0x08005e68       0x88 ./Core/Src/stm32f4xx_hal_msp.o
                0x08005e68                HAL_ADC_MspInit
 .text.HAL_I2C_MspInit
                0x08005ef0       0xb0 ./Core/Src/stm32f4xx_hal_msp.o
                0x08005ef0                HAL_I2C_MspInit
 .text.HAL_SPI_MspInit
                0x08005fa0      0x13c ./Core/Src/stm32f4xx_hal_msp.o
                0x08005fa0                HAL_SPI_MspInit
 .text.HAL_SPI_MspDeInit
                0x080060dc       0x70 ./Core/Src/stm32f4xx_hal_msp.o
                0x080060dc                HAL_SPI_MspDeInit
 .text.HAL_TIM_Base_MspInit
                0x0800614c      0x114 ./Core/Src/stm32f4xx_hal_msp.o
                0x0800614c                HAL_TIM_Base_MspInit
 .text.HAL_TIM_MspPostInit
                0x08006260       0x74 ./Core/Src/stm32f4xx_hal_msp.o
                0x08006260                HAL_TIM_MspPostInit
 .text.HAL_UART_MspInit
                0x080062d4       0xa0 ./Core/Src/stm32f4xx_hal_msp.o
                0x080062d4                HAL_UART_MspInit
 .text.NMI_Handler
                0x08006374        0xe ./Core/Src/stm32f4xx_it.o
                0x08006374                NMI_Handler
 .text.HardFault_Handler
                0x08006382        0x8 ./Core/Src/stm32f4xx_it.o
                0x08006382                HardFault_Handler
 .text.MemManage_Handler
                0x0800638a        0x8 ./Core/Src/stm32f4xx_it.o
                0x0800638a                MemManage_Handler
 .text.BusFault_Handler
                0x08006392        0x8 ./Core/Src/stm32f4xx_it.o
                0x08006392                BusFault_Handler
 .text.UsageFault_Handler
                0x0800639a        0x8 ./Core/Src/stm32f4xx_it.o
                0x0800639a                UsageFault_Handler
 .text.SVC_Handler
                0x080063a2        0xe ./Core/Src/stm32f4xx_it.o
                0x080063a2                SVC_Handler
 .text.DebugMon_Handler
                0x080063b0        0xe ./Core/Src/stm32f4xx_it.o
                0x080063b0                DebugMon_Handler
 .text.PendSV_Handler
                0x080063be        0xe ./Core/Src/stm32f4xx_it.o
                0x080063be                PendSV_Handler
 .text.SysTick_Handler
                0x080063cc        0xc ./Core/Src/stm32f4xx_it.o
                0x080063cc                SysTick_Handler
 .text.EXTI4_IRQHandler
                0x080063d8        0xe ./Core/Src/stm32f4xx_it.o
                0x080063d8                EXTI4_IRQHandler
 *fill*         0x080063e6        0x2 
 .text.TIM1_BRK_TIM9_IRQHandler
                0x080063e8       0x14 ./Core/Src/stm32f4xx_it.o
                0x080063e8                TIM1_BRK_TIM9_IRQHandler
 .text.TIM2_IRQHandler
                0x080063fc       0x14 ./Core/Src/stm32f4xx_it.o
                0x080063fc                TIM2_IRQHandler
 .text.TIM4_IRQHandler
                0x08006410       0x14 ./Core/Src/stm32f4xx_it.o
                0x08006410                TIM4_IRQHandler
 .text.SPI1_IRQHandler
                0x08006424       0x14 ./Core/Src/stm32f4xx_it.o
                0x08006424                SPI1_IRQHandler
 .text.SPI2_IRQHandler
                0x08006438       0x14 ./Core/Src/stm32f4xx_it.o
                0x08006438                SPI2_IRQHandler
 .text.USART1_IRQHandler
                0x0800644c       0x14 ./Core/Src/stm32f4xx_it.o
                0x0800644c                USART1_IRQHandler
 .text._sbrk    0x08006460       0x58 ./Core/Src/sysmem.o
                0x08006460                _sbrk
 .text.SystemInit
                0x080064b8       0x2c ./Core/Src/system_stm32f4xx.o
                0x080064b8                SystemInit
 .text.SetupTimer
                0x080064e4       0x2e ./Core/Src/timer.o
                0x080064e4                SetupTimer
 .text.StartTimer
                0x08006512       0x26 ./Core/Src/timer.o
                0x08006512                StartTimer
 .text.ClearTimer
                0x08006538       0x1a ./Core/Src/timer.o
                0x08006538                ClearTimer
 .text.isTimerEventExist
                0x08006552       0x18 ./Core/Src/timer.o
                0x08006552                isTimerEventExist
 *fill*         0x0800656a        0x2 
 .text.Reset_Handler
                0x0800656c       0x50 ./Core/Startup/startup_stm32f401ccux.o
                0x0800656c                Reset_Handler
 .text.Default_Handler
                0x080065bc        0x2 ./Core/Startup/startup_stm32f401ccux.o
                0x080065bc                RTC_Alarm_IRQHandler
                0x080065bc                EXTI2_IRQHandler
                0x080065bc                SPI4_IRQHandler
                0x080065bc                TIM1_CC_IRQHandler
                0x080065bc                DMA2_Stream5_IRQHandler
                0x080065bc                DMA1_Stream5_IRQHandler
                0x080065bc                PVD_IRQHandler
                0x080065bc                SDIO_IRQHandler
                0x080065bc                TAMP_STAMP_IRQHandler
                0x080065bc                EXTI3_IRQHandler
                0x080065bc                TIM1_UP_TIM10_IRQHandler
                0x080065bc                I2C3_ER_IRQHandler
                0x080065bc                EXTI0_IRQHandler
                0x080065bc                I2C2_EV_IRQHandler
                0x080065bc                DMA1_Stream2_IRQHandler
                0x080065bc                FPU_IRQHandler
                0x080065bc                DMA2_Stream2_IRQHandler
                0x080065bc                DMA2_Stream3_IRQHandler
                0x080065bc                USART6_IRQHandler
                0x080065bc                DMA2_Stream0_IRQHandler
                0x080065bc                I2C1_EV_IRQHandler
                0x080065bc                DMA1_Stream6_IRQHandler
                0x080065bc                DMA1_Stream1_IRQHandler
                0x080065bc                TIM3_IRQHandler
                0x080065bc                RCC_IRQHandler
                0x080065bc                Default_Handler
                0x080065bc                EXTI15_10_IRQHandler
                0x080065bc                ADC_IRQHandler
                0x080065bc                DMA1_Stream7_IRQHandler
                0x080065bc                TIM5_IRQHandler
                0x080065bc                DMA2_Stream7_IRQHandler
                0x080065bc                I2C3_EV_IRQHandler
                0x080065bc                EXTI9_5_IRQHandler
                0x080065bc                RTC_WKUP_IRQHandler
                0x080065bc                DMA1_Stream0_IRQHandler
                0x080065bc                WWDG_IRQHandler
                0x080065bc                OTG_FS_WKUP_IRQHandler
                0x080065bc                TIM1_TRG_COM_TIM11_IRQHandler
                0x080065bc                EXTI1_IRQHandler
                0x080065bc                USART2_IRQHandler
                0x080065bc                I2C2_ER_IRQHandler
                0x080065bc                DMA2_Stream1_IRQHandler
                0x080065bc                FLASH_IRQHandler
                0x080065bc                DMA2_Stream4_IRQHandler
                0x080065bc                OTG_FS_IRQHandler
                0x080065bc                SPI3_IRQHandler
                0x080065bc                DMA1_Stream4_IRQHandler
                0x080065bc                I2C1_ER_IRQHandler
                0x080065bc                DMA2_Stream6_IRQHandler
                0x080065bc                DMA1_Stream3_IRQHandler
 *fill*         0x080065be        0x2 
 .text.HAL_GPIO_EXTI_Callback
                0x080065c0       0x28 ./Drivers/BSP/Components/BLE/SPBTLE_RF.o
                0x080065c0                HAL_GPIO_EXTI_Callback
 .text.Hal_Write_Serial
                0x080065e8       0x5c ./Drivers/BSP/Components/BLE/SPBTLE_RF.o
                0x080065e8                Hal_Write_Serial
 .text.BNRG_SPI_Init
                0x08006644       0x64 ./Drivers/BSP/Components/BLE/SPBTLE_RF.o
                0x08006644                BNRG_SPI_Init
 .text.BlueNRG_RST
                0x080066a8       0x2c ./Drivers/BSP/Components/BLE/SPBTLE_RF.o
                0x080066a8                BlueNRG_RST
 .text.BlueNRG_DataPresent
                0x080066d4       0x20 ./Drivers/BSP/Components/BLE/SPBTLE_RF.o
                0x080066d4                BlueNRG_DataPresent
 .text.BlueNRG_SPI_Read_All
                0x080066f4       0xf0 ./Drivers/BSP/Components/BLE/SPBTLE_RF.o
                0x080066f4                BlueNRG_SPI_Read_All
 .text.BlueNRG_SPI_Write
                0x080067e4      0x180 ./Drivers/BSP/Components/BLE/SPBTLE_RF.o
                0x080067e4                BlueNRG_SPI_Write
 .text.set_irq_as_output
                0x08006964       0x38 ./Drivers/BSP/Components/BLE/SPBTLE_RF.o
                0x08006964                set_irq_as_output
 .text.set_irq_as_input
                0x0800699c       0x44 ./Drivers/BSP/Components/BLE/SPBTLE_RF.o
                0x0800699c                set_irq_as_input
 .text.us150Delay
                0x080069e0       0x2a ./Drivers/BSP/Components/BLE/SPBTLE_RF.o
 .text.Enable_SPI_IRQ
                0x08006a0a        0xe ./Drivers/BSP/Components/BLE/SPBTLE_RF.o
                0x08006a0a                Enable_SPI_IRQ
 .text.Disable_SPI_IRQ
                0x08006a18        0xe ./Drivers/BSP/Components/BLE/SPBTLE_RF.o
                0x08006a18                Disable_SPI_IRQ
 *fill*         0x08006a26        0x2 
 .text.Clear_SPI_EXTI_Flag
                0x08006a28       0x18 ./Drivers/BSP/Components/BLE/SPBTLE_RF.o
                0x08006a28                Clear_SPI_EXTI_Flag
 .text.LPS22HH_RegisterBusIO
                0x08006a40       0xcc ./Drivers/BSP/Components/lps22hh/lps22hh.o
                0x08006a40                LPS22HH_RegisterBusIO
 .text.LPS22HH_Init
                0x08006b0c       0x36 ./Drivers/BSP/Components/lps22hh/lps22hh.o
                0x08006b0c                LPS22HH_Init
 .text.LPS22HH_DeInit
                0x08006b42       0x48 ./Drivers/BSP/Components/lps22hh/lps22hh.o
                0x08006b42                LPS22HH_DeInit
 .text.LPS22HH_ReadID
                0x08006b8a       0x2c ./Drivers/BSP/Components/lps22hh/lps22hh.o
                0x08006b8a                LPS22HH_ReadID
 *fill*         0x08006bb6        0x2 
 .text.LPS22HH_GetCapabilities
                0x08006bb8       0x48 ./Drivers/BSP/Components/lps22hh/lps22hh.o
                0x08006bb8                LPS22HH_GetCapabilities
 .text.LPS22HH_PRESS_Enable
                0x08006c00       0x48 ./Drivers/BSP/Components/lps22hh/lps22hh.o
                0x08006c00                LPS22HH_PRESS_Enable
 .text.LPS22HH_PRESS_Disable
                0x08006c48       0x68 ./Drivers/BSP/Components/lps22hh/lps22hh.o
                0x08006c48                LPS22HH_PRESS_Disable
 .text.LPS22HH_PRESS_GetOutputDataRate
                0x08006cb0       0x1c ./Drivers/BSP/Components/lps22hh/lps22hh.o
                0x08006cb0                LPS22HH_PRESS_GetOutputDataRate
 .text.LPS22HH_PRESS_SetOutputDataRate
                0x08006ccc       0x38 ./Drivers/BSP/Components/lps22hh/lps22hh.o
                0x08006ccc                LPS22HH_PRESS_SetOutputDataRate
 .text.LPS22HH_PRESS_GetPressure
                0x08006d04       0x50 ./Drivers/BSP/Components/lps22hh/lps22hh.o
                0x08006d04                LPS22HH_PRESS_GetPressure
 .text.LPS22HH_TEMP_Enable
                0x08006d54       0x48 ./Drivers/BSP/Components/lps22hh/lps22hh.o
                0x08006d54                LPS22HH_TEMP_Enable
 .text.LPS22HH_TEMP_Disable
                0x08006d9c       0x68 ./Drivers/BSP/Components/lps22hh/lps22hh.o
                0x08006d9c                LPS22HH_TEMP_Disable
 .text.LPS22HH_TEMP_GetOutputDataRate
                0x08006e04       0x1c ./Drivers/BSP/Components/lps22hh/lps22hh.o
                0x08006e04                LPS22HH_TEMP_GetOutputDataRate
 .text.LPS22HH_TEMP_SetOutputDataRate
                0x08006e20       0x38 ./Drivers/BSP/Components/lps22hh/lps22hh.o
                0x08006e20                LPS22HH_TEMP_SetOutputDataRate
 .text.LPS22HH_TEMP_GetTemperature
                0x08006e58       0x52 ./Drivers/BSP/Components/lps22hh/lps22hh.o
                0x08006e58                LPS22HH_TEMP_GetTemperature
 .text.LPS22HH_Write_Reg
                0x08006eaa       0x36 ./Drivers/BSP/Components/lps22hh/lps22hh.o
                0x08006eaa                LPS22HH_Write_Reg
 .text.LPS22HH_GetOutputDataRate
                0x08006ee0       0xc8 ./Drivers/BSP/Components/lps22hh/lps22hh.o
 .text.LPS22HH_SetOutputDataRate_When_Enabled
                0x08006fa8       0xe4 ./Drivers/BSP/Components/lps22hh/lps22hh.o
 .text.LPS22HH_SetOutputDataRate_When_Disabled
                0x0800708c       0xb4 ./Drivers/BSP/Components/lps22hh/lps22hh.o
 .text.LPS22HH_Initialize
                0x08007140       0x92 ./Drivers/BSP/Components/lps22hh/lps22hh.o
 .text.ReadRegWrap
                0x080071d2       0x36 ./Drivers/BSP/Components/lps22hh/lps22hh.o
 .text.WriteRegWrap
                0x08007208       0x36 ./Drivers/BSP/Components/lps22hh/lps22hh.o
 .text.lps22hh_read_reg
                0x0800723e       0x30 ./Drivers/BSP/Components/lps22hh/lps22hh_reg.o
                0x0800723e                lps22hh_read_reg
 .text.lps22hh_write_reg
                0x0800726e       0x30 ./Drivers/BSP/Components/lps22hh/lps22hh_reg.o
                0x0800726e                lps22hh_write_reg
 *fill*         0x0800729e        0x2 
 .text.lps22hh_from_lsb_to_hpa
                0x080072a0       0x30 ./Drivers/BSP/Components/lps22hh/lps22hh_reg.o
                0x080072a0                lps22hh_from_lsb_to_hpa
 .text.lps22hh_from_lsb_to_celsius
                0x080072d0       0x34 ./Drivers/BSP/Components/lps22hh/lps22hh_reg.o
                0x080072d0                lps22hh_from_lsb_to_celsius
 .text.lps22hh_block_data_update_set
                0x08007304       0x4c ./Drivers/BSP/Components/lps22hh/lps22hh_reg.o
                0x08007304                lps22hh_block_data_update_set
 .text.lps22hh_data_rate_set
                0x08007350       0x9c ./Drivers/BSP/Components/lps22hh/lps22hh_reg.o
                0x08007350                lps22hh_data_rate_set
 .text.lps22hh_data_rate_get
                0x080073ec      0x150 ./Drivers/BSP/Components/lps22hh/lps22hh_reg.o
                0x080073ec                lps22hh_data_rate_get
 .text.lps22hh_pressure_raw_get
                0x0800753c       0x52 ./Drivers/BSP/Components/lps22hh/lps22hh_reg.o
                0x0800753c                lps22hh_pressure_raw_get
 .text.lps22hh_temperature_raw_get
                0x0800758e       0x44 ./Drivers/BSP/Components/lps22hh/lps22hh_reg.o
                0x0800758e                lps22hh_temperature_raw_get
 .text.lps22hh_device_id_get
                0x080075d2       0x22 ./Drivers/BSP/Components/lps22hh/lps22hh_reg.o
                0x080075d2                lps22hh_device_id_get
 .text.lps22hh_auto_increment_set
                0x080075f4       0x4c ./Drivers/BSP/Components/lps22hh/lps22hh_reg.o
                0x080075f4                lps22hh_auto_increment_set
 .text.lps22hh_lp_bandwidth_set
                0x08007640       0x4c ./Drivers/BSP/Components/lps22hh/lps22hh_reg.o
                0x08007640                lps22hh_lp_bandwidth_set
 .text.lps22hh_i3c_interface_set
                0x0800768c       0x5e ./Drivers/BSP/Components/lps22hh/lps22hh_reg.o
                0x0800768c                lps22hh_i3c_interface_set
 *fill*         0x080076ea        0x2 
 .text.LSM6DSR_RegisterBusIO
                0x080076ec       0xcc ./Drivers/BSP/Components/lsm6dsr/lsm6dsr.o
                0x080076ec                LSM6DSR_RegisterBusIO
 .text.LSM6DSR_Init
                0x080077b8       0xea ./Drivers/BSP/Components/lsm6dsr/lsm6dsr.o
                0x080077b8                LSM6DSR_Init
 .text.LSM6DSR_DeInit
                0x080078a2       0x4e ./Drivers/BSP/Components/lsm6dsr/lsm6dsr.o
                0x080078a2                LSM6DSR_DeInit
 .text.LSM6DSR_ReadID
                0x080078f0       0x2c ./Drivers/BSP/Components/lsm6dsr/lsm6dsr.o
                0x080078f0                LSM6DSR_ReadID
 .text.LSM6DSR_GetCapabilities
                0x0800791c       0x5c ./Drivers/BSP/Components/lsm6dsr/lsm6dsr.o
                0x0800791c                LSM6DSR_GetCapabilities
 .text.LSM6DSR_ACC_Enable
                0x08007978       0x48 ./Drivers/BSP/Components/lsm6dsr/lsm6dsr.o
                0x08007978                LSM6DSR_ACC_Enable
 .text.LSM6DSR_ACC_Disable
                0x080079c0       0x5e ./Drivers/BSP/Components/lsm6dsr/lsm6dsr.o
                0x080079c0                LSM6DSR_ACC_Disable
 *fill*         0x08007a1e        0x2 
 .text.LSM6DSR_ACC_GetSensitivity
                0x08007a20       0x8c ./Drivers/BSP/Components/lsm6dsr/lsm6dsr.o
                0x08007a20                LSM6DSR_ACC_GetSensitivity
 .text.LSM6DSR_ACC_GetOutputDataRate
                0x08007aac       0xf8 ./Drivers/BSP/Components/lsm6dsr/lsm6dsr.o
                0x08007aac                LSM6DSR_ACC_GetOutputDataRate
 .text.LSM6DSR_ACC_SetOutputDataRate
                0x08007ba4       0x38 ./Drivers/BSP/Components/lsm6dsr/lsm6dsr.o
                0x08007ba4                LSM6DSR_ACC_SetOutputDataRate
 .text.LSM6DSR_ACC_GetFullScale
                0x08007bdc       0x7c ./Drivers/BSP/Components/lsm6dsr/lsm6dsr.o
                0x08007bdc                LSM6DSR_ACC_GetFullScale
 .text.LSM6DSR_ACC_SetFullScale
                0x08007c58       0x50 ./Drivers/BSP/Components/lsm6dsr/lsm6dsr.o
                0x08007c58                LSM6DSR_ACC_SetFullScale
 .text.LSM6DSR_ACC_GetAxesRaw
                0x08007ca8       0x48 ./Drivers/BSP/Components/lsm6dsr/lsm6dsr.o
                0x08007ca8                LSM6DSR_ACC_GetAxesRaw
 .text.LSM6DSR_ACC_GetAxes
                0x08007cf0       0xae ./Drivers/BSP/Components/lsm6dsr/lsm6dsr.o
                0x08007cf0                LSM6DSR_ACC_GetAxes
 .text.LSM6DSR_GYRO_Enable
                0x08007d9e       0x48 ./Drivers/BSP/Components/lsm6dsr/lsm6dsr.o
                0x08007d9e                LSM6DSR_GYRO_Enable
 .text.LSM6DSR_GYRO_Disable
                0x08007de6       0x5e ./Drivers/BSP/Components/lsm6dsr/lsm6dsr.o
                0x08007de6                LSM6DSR_GYRO_Disable
 .text.LSM6DSR_GYRO_GetSensitivity
                0x08007e44       0xc8 ./Drivers/BSP/Components/lsm6dsr/lsm6dsr.o
                0x08007e44                LSM6DSR_GYRO_GetSensitivity
 .text.LSM6DSR_GYRO_GetOutputDataRate
                0x08007f0c       0xf8 ./Drivers/BSP/Components/lsm6dsr/lsm6dsr.o
                0x08007f0c                LSM6DSR_GYRO_GetOutputDataRate
 .text.LSM6DSR_GYRO_SetOutputDataRate
                0x08008004       0x38 ./Drivers/BSP/Components/lsm6dsr/lsm6dsr.o
                0x08008004                LSM6DSR_GYRO_SetOutputDataRate
 .text.LSM6DSR_GYRO_GetFullScale
                0x0800803c       0xb8 ./Drivers/BSP/Components/lsm6dsr/lsm6dsr.o
                0x0800803c                LSM6DSR_GYRO_GetFullScale
 .text.LSM6DSR_GYRO_SetFullScale
                0x080080f4       0x6a ./Drivers/BSP/Components/lsm6dsr/lsm6dsr.o
                0x080080f4                LSM6DSR_GYRO_SetFullScale
 .text.LSM6DSR_GYRO_GetAxesRaw
                0x0800815e       0x48 ./Drivers/BSP/Components/lsm6dsr/lsm6dsr.o
                0x0800815e                LSM6DSR_GYRO_GetAxesRaw
 .text.LSM6DSR_GYRO_GetAxes
                0x080081a6       0xa8 ./Drivers/BSP/Components/lsm6dsr/lsm6dsr.o
                0x080081a6                LSM6DSR_GYRO_GetAxes
 .text.LSM6DSR_Read_Reg
                0x0800824e       0x34 ./Drivers/BSP/Components/lsm6dsr/lsm6dsr.o
                0x0800824e                LSM6DSR_Read_Reg
 .text.LSM6DSR_Write_Reg
                0x08008282       0x36 ./Drivers/BSP/Components/lsm6dsr/lsm6dsr.o
                0x08008282                LSM6DSR_Write_Reg
 .text.LSM6DSR_ACC_SetOutputDataRate_When_Enabled
                0x080082b8      0x118 ./Drivers/BSP/Components/lsm6dsr/lsm6dsr.o
 .text.LSM6DSR_ACC_SetOutputDataRate_When_Disabled
                0x080083d0      0x104 ./Drivers/BSP/Components/lsm6dsr/lsm6dsr.o
 .text.LSM6DSR_GYRO_SetOutputDataRate_When_Enabled
                0x080084d4      0x118 ./Drivers/BSP/Components/lsm6dsr/lsm6dsr.o
 .text.LSM6DSR_GYRO_SetOutputDataRate_When_Disabled
                0x080085ec      0x104 ./Drivers/BSP/Components/lsm6dsr/lsm6dsr.o
 .text.ReadRegWrap
                0x080086f0       0x36 ./Drivers/BSP/Components/lsm6dsr/lsm6dsr.o
 .text.WriteRegWrap
                0x08008726       0x36 ./Drivers/BSP/Components/lsm6dsr/lsm6dsr.o
 .text.lsm6dsr_read_reg
                0x0800875c       0x30 ./Drivers/BSP/Components/lsm6dsr/lsm6dsr_reg.o
                0x0800875c                lsm6dsr_read_reg
 .text.lsm6dsr_write_reg
                0x0800878c       0x30 ./Drivers/BSP/Components/lsm6dsr/lsm6dsr_reg.o
                0x0800878c                lsm6dsr_write_reg
 .text.lsm6dsr_xl_full_scale_set
                0x080087bc       0x4c ./Drivers/BSP/Components/lsm6dsr/lsm6dsr_reg.o
                0x080087bc                lsm6dsr_xl_full_scale_set
 .text.lsm6dsr_xl_full_scale_get
                0x08008808       0x70 ./Drivers/BSP/Components/lsm6dsr/lsm6dsr_reg.o
                0x08008808                lsm6dsr_xl_full_scale_get
 .text.lsm6dsr_xl_data_rate_set
                0x08008878      0x1f4 ./Drivers/BSP/Components/lsm6dsr/lsm6dsr_reg.o
                0x08008878                lsm6dsr_xl_data_rate_set
 .text.lsm6dsr_xl_data_rate_get
                0x08008a6c       0xd0 ./Drivers/BSP/Components/lsm6dsr/lsm6dsr_reg.o
                0x08008a6c                lsm6dsr_xl_data_rate_get
 .text.lsm6dsr_gy_full_scale_set
                0x08008b3c       0x4c ./Drivers/BSP/Components/lsm6dsr/lsm6dsr_reg.o
                0x08008b3c                lsm6dsr_gy_full_scale_set
 .text.lsm6dsr_gy_full_scale_get
                0x08008b88       0xa4 ./Drivers/BSP/Components/lsm6dsr/lsm6dsr_reg.o
                0x08008b88                lsm6dsr_gy_full_scale_get
 .text.lsm6dsr_gy_data_rate_set
                0x08008c2c      0x1f4 ./Drivers/BSP/Components/lsm6dsr/lsm6dsr_reg.o
                0x08008c2c                lsm6dsr_gy_data_rate_set
 .text.lsm6dsr_gy_data_rate_get
                0x08008e20       0xc4 ./Drivers/BSP/Components/lsm6dsr/lsm6dsr_reg.o
                0x08008e20                lsm6dsr_gy_data_rate_get
 .text.lsm6dsr_block_data_update_set
                0x08008ee4       0x4c ./Drivers/BSP/Components/lsm6dsr/lsm6dsr_reg.o
                0x08008ee4                lsm6dsr_block_data_update_set
 .text.lsm6dsr_angular_rate_raw_get
                0x08008f30       0x90 ./Drivers/BSP/Components/lsm6dsr/lsm6dsr_reg.o
                0x08008f30                lsm6dsr_angular_rate_raw_get
 .text.lsm6dsr_acceleration_raw_get
                0x08008fc0       0x90 ./Drivers/BSP/Components/lsm6dsr/lsm6dsr_reg.o
                0x08008fc0                lsm6dsr_acceleration_raw_get
 .text.lsm6dsr_mem_bank_set
                0x08009050       0x4c ./Drivers/BSP/Components/lsm6dsr/lsm6dsr_reg.o
                0x08009050                lsm6dsr_mem_bank_set
 .text.lsm6dsr_device_id_get
                0x0800909c       0x2e ./Drivers/BSP/Components/lsm6dsr/lsm6dsr_reg.o
                0x0800909c                lsm6dsr_device_id_get
 .text.lsm6dsr_auto_increment_set
                0x080090ca       0x4c ./Drivers/BSP/Components/lsm6dsr/lsm6dsr_reg.o
                0x080090ca                lsm6dsr_auto_increment_set
 .text.lsm6dsr_i3c_disable_set
                0x08009116       0x8c ./Drivers/BSP/Components/lsm6dsr/lsm6dsr_reg.o
                0x08009116                lsm6dsr_i3c_disable_set
 .text.lsm6dsr_fifo_mode_set
                0x080091a2       0x4c ./Drivers/BSP/Components/lsm6dsr/lsm6dsr_reg.o
                0x080091a2                lsm6dsr_fifo_mode_set
 .text.lsm6dsr_fsm_enable_get
                0x080091ee       0x58 ./Drivers/BSP/Components/lsm6dsr/lsm6dsr_reg.o
                0x080091ee                lsm6dsr_fsm_enable_get
 *fill*         0x08009246        0x2 
 .text.lsm6dsr_fsm_data_rate_get
                0x08009248       0x90 ./Drivers/BSP/Components/lsm6dsr/lsm6dsr_reg.o
                0x08009248                lsm6dsr_fsm_data_rate_get
 .text.HAL_Init
                0x080092d8       0x44 ./Drivers/STM32F4xx_HAL_Driver/Src/stm32f4xx_hal.o
                0x080092d8                HAL_Init
 .text.HAL_InitTick
                0x0800931c       0x60 ./Drivers/STM32F4xx_HAL_Driver/Src/stm32f4xx_hal.o
                0x0800931c                HAL_InitTick
 .text.HAL_IncTick
                0x0800937c       0x28 ./Drivers/STM32F4xx_HAL_Driver/Src/stm32f4xx_hal.o
                0x0800937c                HAL_IncTick
 .text.HAL_GetTick
                0x080093a4       0x18 ./Drivers/STM32F4xx_HAL_Driver/Src/stm32f4xx_hal.o
                0x080093a4                HAL_GetTick
 .text.HAL_Delay
                0x080093bc       0x48 ./Drivers/STM32F4xx_HAL_Driver/Src/stm32f4xx_hal.o
                0x080093bc                HAL_Delay
 .text.HAL_GetHalVersion
                0x08009404       0x14 ./Drivers/STM32F4xx_HAL_Driver/Src/stm32f4xx_hal.o
                0x08009404                HAL_GetHalVersion
 .text.HAL_ADC_Init
                0x08009418       0x86 ./Drivers/STM32F4xx_HAL_Driver/Src/stm32f4xx_hal_adc.o
                0x08009418                HAL_ADC_Init
 *fill*         0x0800949e        0x2 
 .text.HAL_ADC_Start
                0x080094a0      0x168 ./Drivers/STM32F4xx_HAL_Driver/Src/stm32f4xx_hal_adc.o
                0x080094a0                HAL_ADC_Start
 .text.HAL_ADC_Stop
                0x08009608       0x66 ./Drivers/STM32F4xx_HAL_Driver/Src/stm32f4xx_hal_adc.o
                0x08009608                HAL_ADC_Stop
 .text.HAL_ADC_PollForConversion
                0x0800966e      0x116 ./Drivers/STM32F4xx_HAL_Driver/Src/stm32f4xx_hal_adc.o
                0x0800966e                HAL_ADC_PollForConversion
 .text.HAL_ADC_GetValue
                0x08009784       0x1a ./Drivers/STM32F4xx_HAL_Driver/Src/stm32f4xx_hal_adc.o
                0x08009784                HAL_ADC_GetValue
 *fill*         0x0800979e        0x2 
 .text.HAL_ADC_ConfigChannel
                0x080097a0      0x244 ./Drivers/STM32F4xx_HAL_Driver/Src/stm32f4xx_hal_adc.o
                0x080097a0                HAL_ADC_ConfigChannel
 .text.ADC_Init
                0x080099e4      0x1f8 ./Drivers/STM32F4xx_HAL_Driver/Src/stm32f4xx_hal_adc.o
 .text.__NVIC_SetPriorityGrouping
                0x08009bdc       0x48 ./Drivers/STM32F4xx_HAL_Driver/Src/stm32f4xx_hal_cortex.o
 .text.__NVIC_GetPriorityGrouping
                0x08009c24       0x1c ./Drivers/STM32F4xx_HAL_Driver/Src/stm32f4xx_hal_cortex.o
 .text.__NVIC_EnableIRQ
                0x08009c40       0x3c ./Drivers/STM32F4xx_HAL_Driver/Src/stm32f4xx_hal_cortex.o
 .text.__NVIC_DisableIRQ
                0x08009c7c       0x48 ./Drivers/STM32F4xx_HAL_Driver/Src/stm32f4xx_hal_cortex.o
 .text.__NVIC_SetPriority
                0x08009cc4       0x54 ./Drivers/STM32F4xx_HAL_Driver/Src/stm32f4xx_hal_cortex.o
 .text.NVIC_EncodePriority
                0x08009d18       0x66 ./Drivers/STM32F4xx_HAL_Driver/Src/stm32f4xx_hal_cortex.o
 *fill*         0x08009d7e        0x2 
 .text.SysTick_Config
                0x08009d80       0x44 ./Drivers/STM32F4xx_HAL_Driver/Src/stm32f4xx_hal_cortex.o
 .text.HAL_NVIC_SetPriorityGrouping
                0x08009dc4       0x16 ./Drivers/STM32F4xx_HAL_Driver/Src/stm32f4xx_hal_cortex.o
                0x08009dc4                HAL_NVIC_SetPriorityGrouping
 .text.HAL_NVIC_SetPriority
                0x08009dda       0x38 ./Drivers/STM32F4xx_HAL_Driver/Src/stm32f4xx_hal_cortex.o
                0x08009dda                HAL_NVIC_SetPriority
 .text.HAL_NVIC_EnableIRQ
                0x08009e12       0x1c ./Drivers/STM32F4xx_HAL_Driver/Src/stm32f4xx_hal_cortex.o
                0x08009e12                HAL_NVIC_EnableIRQ
 .text.HAL_NVIC_DisableIRQ
                0x08009e2e       0x1c ./Drivers/STM32F4xx_HAL_Driver/Src/stm32f4xx_hal_cortex.o
                0x08009e2e                HAL_NVIC_DisableIRQ
 .text.HAL_SYSTICK_Config
                0x08009e4a       0x18 ./Drivers/STM32F4xx_HAL_Driver/Src/stm32f4xx_hal_cortex.o
                0x08009e4a                HAL_SYSTICK_Config
 .text.HAL_DMA_Abort
                0x08009e62       0xe0 ./Drivers/STM32F4xx_HAL_Driver/Src/stm32f4xx_hal_dma.o
                0x08009e62                HAL_DMA_Abort
 .text.HAL_DMA_Abort_IT
                0x08009f42       0x44 ./Drivers/STM32F4xx_HAL_Driver/Src/stm32f4xx_hal_dma.o
                0x08009f42                HAL_DMA_Abort_IT
 *fill*         0x08009f86        0x2 
 .text.HAL_GPIO_Init
                0x08009f88      0x308 ./Drivers/STM32F4xx_HAL_Driver/Src/stm32f4xx_hal_gpio.o
                0x08009f88                HAL_GPIO_Init
 .text.HAL_GPIO_DeInit
                0x0800a290      0x1c8 ./Drivers/STM32F4xx_HAL_Driver/Src/stm32f4xx_hal_gpio.o
                0x0800a290                HAL_GPIO_DeInit
 .text.HAL_GPIO_ReadPin
                0x0800a458       0x30 ./Drivers/STM32F4xx_HAL_Driver/Src/stm32f4xx_hal_gpio.o
                0x0800a458                HAL_GPIO_ReadPin
 .text.HAL_GPIO_WritePin
                0x0800a488       0x32 ./Drivers/STM32F4xx_HAL_Driver/Src/stm32f4xx_hal_gpio.o
                0x0800a488                HAL_GPIO_WritePin
 .text.HAL_GPIO_TogglePin
                0x0800a4ba       0x34 ./Drivers/STM32F4xx_HAL_Driver/Src/stm32f4xx_hal_gpio.o
                0x0800a4ba                HAL_GPIO_TogglePin
 *fill*         0x0800a4ee        0x2 
 .text.HAL_GPIO_EXTI_IRQHandler
                0x0800a4f0       0x30 ./Drivers/STM32F4xx_HAL_Driver/Src/stm32f4xx_hal_gpio.o
                0x0800a4f0                HAL_GPIO_EXTI_IRQHandler
 .text.HAL_I2C_Init
                0x0800a520      0x288 ./Drivers/STM32F4xx_HAL_Driver/Src/stm32f4xx_hal_i2c.o
                0x0800a520                HAL_I2C_Init
 .text.HAL_RCC_OscConfig
                0x0800a7a8      0x4f0 ./Drivers/STM32F4xx_HAL_Driver/Src/stm32f4xx_hal_rcc.o
                0x0800a7a8                HAL_RCC_OscConfig
 .text.HAL_RCC_ClockConfig
                0x0800ac98      0x1cc ./Drivers/STM32F4xx_HAL_Driver/Src/stm32f4xx_hal_rcc.o
                0x0800ac98                HAL_RCC_ClockConfig
 .text.HAL_RCC_GetSysClockFreq
                0x0800ae64      0x208 ./Drivers/STM32F4xx_HAL_Driver/Src/stm32f4xx_hal_rcc.o
                0x0800ae64                HAL_RCC_GetSysClockFreq
 .text.HAL_RCC_GetHCLKFreq
                0x0800b06c       0x18 ./Drivers/STM32F4xx_HAL_Driver/Src/stm32f4xx_hal_rcc.o
                0x0800b06c                HAL_RCC_GetHCLKFreq
 .text.HAL_RCC_GetPCLK1Freq
                0x0800b084       0x28 ./Drivers/STM32F4xx_HAL_Driver/Src/stm32f4xx_hal_rcc.o
                0x0800b084                HAL_RCC_GetPCLK1Freq
 .text.HAL_RCC_GetPCLK2Freq
                0x0800b0ac       0x28 ./Drivers/STM32F4xx_HAL_Driver/Src/stm32f4xx_hal_rcc.o
                0x0800b0ac                HAL_RCC_GetPCLK2Freq
 .text.HAL_SPI_Init
                0x0800b0d4      0x112 ./Drivers/STM32F4xx_HAL_Driver/Src/stm32f4xx_hal_spi.o
                0x0800b0d4                HAL_SPI_Init
 .text.HAL_SPI_DeInit
                0x0800b1e6       0x50 ./Drivers/STM32F4xx_HAL_Driver/Src/stm32f4xx_hal_spi.o
                0x0800b1e6                HAL_SPI_DeInit
 .text.HAL_SPI_Transmit
                0x0800b236      0x278 ./Drivers/STM32F4xx_HAL_Driver/Src/stm32f4xx_hal_spi.o
                0x0800b236                HAL_SPI_Transmit
 .text.HAL_SPI_Receive
                0x0800b4ae      0x222 ./Drivers/STM32F4xx_HAL_Driver/Src/stm32f4xx_hal_spi.o
                0x0800b4ae                HAL_SPI_Receive
 .text.HAL_SPI_TransmitReceive
                0x0800b6d0      0x344 ./Drivers/STM32F4xx_HAL_Driver/Src/stm32f4xx_hal_spi.o
                0x0800b6d0                HAL_SPI_TransmitReceive
 .text.HAL_SPI_IRQHandler
                0x0800ba14      0x1e8 ./Drivers/STM32F4xx_HAL_Driver/Src/stm32f4xx_hal_spi.o
                0x0800ba14                HAL_SPI_IRQHandler
 .text.HAL_SPI_ErrorCallback
                0x0800bbfc       0x14 ./Drivers/STM32F4xx_HAL_Driver/Src/stm32f4xx_hal_spi.o
                0x0800bbfc                HAL_SPI_ErrorCallback
 .text.HAL_SPI_GetState
                0x0800bc10       0x1c ./Drivers/STM32F4xx_HAL_Driver/Src/stm32f4xx_hal_spi.o
                0x0800bc10                HAL_SPI_GetState
 .text.SPI_DMAAbortOnError
                0x0800bc2c       0x28 ./Drivers/STM32F4xx_HAL_Driver/Src/stm32f4xx_hal_spi.o
 .text.SPI_WaitFlagStateUntilTimeout
                0x0800bc54      0x110 ./Drivers/STM32F4xx_HAL_Driver/Src/stm32f4xx_hal_spi.o
 .text.SPI_EndRxTransaction
                0x0800bd64       0xca ./Drivers/STM32F4xx_HAL_Driver/Src/stm32f4xx_hal_spi.o
 *fill*         0x0800be2e        0x2 
 .text.SPI_EndRxTxTransaction
                0x0800be30       0x84 ./Drivers/STM32F4xx_HAL_Driver/Src/stm32f4xx_hal_spi.o
 .text.HAL_TIM_Base_Init
                0x0800beb4       0x9e ./Drivers/STM32F4xx_HAL_Driver/Src/stm32f4xx_hal_tim.o
                0x0800beb4                HAL_TIM_Base_Init
 *fill*         0x0800bf52        0x2 
 .text.HAL_TIM_Base_Start_IT
                0x0800bf54       0xc4 ./Drivers/STM32F4xx_HAL_Driver/Src/stm32f4xx_hal_tim.o
                0x0800bf54                HAL_TIM_Base_Start_IT
 .text.HAL_TIM_PWM_Init
                0x0800c018       0x9e ./Drivers/STM32F4xx_HAL_Driver/Src/stm32f4xx_hal_tim.o
                0x0800c018                HAL_TIM_PWM_Init
 .text.HAL_TIM_PWM_MspInit
                0x0800c0b6       0x14 ./Drivers/STM32F4xx_HAL_Driver/Src/stm32f4xx_hal_tim.o
                0x0800c0b6                HAL_TIM_PWM_MspInit
 *fill*         0x0800c0ca        0x2 
 .text.HAL_TIM_PWM_Start
                0x0800c0cc      0x160 ./Drivers/STM32F4xx_HAL_Driver/Src/stm32f4xx_hal_tim.o
                0x0800c0cc                HAL_TIM_PWM_Start
 .text.HAL_TIM_IC_Init
                0x0800c22c       0x9e ./Drivers/STM32F4xx_HAL_Driver/Src/stm32f4xx_hal_tim.o
                0x0800c22c                HAL_TIM_IC_Init
 .text.HAL_TIM_IC_MspInit
                0x0800c2ca       0x14 ./Drivers/STM32F4xx_HAL_Driver/Src/stm32f4xx_hal_tim.o
                0x0800c2ca                HAL_TIM_IC_MspInit
 *fill*         0x0800c2de        0x2 
 .text.HAL_TIM_IC_Start_IT
                0x0800c2e0      0x228 ./Drivers/STM32F4xx_HAL_Driver/Src/stm32f4xx_hal_tim.o
                0x0800c2e0                HAL_TIM_IC_Start_IT
 .text.HAL_TIM_IRQHandler
                0x0800c508      0x210 ./Drivers/STM32F4xx_HAL_Driver/Src/stm32f4xx_hal_tim.o
                0x0800c508                HAL_TIM_IRQHandler
 .text.HAL_TIM_IC_ConfigChannel
                0x0800c718      0x128 ./Drivers/STM32F4xx_HAL_Driver/Src/stm32f4xx_hal_tim.o
                0x0800c718                HAL_TIM_IC_ConfigChannel
 .text.HAL_TIM_PWM_ConfigChannel
                0x0800c840      0x17c ./Drivers/STM32F4xx_HAL_Driver/Src/stm32f4xx_hal_tim.o
                0x0800c840                HAL_TIM_PWM_ConfigChannel
 .text.HAL_TIM_ConfigClockSource
                0x0800c9bc      0x188 ./Drivers/STM32F4xx_HAL_Driver/Src/stm32f4xx_hal_tim.o
                0x0800c9bc                HAL_TIM_ConfigClockSource
 .text.HAL_TIM_OC_DelayElapsedCallback
                0x0800cb44       0x14 ./Drivers/STM32F4xx_HAL_Driver/Src/stm32f4xx_hal_tim.o
                0x0800cb44                HAL_TIM_OC_DelayElapsedCallback
 .text.HAL_TIM_PWM_PulseFinishedCallback
                0x0800cb58       0x14 ./Drivers/STM32F4xx_HAL_Driver/Src/stm32f4xx_hal_tim.o
                0x0800cb58                HAL_TIM_PWM_PulseFinishedCallback
 .text.HAL_TIM_TriggerCallback
                0x0800cb6c       0x14 ./Drivers/STM32F4xx_HAL_Driver/Src/stm32f4xx_hal_tim.o
                0x0800cb6c                HAL_TIM_TriggerCallback
 .text.TIM_Base_SetConfig
                0x0800cb80      0x100 ./Drivers/STM32F4xx_HAL_Driver/Src/stm32f4xx_hal_tim.o
                0x0800cb80                TIM_Base_SetConfig
 .text.TIM_OC1_SetConfig
                0x0800cc80       0xcc ./Drivers/STM32F4xx_HAL_Driver/Src/stm32f4xx_hal_tim.o
 .text.TIM_OC2_SetConfig
                0x0800cd4c       0xd8 ./Drivers/STM32F4xx_HAL_Driver/Src/stm32f4xx_hal_tim.o
                0x0800cd4c                TIM_OC2_SetConfig
 .text.TIM_OC3_SetConfig
                0x0800ce24       0xd4 ./Drivers/STM32F4xx_HAL_Driver/Src/stm32f4xx_hal_tim.o
 .text.TIM_OC4_SetConfig
                0x0800cef8       0xa0 ./Drivers/STM32F4xx_HAL_Driver/Src/stm32f4xx_hal_tim.o
 .text.TIM_TI1_SetConfig
                0x0800cf98       0xd0 ./Drivers/STM32F4xx_HAL_Driver/Src/stm32f4xx_hal_tim.o
                0x0800cf98                TIM_TI1_SetConfig
 .text.TIM_TI1_ConfigInputStage
                0x0800d068       0x5e ./Drivers/STM32F4xx_HAL_Driver/Src/stm32f4xx_hal_tim.o
 .text.TIM_TI2_SetConfig
                0x0800d0c6       0x7a ./Drivers/STM32F4xx_HAL_Driver/Src/stm32f4xx_hal_tim.o
 .text.TIM_TI2_ConfigInputStage
                0x0800d140       0x60 ./Drivers/STM32F4xx_HAL_Driver/Src/stm32f4xx_hal_tim.o
 .text.TIM_TI3_SetConfig
                0x0800d1a0       0x78 ./Drivers/STM32F4xx_HAL_Driver/Src/stm32f4xx_hal_tim.o
 .text.TIM_TI4_SetConfig
                0x0800d218       0x7a ./Drivers/STM32F4xx_HAL_Driver/Src/stm32f4xx_hal_tim.o
 .text.TIM_ITRx_SetConfig
                0x0800d292       0x36 ./Drivers/STM32F4xx_HAL_Driver/Src/stm32f4xx_hal_tim.o
 .text.TIM_ETR_SetConfig
                0x0800d2c8       0x40 ./Drivers/STM32F4xx_HAL_Driver/Src/stm32f4xx_hal_tim.o
                0x0800d2c8                TIM_ETR_SetConfig
 .text.TIM_CCxChannelCmd
                0x0800d308       0x4a ./Drivers/STM32F4xx_HAL_Driver/Src/stm32f4xx_hal_tim.o
                0x0800d308                TIM_CCxChannelCmd
 *fill*         0x0800d352        0x2 
 .text.HAL_TIMEx_MasterConfigSynchronization
                0x0800d354       0xdc ./Drivers/STM32F4xx_HAL_Driver/Src/stm32f4xx_hal_tim_ex.o
                0x0800d354                HAL_TIMEx_MasterConfigSynchronization
 .text.HAL_TIMEx_CommutCallback
                0x0800d430       0x14 ./Drivers/STM32F4xx_HAL_Driver/Src/stm32f4xx_hal_tim_ex.o
                0x0800d430                HAL_TIMEx_CommutCallback
 .text.HAL_TIMEx_BreakCallback
                0x0800d444       0x14 ./Drivers/STM32F4xx_HAL_Driver/Src/stm32f4xx_hal_tim_ex.o
                0x0800d444                HAL_TIMEx_BreakCallback
 .text.HAL_UART_Init
                0x0800d458       0x9a ./Drivers/STM32F4xx_HAL_Driver/Src/stm32f4xx_hal_uart.o
                0x0800d458                HAL_UART_Init
 .text.HAL_UART_Transmit
                0x0800d4f2      0x124 ./Drivers/STM32F4xx_HAL_Driver/Src/stm32f4xx_hal_uart.o
                0x0800d4f2                HAL_UART_Transmit
 *fill*         0x0800d616        0x2 
 .text.HAL_UART_IRQHandler
                0x0800d618      0x358 ./Drivers/STM32F4xx_HAL_Driver/Src/stm32f4xx_hal_uart.o
                0x0800d618                HAL_UART_IRQHandler
 .text.HAL_UART_TxCpltCallback
                0x0800d970       0x14 ./Drivers/STM32F4xx_HAL_Driver/Src/stm32f4xx_hal_uart.o
                0x0800d970                HAL_UART_TxCpltCallback
 .text.HAL_UART_RxCpltCallback
                0x0800d984       0x14 ./Drivers/STM32F4xx_HAL_Driver/Src/stm32f4xx_hal_uart.o
                0x0800d984                HAL_UART_RxCpltCallback
 .text.HAL_UART_ErrorCallback
                0x0800d998       0x14 ./Drivers/STM32F4xx_HAL_Driver/Src/stm32f4xx_hal_uart.o
                0x0800d998                HAL_UART_ErrorCallback
 .text.HAL_UARTEx_RxEventCallback
                0x0800d9ac       0x18 ./Drivers/STM32F4xx_HAL_Driver/Src/stm32f4xx_hal_uart.o
                0x0800d9ac                HAL_UARTEx_RxEventCallback
 .text.UART_WaitOnFlagUntilTimeout
                0x0800d9c4       0x94 ./Drivers/STM32F4xx_HAL_Driver/Src/stm32f4xx_hal_uart.o
 .text.UART_EndRxTransfer
                0x0800da58       0x5a ./Drivers/STM32F4xx_HAL_Driver/Src/stm32f4xx_hal_uart.o
 .text.UART_DMAAbortOnError
                0x0800dab2       0x28 ./Drivers/STM32F4xx_HAL_Driver/Src/stm32f4xx_hal_uart.o
 .text.UART_Transmit_IT
                0x0800dada       0xa0 ./Drivers/STM32F4xx_HAL_Driver/Src/stm32f4xx_hal_uart.o
 .text.UART_EndTransmit_IT
                0x0800db7a       0x30 ./Drivers/STM32F4xx_HAL_Driver/Src/stm32f4xx_hal_uart.o
 .text.UART_Receive_IT
                0x0800dbaa      0x12e ./Drivers/STM32F4xx_HAL_Driver/Src/stm32f4xx_hal_uart.o
 .text.UART_SetConfig
                0x0800dcd8      0x4e8 ./Drivers/STM32F4xx_HAL_Driver/Src/stm32f4xx_hal_uart.o
 .text.aci_gap_init_IDB05A1
                0x0800e1c0       0xa0 ./Middlewares/HCI/Controller/bluenrg_gap_aci.o
                0x0800e1c0                aci_gap_init_IDB05A1
 .text.aci_gap_set_discoverable
                0x0800e260      0x1ec ./Middlewares/HCI/Controller/bluenrg_gap_aci.o
                0x0800e260                aci_gap_set_discoverable
 .text.aci_gap_set_auth_requirement
                0x0800e44c       0xa2 ./Middlewares/HCI/Controller/bluenrg_gap_aci.o
                0x0800e44c                aci_gap_set_auth_requirement
 .text.aci_gap_update_adv_data
                0x0800e4ee       0xa2 ./Middlewares/HCI/Controller/bluenrg_gap_aci.o
                0x0800e4ee                aci_gap_update_adv_data
 .text.aci_gatt_init
                0x0800e590       0x46 ./Middlewares/HCI/Controller/bluenrg_gatt_aci.o
                0x0800e590                aci_gatt_init
 .text.aci_gatt_add_serv
                0x0800e5d6      0x112 ./Middlewares/HCI/Controller/bluenrg_gatt_aci.o
                0x0800e5d6                aci_gatt_add_serv
 .text.aci_gatt_add_char
                0x0800e6e8      0x19c ./Middlewares/HCI/Controller/bluenrg_gatt_aci.o
                0x0800e6e8                aci_gatt_add_char
 .text.aci_gatt_update_char_value
                0x0800e884      0x12c ./Middlewares/HCI/Controller/bluenrg_gatt_aci.o
                0x0800e884                aci_gatt_update_char_value
 .text.aci_gatt_allow_read
                0x0800e9b0       0x5a ./Middlewares/HCI/Controller/bluenrg_gatt_aci.o
                0x0800e9b0                aci_gatt_allow_read
 .text.aci_hal_set_tx_power_level
                0x0800ea0a       0x62 ./Middlewares/HCI/Controller/bluenrg_hal_aci.o
                0x0800ea0a                aci_hal_set_tx_power_level
 .text.aci_l2cap_connection_parameter_update_request
                0x0800ea6c       0x84 ./Middlewares/HCI/Controller/bluenrg_l2cap_aci.o
                0x0800ea6c                aci_l2cap_connection_parameter_update_request
 .text.getBlueNRGVersion
                0x0800eaf0       0x9c ./Middlewares/HCI/Controller/bluenrg_utils.o
                0x0800eaf0                getBlueNRGVersion
 .text.HCI_Init
                0x0800eb8c       0x50 ./Middlewares/HCI/hci.o
                0x0800eb8c                HCI_Init
 .text.HCI_verify
                0x0800ebdc       0x40 ./Middlewares/HCI/hci.o
                0x0800ebdc                HCI_verify
 .text.HCI_Process
                0x0800ec1c       0x68 ./Middlewares/HCI/hci.o
                0x0800ec1c                HCI_Process
 .text.HCI_Queue_Empty
                0x0800ec84       0x14 ./Middlewares/HCI/hci.o
                0x0800ec84                HCI_Queue_Empty
 .text.HCI_Isr  0x0800ec98       0xa0 ./Middlewares/HCI/hci.o
                0x0800ec98                HCI_Isr
 .text.hci_write
                0x0800ed38       0x2a ./Middlewares/HCI/hci.o
                0x0800ed38                hci_write
 .text.hci_send_cmd
                0x0800ed62       0x5c ./Middlewares/HCI/hci.o
                0x0800ed62                hci_send_cmd
 .text.move_list
                0x0800edbe       0x38 ./Middlewares/HCI/hci.o
 *fill*         0x0800edf6        0x2 
 .text.free_event_list
                0x0800edf8       0x44 ./Middlewares/HCI/hci.o
 .text.hci_send_req
                0x0800ee3c      0x25c ./Middlewares/HCI/hci.o
                0x0800ee3c                hci_send_req
 .text.hci_le_read_local_version
                0x0800f098       0x94 ./Middlewares/HCI/hci.o
                0x0800f098                hci_le_read_local_version
 .text.hci_le_set_scan_resp_data
                0x0800f12c       0x82 ./Middlewares/HCI/hci.o
                0x0800f12c                hci_le_set_scan_resp_data
 .text.hci_le_set_random_address
                0x0800f1ae       0x6e ./Middlewares/HCI/hci.o
                0x0800f1ae                hci_le_set_random_address
 .text.hci_read_rssi
                0x0800f21c       0x84 ./Middlewares/HCI/hci.o
                0x0800f21c                hci_read_rssi
 .text.list_init_head
                0x0800f2a0       0x20 ./Middlewares/Utils/ble_list.o
                0x0800f2a0                list_init_head
 .text.list_is_empty
                0x0800f2c0       0x44 ./Middlewares/Utils/ble_list.o
                0x0800f2c0                list_is_empty
 .text.list_insert_head
                0x0800f304       0x4c ./Middlewares/Utils/ble_list.o
                0x0800f304                list_insert_head
 .text.list_insert_tail
                0x0800f350       0x4c ./Middlewares/Utils/ble_list.o
                0x0800f350                list_insert_tail
 .text.list_remove_node
                0x0800f39c       0x42 ./Middlewares/Utils/ble_list.o
                0x0800f39c                list_remove_node
 .text.list_remove_head
                0x0800f3de       0x4e ./Middlewares/Utils/ble_list.o
                0x0800f3de                list_remove_head
 .text.list_remove_tail
                0x0800f42c       0x4e ./Middlewares/Utils/ble_list.o
                0x0800f42c                list_remove_tail
 .text.list_get_size
                0x0800f47a       0x50 ./Middlewares/Utils/ble_list.o
                0x0800f47a                list_get_size
 .text.Timer_Set
                0x0800f4ca       0x22 ./Middlewares/Utils/gp_timer.o
                0x0800f4ca                Timer_Set
 .text.Timer_Expired
                0x0800f4ec       0x30 ./Middlewares/Utils/gp_timer.o
                0x0800f4ec                Timer_Expired
 .text.Osal_MemCpy
                0x0800f51c       0x20 ./Middlewares/Utils/osal.o
                0x0800f51c                Osal_MemCpy
 .text.Osal_MemSet
                0x0800f53c       0x20 ./Middlewares/Utils/osal.o
                0x0800f53c                Osal_MemSet
 .text.CUSTOM_ENV_SENSOR_Init
                0x0800f55c      0x110 ./X-CUBE-MEMS1/Target/custom_env_sensors.o
                0x0800f55c                CUSTOM_ENV_SENSOR_Init
 .text.CUSTOM_ENV_SENSOR_Enable
                0x0800f66c       0x84 ./X-CUBE-MEMS1/Target/custom_env_sensors.o
                0x0800f66c                CUSTOM_ENV_SENSOR_Enable
 .text.CUSTOM_ENV_SENSOR_GetValue
                0x0800f6f0       0x88 ./X-CUBE-MEMS1/Target/custom_env_sensors.o
                0x0800f6f0                CUSTOM_ENV_SENSOR_GetValue
 .text.LPS22HH_0_Probe
                0x0800f778      0x174 ./X-CUBE-MEMS1/Target/custom_env_sensors.o
 .text.CUSTOM_LPS22HH_0_Init
                0x0800f8ec       0x24 ./X-CUBE-MEMS1/Target/custom_env_sensors.o
 .text.CUSTOM_LPS22HH_0_DeInit
                0x0800f910       0x24 ./X-CUBE-MEMS1/Target/custom_env_sensors.o
 .text.CUSTOM_LPS22HH_0_WriteReg
                0x0800f934       0x74 ./X-CUBE-MEMS1/Target/custom_env_sensors.o
 .text.CUSTOM_LPS22HH_0_ReadReg
                0x0800f9a8       0x80 ./X-CUBE-MEMS1/Target/custom_env_sensors.o
 .text.CUSTOM_MOTION_SENSOR_Init
                0x0800fa28      0x110 ./X-CUBE-MEMS1/Target/custom_motion_sensors.o
                0x0800fa28                CUSTOM_MOTION_SENSOR_Init
 .text.CUSTOM_MOTION_SENSOR_Enable
                0x0800fb38       0x84 ./X-CUBE-MEMS1/Target/custom_motion_sensors.o
                0x0800fb38                CUSTOM_MOTION_SENSOR_Enable
 .text.CUSTOM_MOTION_SENSOR_GetAxesRaw
                0x0800fbbc       0x88 ./X-CUBE-MEMS1/Target/custom_motion_sensors.o
                0x0800fbbc                CUSTOM_MOTION_SENSOR_GetAxesRaw
 .text.CUSTOM_MOTION_SENSOR_SetOutputDataRate
                0x0800fc44       0x8c ./X-CUBE-MEMS1/Target/custom_motion_sensors.o
                0x0800fc44                CUSTOM_MOTION_SENSOR_SetOutputDataRate
 .text.CUSTOM_MOTION_SENSOR_SetFullScale
                0x0800fcd0       0x88 ./X-CUBE-MEMS1/Target/custom_motion_sensors.o
                0x0800fcd0                CUSTOM_MOTION_SENSOR_SetFullScale
 .text.LSM6DSR_0_Probe
                0x0800fd58      0x178 ./X-CUBE-MEMS1/Target/custom_motion_sensors.o
 .text.CUSTOM_LSM6DSR_0_Init
                0x0800fed0       0x24 ./X-CUBE-MEMS1/Target/custom_motion_sensors.o
 .text.CUSTOM_LSM6DSR_0_DeInit
                0x0800fef4       0x24 ./X-CUBE-MEMS1/Target/custom_motion_sensors.o
 .text.CUSTOM_LSM6DSR_0_WriteReg
                0x0800ff18       0x74 ./X-CUBE-MEMS1/Target/custom_motion_sensors.o
 .text.CUSTOM_LSM6DSR_0_ReadReg
                0x0800ff8c       0x80 ./X-CUBE-MEMS1/Target/custom_motion_sensors.o
 .text.CUSTOM_MOTION_SENSOR_Read_Register
                0x0801000c       0x50 ./X-CUBE-MEMS1/Target/custom_motion_sensors_ex.o
                0x0801000c                CUSTOM_MOTION_SENSOR_Read_Register
 .text.CUSTOM_MOTION_SENSOR_Write_Register
                0x0801005c       0x54 ./X-CUBE-MEMS1/Target/custom_motion_sensors_ex.o
                0x0801005c                CUSTOM_MOTION_SENSOR_Write_Register
 .text.sprintf  0x080100b0       0x40 C:/ST/STM32CubeIDE_1.14.0/STM32CubeIDE/plugins/com.st.stm32cube.ide.mcu.externaltools.gnu-tools-for-stm32.12.3.rel1.win32_1.1.0.202410251130/tools/bin/../lib/gcc/arm-none-eabi/12.3.1/../../../../arm-none-eabi/lib/thumb/v7e-m+fp/hard\libc_nano.a(libc_a-sprintf.o)
                0x080100b0                siprintf
                0x080100b0                sprintf
 .text._vsnprintf_r
                0x080100f0       0x56 C:/ST/STM32CubeIDE_1.14.0/STM32CubeIDE/plugins/com.st.stm32cube.ide.mcu.externaltools.gnu-tools-for-stm32.12.3.rel1.win32_1.1.0.202410251130/tools/bin/../lib/gcc/arm-none-eabi/12.3.1/../../../../arm-none-eabi/lib/thumb/v7e-m+fp/hard\libc_nano.a(libc_a-vsnprintf.o)
                0x080100f0                _vsniprintf_r
                0x080100f0                _vsnprintf_r
 *fill*         0x08010146        0x2 
 .text.vsnprintf
                0x08010148       0x1c C:/ST/STM32CubeIDE_1.14.0/STM32CubeIDE/plugins/com.st.stm32cube.ide.mcu.externaltools.gnu-tools-for-stm32.12.3.rel1.win32_1.1.0.202410251130/tools/bin/../lib/gcc/arm-none-eabi/12.3.1/../../../../arm-none-eabi/lib/thumb/v7e-m+fp/hard\libc_nano.a(libc_a-vsnprintf.o)
                0x08010148                vsniprintf
                0x08010148                vsnprintf
 .text.memset   0x08010164       0x10 C:/ST/STM32CubeIDE_1.14.0/STM32CubeIDE/plugins/com.st.stm32cube.ide.mcu.externaltools.gnu-tools-for-stm32.12.3.rel1.win32_1.1.0.202410251130/tools/bin/../lib/gcc/arm-none-eabi/12.3.1/../../../../arm-none-eabi/lib/thumb/v7e-m+fp/hard\libc_nano.a(libc_a-memset.o)
                0x08010164                memset
 .text.strncmp  0x08010174       0x24 C:/ST/STM32CubeIDE_1.14.0/STM32CubeIDE/plugins/com.st.stm32cube.ide.mcu.externaltools.gnu-tools-for-stm32.12.3.rel1.win32_1.1.0.202410251130/tools/bin/../lib/gcc/arm-none-eabi/12.3.1/../../../../arm-none-eabi/lib/thumb/v7e-m+fp/hard\libc_nano.a(libc_a-strncmp.o)
                0x08010174                strncmp
 .text.__errno  0x08010198        0xc C:/ST/STM32CubeIDE_1.14.0/STM32CubeIDE/plugins/com.st.stm32cube.ide.mcu.externaltools.gnu-tools-for-stm32.12.3.rel1.win32_1.1.0.202410251130/tools/bin/../lib/gcc/arm-none-eabi/12.3.1/../../../../arm-none-eabi/lib/thumb/v7e-m+fp/hard\libc_nano.a(libc_a-errno.o)
                0x08010198                __errno
 .text.__libc_init_array
                0x080101a4       0x48 C:/ST/STM32CubeIDE_1.14.0/STM32CubeIDE/plugins/com.st.stm32cube.ide.mcu.externaltools.gnu-tools-for-stm32.12.3.rel1.win32_1.1.0.202410251130/tools/bin/../lib/gcc/arm-none-eabi/12.3.1/../../../../arm-none-eabi/lib/thumb/v7e-m+fp/hard\libc_nano.a(libc_a-init.o)
                0x080101a4                __libc_init_array
 .text.__retarget_lock_acquire_recursive
                0x080101ec        0x2 C:/ST/STM32CubeIDE_1.14.0/STM32CubeIDE/plugins/com.st.stm32cube.ide.mcu.externaltools.gnu-tools-for-stm32.12.3.rel1.win32_1.1.0.202410251130/tools/bin/../lib/gcc/arm-none-eabi/12.3.1/../../../../arm-none-eabi/lib/thumb/v7e-m+fp/hard\libc_nano.a(libc_a-lock.o)
                0x080101ec                __retarget_lock_acquire_recursive
 .text.__retarget_lock_release_recursive
                0x080101ee        0x2 C:/ST/STM32CubeIDE_1.14.0/STM32CubeIDE/plugins/com.st.stm32cube.ide.mcu.externaltools.gnu-tools-for-stm32.12.3.rel1.win32_1.1.0.202410251130/tools/bin/../lib/gcc/arm-none-eabi/12.3.1/../../../../arm-none-eabi/lib/thumb/v7e-m+fp/hard\libc_nano.a(libc_a-lock.o)
                0x080101ee                __retarget_lock_release_recursive
 .text.memcpy   0x080101f0       0x1c C:/ST/STM32CubeIDE_1.14.0/STM32CubeIDE/plugins/com.st.stm32cube.ide.mcu.externaltools.gnu-tools-for-stm32.12.3.rel1.win32_1.1.0.202410251130/tools/bin/../lib/gcc/arm-none-eabi/12.3.1/../../../../arm-none-eabi/lib/thumb/v7e-m+fp/hard\libc_nano.a(libc_a-memcpy-stub.o)
                0x080101f0                memcpy
 .text._free_r  0x0801020c       0x94 C:/ST/STM32CubeIDE_1.14.0/STM32CubeIDE/plugins/com.st.stm32cube.ide.mcu.externaltools.gnu-tools-for-stm32.12.3.rel1.win32_1.1.0.202410251130/tools/bin/../lib/gcc/arm-none-eabi/12.3.1/../../../../arm-none-eabi/lib/thumb/v7e-m+fp/hard\libc_nano.a(libc_a-freer.o)
                0x0801020c                _free_r
 .text.sbrk_aligned
                0x080102a0       0x44 C:/ST/STM32CubeIDE_1.14.0/STM32CubeIDE/plugins/com.st.stm32cube.ide.mcu.externaltools.gnu-tools-for-stm32.12.3.rel1.win32_1.1.0.202410251130/tools/bin/../lib/gcc/arm-none-eabi/12.3.1/../../../../arm-none-eabi/lib/thumb/v7e-m+fp/hard\libc_nano.a(libc_a-mallocr.o)
 .text._malloc_r
                0x080102e4      0x100 C:/ST/STM32CubeIDE_1.14.0/STM32CubeIDE/plugins/com.st.stm32cube.ide.mcu.externaltools.gnu-tools-for-stm32.12.3.rel1.win32_1.1.0.202410251130/tools/bin/../lib/gcc/arm-none-eabi/12.3.1/../../../../arm-none-eabi/lib/thumb/v7e-m+fp/hard\libc_nano.a(libc_a-mallocr.o)
                0x080102e4                _malloc_r
 .text.__malloc_lock
                0x080103e4        0xc C:/ST/STM32CubeIDE_1.14.0/STM32CubeIDE/plugins/com.st.stm32cube.ide.mcu.externaltools.gnu-tools-for-stm32.12.3.rel1.win32_1.1.0.202410251130/tools/bin/../lib/gcc/arm-none-eabi/12.3.1/../../../../arm-none-eabi/lib/thumb/v7e-m+fp/hard\libc_nano.a(libc_a-mlock.o)
                0x080103e4                __malloc_lock
 .text.__malloc_unlock
                0x080103f0        0xc C:/ST/STM32CubeIDE_1.14.0/STM32CubeIDE/plugins/com.st.stm32cube.ide.mcu.externaltools.gnu-tools-for-stm32.12.3.rel1.win32_1.1.0.202410251130/tools/bin/../lib/gcc/arm-none-eabi/12.3.1/../../../../arm-none-eabi/lib/thumb/v7e-m+fp/hard\libc_nano.a(libc_a-mlock.o)
                0x080103f0                __malloc_unlock
 .text.__ssputs_r
                0x080103fc       0xb6 C:/ST/STM32CubeIDE_1.14.0/STM32CubeIDE/plugins/com.st.stm32cube.ide.mcu.externaltools.gnu-tools-for-stm32.12.3.rel1.win32_1.1.0.202410251130/tools/bin/../lib/gcc/arm-none-eabi/12.3.1/../../../../arm-none-eabi/lib/thumb/v7e-m+fp/hard\libc_nano.a(libc_a-nano-svfprintf.o)
                0x080103fc                __ssputs_r
 *fill*         0x080104b2        0x2 
 .text._svfprintf_r
                0x080104b4      0x1f8 C:/ST/STM32CubeIDE_1.14.0/STM32CubeIDE/plugins/com.st.stm32cube.ide.mcu.externaltools.gnu-tools-for-stm32.12.3.rel1.win32_1.1.0.202410251130/tools/bin/../lib/gcc/arm-none-eabi/12.3.1/../../../../arm-none-eabi/lib/thumb/v7e-m+fp/hard\libc_nano.a(libc_a-nano-svfprintf.o)
                0x080104b4                _svfiprintf_r
                0x080104b4                _svfprintf_r
 .text._printf_common
                0x080106ac       0xda C:/ST/STM32CubeIDE_1.14.0/STM32CubeIDE/plugins/com.st.stm32cube.ide.mcu.externaltools.gnu-tools-for-stm32.12.3.rel1.win32_1.1.0.202410251130/tools/bin/../lib/gcc/arm-none-eabi/12.3.1/../../../../arm-none-eabi/lib/thumb/v7e-m+fp/hard\libc_nano.a(libc_a-nano-vfprintf_i.o)
                0x080106ac                _printf_common
 *fill*         0x08010786        0x2 
 .text._printf_i
                0x08010788      0x240 C:/ST/STM32CubeIDE_1.14.0/STM32CubeIDE/plugins/com.st.stm32cube.ide.mcu.externaltools.gnu-tools-for-stm32.12.3.rel1.win32_1.1.0.202410251130/tools/bin/../lib/gcc/arm-none-eabi/12.3.1/../../../../arm-none-eabi/lib/thumb/v7e-m+fp/hard\libc_nano.a(libc_a-nano-vfprintf_i.o)
                0x08010788                _printf_i
 .text.memmove  0x080109c8       0x34 C:/ST/STM32CubeIDE_1.14.0/STM32CubeIDE/plugins/com.st.stm32cube.ide.mcu.externaltools.gnu-tools-for-stm32.12.3.rel1.win32_1.1.0.202410251130/tools/bin/../lib/gcc/arm-none-eabi/12.3.1/../../../../arm-none-eabi/lib/thumb/v7e-m+fp/hard\libc_nano.a(libc_a-memmove.o)
                0x080109c8                memmove
 .text._sbrk_r  0x080109fc       0x20 C:/ST/STM32CubeIDE_1.14.0/STM32CubeIDE/plugins/com.st.stm32cube.ide.mcu.externaltools.gnu-tools-for-stm32.12.3.rel1.win32_1.1.0.202410251130/tools/bin/../lib/gcc/arm-none-eabi/12.3.1/../../../../arm-none-eabi/lib/thumb/v7e-m+fp/hard\libc_nano.a(libc_a-sbrkr.o)
                0x080109fc                _sbrk_r
 .text._realloc_r
                0x08010a1c       0x5c C:/ST/STM32CubeIDE_1.14.0/STM32CubeIDE/plugins/com.st.stm32cube.ide.mcu.externaltools.gnu-tools-for-stm32.12.3.rel1.win32_1.1.0.202410251130/tools/bin/../lib/gcc/arm-none-eabi/12.3.1/../../../../arm-none-eabi/lib/thumb/v7e-m+fp/hard\libc_nano.a(libc_a-reallocr.o)
                0x08010a1c                _realloc_r
 .text._malloc_usable_size_r
                0x08010a78       0x10 C:/ST/STM32CubeIDE_1.14.0/STM32CubeIDE/plugins/com.st.stm32cube.ide.mcu.externaltools.gnu-tools-for-stm32.12.3.rel1.win32_1.1.0.202410251130/tools/bin/../lib/gcc/arm-none-eabi/12.3.1/../../../../arm-none-eabi/lib/thumb/v7e-m+fp/hard\libc_nano.a(libc_a-msizer.o)
                0x08010a78                _malloc_usable_size_r
 .text.asin     0x08010a88       0x68 C:/ST/STM32CubeIDE_1.14.0/STM32CubeIDE/plugins/com.st.stm32cube.ide.mcu.externaltools.gnu-tools-for-stm32.12.3.rel1.win32_1.1.0.202410251130/tools/bin/../lib/gcc/arm-none-eabi/12.3.1/../../../../arm-none-eabi/lib/thumb/v7e-m+fp/hard\libm.a(libm_a-w_asin.o)
                0x08010a88                asin
 .text.atan2    0x08010af0        0x4 C:/ST/STM32CubeIDE_1.14.0/STM32CubeIDE/plugins/com.st.stm32cube.ide.mcu.externaltools.gnu-tools-for-stm32.12.3.rel1.win32_1.1.0.202410251130/tools/bin/../lib/gcc/arm-none-eabi/12.3.1/../../../../arm-none-eabi/lib/thumb/v7e-m+fp/hard\libm.a(libm_a-w_atan2.o)
                0x08010af0                atan2
 .text.fabs     0x08010af4       0x10 C:/ST/STM32CubeIDE_1.14.0/STM32CubeIDE/plugins/com.st.stm32cube.ide.mcu.externaltools.gnu-tools-for-stm32.12.3.rel1.win32_1.1.0.202410251130/tools/bin/../lib/gcc/arm-none-eabi/12.3.1/../../../../arm-none-eabi/lib/thumb/v7e-m+fp/hard\libm.a(libm_a-s_fabs.o)
                0x08010af4                fabs
 *fill*         0x08010b04        0x4 
 .text.nan      0x08010b08       0x10 C:/ST/STM32CubeIDE_1.14.0/STM32CubeIDE/plugins/com.st.stm32cube.ide.mcu.externaltools.gnu-tools-for-stm32.12.3.rel1.win32_1.1.0.202410251130/tools/bin/../lib/gcc/arm-none-eabi/12.3.1/../../../../arm-none-eabi/lib/thumb/v7e-m+fp/hard\libm.a(libm_a-s_nan.o)
                0x08010b08                nan
 .text.__ieee754_asin
                0x08010b18      0x408 C:/ST/STM32CubeIDE_1.14.0/STM32CubeIDE/plugins/com.st.stm32cube.ide.mcu.externaltools.gnu-tools-for-stm32.12.3.rel1.win32_1.1.0.202410251130/tools/bin/../lib/gcc/arm-none-eabi/12.3.1/../../../../arm-none-eabi/lib/thumb/v7e-m+fp/hard\libm.a(libm_a-e_asin.o)
                0x08010b18                __ieee754_asin
 .text.__ieee754_atan2
                0x08010f20      0x18c C:/ST/STM32CubeIDE_1.14.0/STM32CubeIDE/plugins/com.st.stm32cube.ide.mcu.externaltools.gnu-tools-for-stm32.12.3.rel1.win32_1.1.0.202410251130/tools/bin/../lib/gcc/arm-none-eabi/12.3.1/../../../../arm-none-eabi/lib/thumb/v7e-m+fp/hard\libm.a(libm_a-e_atan2.o)
                0x08010f20                __ieee754_atan2
 *fill*         0x080110ac        0x4 
 .text.atan     0x080110b0      0x330 C:/ST/STM32CubeIDE_1.14.0/STM32CubeIDE/plugins/com.st.stm32cube.ide.mcu.externaltools.gnu-tools-for-stm32.12.3.rel1.win32_1.1.0.202410251130/tools/bin/../lib/gcc/arm-none-eabi/12.3.1/../../../../arm-none-eabi/lib/thumb/v7e-m+fp/hard\libm.a(libm_a-s_atan.o)
                0x080110b0                atan
 .text.__ieee754_sqrt
                0x080113e0      0x1b4 C:/ST/STM32CubeIDE_1.14.0/STM32CubeIDE/plugins/com.st.stm32cube.ide.mcu.externaltools.gnu-tools-for-stm32.12.3.rel1.win32_1.1.0.202410251130/tools/bin/../lib/gcc/arm-none-eabi/12.3.1/../../../../arm-none-eabi/lib/thumb/v7e-m+fp/hard\libm.a(libm_a-e_sqrt.o)
                0x080113e0                __ieee754_sqrt
 *(.glue_7)
 .glue_7        0x08011594        0x0 linker stubs
 *(.glue_7t)
 .glue_7t       0x08011594        0x0 linker stubs
 *(.eh_frame)
 .eh_frame      0x08011594        0x0 C:/ST/STM32CubeIDE_1.14.0/STM32CubeIDE/plugins/com.st.stm32cube.ide.mcu.externaltools.gnu-tools-for-stm32.12.3.rel1.win32_1.1.0.202410251130/tools/bin/../lib/gcc/arm-none-eabi/12.3.1/thumb/v7e-m+fp/hard/crtbegin.o
 *(.init)
 .init          0x08011594        0x4 C:/ST/STM32CubeIDE_1.14.0/STM32CubeIDE/plugins/com.st.stm32cube.ide.mcu.externaltools.gnu-tools-for-stm32.12.3.rel1.win32_1.1.0.202410251130/tools/bin/../lib/gcc/arm-none-eabi/12.3.1/thumb/v7e-m+fp/hard/crti.o
                0x08011594                _init
 .init          0x08011598        0x8 C:/ST/STM32CubeIDE_1.14.0/STM32CubeIDE/plugins/com.st.stm32cube.ide.mcu.externaltools.gnu-tools-for-stm32.12.3.rel1.win32_1.1.0.202410251130/tools/bin/../lib/gcc/arm-none-eabi/12.3.1/thumb/v7e-m+fp/hard/crtn.o
 *(.fini)
 .fini          0x080115a0        0x4 C:/ST/STM32CubeIDE_1.14.0/STM32CubeIDE/plugins/com.st.stm32cube.ide.mcu.externaltools.gnu-tools-for-stm32.12.3.rel1.win32_1.1.0.202410251130/tools/bin/../lib/gcc/arm-none-eabi/12.3.1/thumb/v7e-m+fp/hard/crti.o
                0x080115a0                _fini
 .fini          0x080115a4        0x8 C:/ST/STM32CubeIDE_1.14.0/STM32CubeIDE/plugins/com.st.stm32cube.ide.mcu.externaltools.gnu-tools-for-stm32.12.3.rel1.win32_1.1.0.202410251130/tools/bin/../lib/gcc/arm-none-eabi/12.3.1/thumb/v7e-m+fp/hard/crtn.o
                0x080115ac                        . = ALIGN (0x4)
                0x080115ac                        _etext = .

.vfp11_veneer   0x080115ac        0x0
 .vfp11_veneer  0x080115ac        0x0 linker stubs

.v4_bx          0x080115ac        0x0
 .v4_bx         0x080115ac        0x0 linker stubs

.iplt           0x080115ac        0x0
 .iplt          0x080115ac        0x0 C:/ST/STM32CubeIDE_1.14.0/STM32CubeIDE/plugins/com.st.stm32cube.ide.mcu.externaltools.gnu-tools-for-stm32.12.3.rel1.win32_1.1.0.202410251130/tools/bin/../lib/gcc/arm-none-eabi/12.3.1/thumb/v7e-m+fp/hard/crtbegin.o

.rodata         0x080115b0      0x718
                0x080115b0                        . = ALIGN (0x4)
 *(.rodata)
 .rodata        0x080115b0      0x31f ./Core/Src/main.o
 *fill*         0x080118cf        0x1 
 .rodata        0x080118d0      0x319 ./Core/Src/sensor_service.o
 *fill*         0x08011be9        0x3 
 .rodata        0x08011bec       0x15 ./Drivers/BSP/Components/BLE/SPBTLE_RF.o
 *(.rodata*)
 *fill*         0x08011c01        0x3 
 .rodata.GPIO_PIN
                0x08011c04        0x8 ./Core/Src/main.o
                0x08011c04                GPIO_PIN
 .rodata.AHBPrescTable
                0x08011c0c       0x10 ./Core/Src/system_stm32f4xx.o
                0x08011c0c                AHBPrescTable
 .rodata.APBPrescTable
                0x08011c1c        0x8 ./Core/Src/system_stm32f4xx.o
                0x08011c1c                APBPrescTable
 .rodata._svfprintf_r.str1.1
                0x08011c24       0x11 C:/ST/STM32CubeIDE_1.14.0/STM32CubeIDE/plugins/com.st.stm32cube.ide.mcu.externaltools.gnu-tools-for-stm32.12.3.rel1.win32_1.1.0.202410251130/tools/bin/../lib/gcc/arm-none-eabi/12.3.1/../../../../arm-none-eabi/lib/thumb/v7e-m+fp/hard\libc_nano.a(libc_a-nano-svfprintf.o)
 .rodata._printf_i.str1.1
                0x08011c35       0x22 C:/ST/STM32CubeIDE_1.14.0/STM32CubeIDE/plugins/com.st.stm32cube.ide.mcu.externaltools.gnu-tools-for-stm32.12.3.rel1.win32_1.1.0.202410251130/tools/bin/../lib/gcc/arm-none-eabi/12.3.1/../../../../arm-none-eabi/lib/thumb/v7e-m+fp/hard\libc_nano.a(libc_a-nano-vfprintf_i.o)
 .rodata.asin.str1.1
                0x08011c57       0x22 C:/ST/STM32CubeIDE_1.14.0/STM32CubeIDE/plugins/com.st.stm32cube.ide.mcu.externaltools.gnu-tools-for-stm32.12.3.rel1.win32_1.1.0.202410251130/tools/bin/../lib/gcc/arm-none-eabi/12.3.1/../../../../arm-none-eabi/lib/thumb/v7e-m+fp/hard\libm.a(libm_a-w_asin.o)
                                  0x1 (size before relaxing)
 *fill*         0x08011c57        0x1 
 .rodata.CSWTCH.9
                0x08011c58       0x18 C:/ST/STM32CubeIDE_1.14.0/STM32CubeIDE/plugins/com.st.stm32cube.ide.mcu.externaltools.gnu-tools-for-stm32.12.3.rel1.win32_1.1.0.202410251130/tools/bin/../lib/gcc/arm-none-eabi/12.3.1/../../../../arm-none-eabi/lib/thumb/v7e-m+fp/hard\libm.a(libm_a-e_atan2.o)
 .rodata.CSWTCH.8
                0x08011c70       0x18 C:/ST/STM32CubeIDE_1.14.0/STM32CubeIDE/plugins/com.st.stm32cube.ide.mcu.externaltools.gnu-tools-for-stm32.12.3.rel1.win32_1.1.0.202410251130/tools/bin/../lib/gcc/arm-none-eabi/12.3.1/../../../../arm-none-eabi/lib/thumb/v7e-m+fp/hard\libm.a(libm_a-e_atan2.o)
 .rodata.atanlo
                0x08011c88       0x20 C:/ST/STM32CubeIDE_1.14.0/STM32CubeIDE/plugins/com.st.stm32cube.ide.mcu.externaltools.gnu-tools-for-stm32.12.3.rel1.win32_1.1.0.202410251130/tools/bin/../lib/gcc/arm-none-eabi/12.3.1/../../../../arm-none-eabi/lib/thumb/v7e-m+fp/hard\libm.a(libm_a-s_atan.o)
 .rodata.atanhi
                0x08011ca8       0x20 C:/ST/STM32CubeIDE_1.14.0/STM32CubeIDE/plugins/com.st.stm32cube.ide.mcu.externaltools.gnu-tools-for-stm32.12.3.rel1.win32_1.1.0.202410251130/tools/bin/../lib/gcc/arm-none-eabi/12.3.1/../../../../arm-none-eabi/lib/thumb/v7e-m+fp/hard\libm.a(libm_a-s_atan.o)
                0x08011cc8                        . = ALIGN (0x4)

.ARM.extab      0x08011cc8        0x0
                0x08011cc8                        . = ALIGN (0x4)
 *(.ARM.extab* .gnu.linkonce.armextab.*)
                0x08011cc8                        . = ALIGN (0x4)

.ARM            0x08011cc8        0x8
                0x08011cc8                        . = ALIGN (0x4)
                0x08011cc8                        __exidx_start = .
 *(.ARM.exidx*)
 .ARM.exidx     0x08011cc8        0x8 C:/ST/STM32CubeIDE_1.14.0/STM32CubeIDE/plugins/com.st.stm32cube.ide.mcu.externaltools.gnu-tools-for-stm32.12.3.rel1.win32_1.1.0.202410251130/tools/bin/../lib/gcc/arm-none-eabi/12.3.1/../../../../arm-none-eabi/lib/thumb/v7e-m+fp/hard\libc_nano.a(libc_a-memchr.o)
 .ARM.exidx     0x08011cd0        0x0 C:/ST/STM32CubeIDE_1.14.0/STM32CubeIDE/plugins/com.st.stm32cube.ide.mcu.externaltools.gnu-tools-for-stm32.12.3.rel1.win32_1.1.0.202410251130/tools/bin/../lib/gcc/arm-none-eabi/12.3.1/thumb/v7e-m+fp/hard\libgcc.a(_udivmoddi4.o)
                                  0x8 (size before relaxing)
                0x08011cd0                        __exidx_end = .
                0x08011cd0                        . = ALIGN (0x4)

.rel.dyn        0x08011cd0        0x0
 .rel.iplt      0x08011cd0        0x0 C:/ST/STM32CubeIDE_1.14.0/STM32CubeIDE/plugins/com.st.stm32cube.ide.mcu.externaltools.gnu-tools-for-stm32.12.3.rel1.win32_1.1.0.202410251130/tools/bin/../lib/gcc/arm-none-eabi/12.3.1/thumb/v7e-m+fp/hard/crtbegin.o

.preinit_array  0x08011cd0        0x0
                0x08011cd0                        . = ALIGN (0x4)
                0x08011cd0                        PROVIDE (__preinit_array_start = .)
 *(.preinit_array*)
                0x08011cd0                        PROVIDE (__preinit_array_end = .)
                0x08011cd0                        . = ALIGN (0x4)

.init_array     0x08011cd0        0x4
                0x08011cd0                        . = ALIGN (0x4)
                0x08011cd0                        PROVIDE (__init_array_start = .)
 *(SORT_BY_NAME(.init_array.*))
 *(.init_array*)
 .init_array    0x08011cd0        0x4 C:/ST/STM32CubeIDE_1.14.0/STM32CubeIDE/plugins/com.st.stm32cube.ide.mcu.externaltools.gnu-tools-for-stm32.12.3.rel1.win32_1.1.0.202410251130/tools/bin/../lib/gcc/arm-none-eabi/12.3.1/thumb/v7e-m+fp/hard/crtbegin.o
                0x08011cd4                        PROVIDE (__init_array_end = .)
                0x08011cd4                        . = ALIGN (0x4)

.fini_array     0x08011cd4        0x4
                0x08011cd4                        . = ALIGN (0x4)
                [!provide]                        PROVIDE (__fini_array_start = .)
 *(SORT_BY_NAME(.fini_array.*))
 *(.fini_array*)
 .fini_array    0x08011cd4        0x4 C:/ST/STM32CubeIDE_1.14.0/STM32CubeIDE/plugins/com.st.stm32cube.ide.mcu.externaltools.gnu-tools-for-stm32.12.3.rel1.win32_1.1.0.202410251130/tools/bin/../lib/gcc/arm-none-eabi/12.3.1/thumb/v7e-m+fp/hard/crtbegin.o
                [!provide]                        PROVIDE (__fini_array_end = .)
                0x08011cd8                        . = ALIGN (0x4)
                0x08011cd8                        _sidata = LOADADDR (.data)

.data           0x20000000      0x150 load address 0x08011cd8
                0x20000000                        . = ALIGN (0x4)
                0x20000000                        _sdata = .
 *(.data)
 *(.data*)
 .data.q0       0x20000000        0x4 ./Core/Src/ahrs.o
                0x20000000                q0
 .data.gyro_fil_coeff
                0x20000004       0x14 ./Core/Src/main.o
                0x20000004                gyro_fil_coeff
 .data.GPIO_PORT
                0x20000018        0x8 ./Core/Src/main.o
                0x20000018                GPIO_PORT
 .data.rc_z_control_flag
                0x20000020        0x4 ./Core/Src/rc.o
                0x20000020                rc_z_control_flag
 .data.set_connectable
                0x20000024        0x1 ./Core/Src/sensor_service.o
                0x20000024                set_connectable
 .data.EnvironmentalCharSize
                0x20000025        0x1 ./Core/Src/sensor_service.o
 *fill*         0x20000026        0x2 
 .data.SystemCoreClock
                0x20000028        0x4 ./Core/Src/system_stm32f4xx.o
                0x20000028                SystemCoreClock
 .data.LPS22HH_COMMON_Driver
                0x2000002c       0x10 ./Drivers/BSP/Components/lps22hh/lps22hh.o
                0x2000002c                LPS22HH_COMMON_Driver
 .data.LPS22HH_PRESS_Driver
                0x2000003c       0x14 ./Drivers/BSP/Components/lps22hh/lps22hh.o
                0x2000003c                LPS22HH_PRESS_Driver
 .data.LPS22HH_TEMP_Driver
                0x20000050       0x14 ./Drivers/BSP/Components/lps22hh/lps22hh.o
                0x20000050                LPS22HH_TEMP_Driver
 .data.LSM6DSR_COMMON_Driver
                0x20000064       0x10 ./Drivers/BSP/Components/lsm6dsr/lsm6dsr.o
                0x20000064                LSM6DSR_COMMON_Driver
 .data.LSM6DSR_ACC_Driver
                0x20000074       0x24 ./Drivers/BSP/Components/lsm6dsr/lsm6dsr.o
                0x20000074                LSM6DSR_ACC_Driver
 .data.LSM6DSR_GYRO_Driver
                0x20000098       0x24 ./Drivers/BSP/Components/lsm6dsr/lsm6dsr.o
                0x20000098                LSM6DSR_GYRO_Driver
 .data.uwTickPrio
                0x200000bc        0x4 ./Drivers/STM32F4xx_HAL_Driver/Src/stm32f4xx_hal.o
                0x200000bc                uwTickPrio
 .data.uwTickFreq
                0x200000c0        0x1 ./Drivers/STM32F4xx_HAL_Driver/Src/stm32f4xx_hal.o
                0x200000c0                uwTickFreq
 *fill*         0x200000c1        0x3 
 .data.FunctionIndex
                0x200000c4       0x14 ./X-CUBE-MEMS1/Target/custom_env_sensors.o
 .data.FunctionIndex
                0x200000d8       0x14 ./X-CUBE-MEMS1/Target/custom_motion_sensors.o
 .data._impure_ptr
                0x200000ec        0x4 C:/ST/STM32CubeIDE_1.14.0/STM32CubeIDE/plugins/com.st.stm32cube.ide.mcu.externaltools.gnu-tools-for-stm32.12.3.rel1.win32_1.1.0.202410251130/tools/bin/../lib/gcc/arm-none-eabi/12.3.1/../../../../arm-none-eabi/lib/thumb/v7e-m+fp/hard\libc_nano.a(libc_a-impure.o)
                0x200000ec                _impure_ptr
 .data._impure_data
                0x200000f0       0x4c C:/ST/STM32CubeIDE_1.14.0/STM32CubeIDE/plugins/com.st.stm32cube.ide.mcu.externaltools.gnu-tools-for-stm32.12.3.rel1.win32_1.1.0.202410251130/tools/bin/../lib/gcc/arm-none-eabi/12.3.1/../../../../arm-none-eabi/lib/thumb/v7e-m+fp/hard\libc_nano.a(libc_a-impure.o)
                0x200000f0                _impure_data
 *fill*         0x2000013c        0x4 